Microchip MPLAB XC8 Compiler V1.12 ()

Linker command line:

-W4 --edf=/Applications/microchip/xc8/v1.12/dat/en_msgs.txt -cs \
  -h+dist/default/production/JSPIC-master.production.sym -z -Q18F2680 \
  -ol.obj -Mdist/default/production/JSPIC-master.production.map -E1 \
  -ver=XC8 -ACODE=00h-0FFFFh -ACONST=00h-0FFFFh \
  -ASMALLCONST=0D00h-0DFFhx243 -AMEDIUMCONST=0D00h-0FFFFh -ACOMRAM=01h-05Fh \
  -AABS1=00h-0CFFh -ABIGRAM=01h-0CFFh -ARAM=060h-0FFh,0100h-01FFhx12 \
  -ABANK0=060h-0FFh -ABANK1=0100h-01FFh -ABANK2=0200h-02FFh \
  -ABANK3=0300h-03FFh -ABANK4=0400h-04FFh -ABANK5=0500h-05FFh \
  -ABANK6=0600h-06FFh -ABANK7=0700h-07FFh -ABANK8=0800h-08FFh \
  -ABANK9=0900h-09FFh -ABANK10=0A00h-0AFFh -ABANK11=0B00h-0BFFh \
  -ABANK12=0C00h-0CFFh -ASFR=0D00h-0DFFhx2,0F00h-0F5Fh,0F60h-0FFFh \
  -preset_vec=00h,intcode=08h,intcodelo,powerup,init,end_init \
  -pramtop=0D00h -psmallconst=SMALLCONST -pmediumconst=MEDIUMCONST \
  -pconst=CONST -AFARRAM=00h-00h -ACONFIG=0300000h-030000Dh -pconfig=CONFIG \
  -AIDLOC=0200000h-0200007h -pidloc=IDLOC -AEEDATA=0F00000h-0F003FFh \
  -peeprom_data=EEDATA \
  -prdata=COMRAM,nvrram=COMRAM,nvbit=COMRAM,rbss=COMRAM,rbit=COMRAM \
  -pfarbss=FARRAM,fardata=FARRAM \
  -pintsave_regs=BIGRAM,bigbss=BIGRAM,bigdata=BIGRAM -pbss=RAM \
  -pidata=CODE,irdata=CODE,ibigdata=CODE,ifardata=CODE /tmp/cgtrkBYeK.obj \
  dist/default/production/JSPIC-master.production.obj 

Object code version is 3.10

Machine type is 18F2680

Call graph: (short form)




                Name                               Link     Load   Length Selector   Space Scale
/tmp/cgtrkBYeK.obj
                end_init                             18       18        4        4       0
                reset_vec                             0        0        4        0       0
                idloc                            200000   200000        8   200000       0
                config                           300000   300000        E   300000       0
dist/default/production/JSPIC-master.production.obj
                intcode                               8        8       10        4       0
                smallconst                          D00      D00       B6      680       0
                text37                             1F28     1F28       84      6DB       0
                text36                             2432     2432       1A      6DB       0
                text35                             248A     248A        E      6DB       0
                text34                             1E9E     1E9E       8A      6DB       0
                text33                             1BD8     1BD8       C0      6DB       0
                text32                             201E     201E       70      6DB       0
                text31                             2462     2462       16      6DB       0
                text30                             15B2     15B2      1BA      6DB       0
                intcode_body                       1DFA     1DFA       A4      6DB       0
                text28                             2346     2346       3E      6DB       0
                text27                             22C8     22C8       40      6DB       0
                text26                             1A3C     1A3C       D4      6DB       0
                text25                             2226     2226       5C      6DB       0
                text24                             208E     208E       6C      6DB       0
                text23                             1D52     1D52       A8      6DB       0
                text22                             2478     2478       12      6DB       0
                text21                              DB6      DB6      50C      6DB       0
                text20                             2384     2384       30      6DB       0
                text19                             20FA     20FA       6A      6DB       0
                text18                             21C8     21C8       5E      6DB       0
                text17                             1B10     1B10       C8      6DB       0
                text16                             176C     176C       FE      6DB       0
                text15                             12C2     12C2      2F0      6DB       0
                text14                             2164     2164       64      6DB       0
                text13                             244C     244C       16      6DB       0
                text12                             2418     2418       1A      6DB       0
                text11                             24A2     24A2        A      6DB       0
                text10                             2498     2498        A      6DB       0
                text9                              23FA     23FA       1E      6DB       0
                text8                              1C98     1C98       BA      6DB       0
                text7                              186A     186A       F4      6DB       0
                text6                              2308     2308       3E      6DB       0
                text5                              24AC     24AC        6      6DB       0
                text4                              24B2     24B2        4      6DB       0
                text3                              23D8     23D8       22      6DB       0
                text2                              195E     195E       DE      6DB       0
                text1                              2282     2282       46      6DB       0
                text0                              23B4     23B4       24      6DB       0
                cstackCOMRAM                          1        1       28        1       1
                cstackBANK0                          60       60       48       60       1
                bssBANK7                            700      700       C8      700       1
                bssBANK6                            600      600       C8      600       1
                bssBANK5                            500      500       C8      500       1
                bssBANK4                            400      400       64      400       1
                bssBANK3                            300      300       C8      300       1
                bssBANK2                            200      200       C8      200       1
                bssBANK1                            100      100       C8      100       1
                bssBANK0                             A8       A8       24       60       1
                bssCOMRAM                            29       29       1D        1       1
                cinit                              1FAC     1FAC       72      6DB       0

TOTAL           Name                               Link     Load   Length     Space
        CLASS   CODE           
                end_init                             18       18        4         0
                intcode                               8        8       10         0
                reset_vec                             0        0        4         0
                text37                             1F28     1F28       84         0
                text36                             2432     2432       1A         0
                text35                             248A     248A        E         0
                text34                             1E9E     1E9E       8A         0
                text33                             1BD8     1BD8       C0         0
                text32                             201E     201E       70         0
                text31                             2462     2462       16         0
                text30                             15B2     15B2      1BA         0
                intcode_body                       1DFA     1DFA       A4         0
                text28                             2346     2346       3E         0
                text27                             22C8     22C8       40         0
                text26                             1A3C     1A3C       D4         0
                text25                             2226     2226       5C         0
                text24                             208E     208E       6C         0
                text23                             1D52     1D52       A8         0
                text22                             2478     2478       12         0
                text21                              DB6      DB6      50C         0
                text20                             2384     2384       30         0
                text19                             20FA     20FA       6A         0
                text18                             21C8     21C8       5E         0
                text17                             1B10     1B10       C8         0
                text16                             176C     176C       FE         0
                text15                             12C2     12C2      2F0         0
                text14                             2164     2164       64         0
                text13                             244C     244C       16         0
                text12                             2418     2418       1A         0
                text11                             24A2     24A2        A         0
                text10                             2498     2498        A         0
                text9                              23FA     23FA       1E         0
                text8                              1C98     1C98       BA         0
                text7                              186A     186A       F4         0
                text6                              2308     2308       3E         0
                text5                              24AC     24AC        6         0
                text4                              24B2     24B2        4         0
                text3                              23D8     23D8       22         0
                text2                              195E     195E       DE         0
                text1                              2282     2282       46         0
                text0                              23B4     23B4       24         0
                cinit                              1FAC     1FAC       72         0

        CLASS   CONST          

        CLASS   SMALLCONST     
                smallconst                          D00      D00       B6         0

        CLASS   MEDIUMCONST    

        CLASS   COMRAM         
                cstackCOMRAM                          1        1       28         1
                bssCOMRAM                            29       29       1D         1

        CLASS   ABS1           

        CLASS   BIGRAM         

        CLASS   RAM            

        CLASS   BANK0          
                cstackBANK0                          60       60       48         1
                bssBANK0                             A8       A8       24         1

        CLASS   BANK1          
                bssBANK1                            100      100       C8         1

        CLASS   BANK2          
                bssBANK2                            200      200       C8         1

        CLASS   BANK3          
                bssBANK3                            300      300       C8         1

        CLASS   BANK4          
                bssBANK4                            400      400       64         1

        CLASS   BANK5          
                bssBANK5                            500      500       C8         1

        CLASS   BANK6          
                bssBANK6                            600      600       C8         1

        CLASS   BANK7          
                bssBANK7                            700      700       C8         1

        CLASS   BANK8          

        CLASS   BANK9          

        CLASS   BANK10         

        CLASS   BANK11         

        CLASS   BANK12         

        CLASS   SFR            

        CLASS   FARRAM         

        CLASS   CONFIG         
                config                           300000   300000        E         0

        CLASS   IDLOC          
                idloc                            200000   200000        8         0

        CLASS   EEDATA         



SEGMENTS        Name                           Load    Length   Top    Selector   Space  Class

                reset_vec                      000000  000004  000004         0       0  CODE    
                cstackCOMRAM                   000001  000045  000046         1       1  COMRAM  
                intcode                        000008  000014  00001C         4       0  CODE    
                cstackBANK0                    000060  00006C  0000CC        60       1  BANK0   
                bssBANK1                       000100  0000C8  0001C8       100       1  BANK1   
                bssBANK2                       000200  0000C8  0002C8       200       1  BANK2   
                bssBANK3                       000300  0000C8  0003C8       300       1  BANK3   
                bssBANK4                       000400  000064  000464       400       1  BANK4   
                bssBANK5                       000500  0000C8  0005C8       500       1  BANK5   
                bssBANK6                       000600  0000C8  0006C8       600       1  BANK6   
                bssBANK7                       000700  0000C8  0007C8       700       1  BANK7   
                smallconst                     000D00  0000B6  000DB6       680       0  SMALLCON
                text21                         000DB6  001700  0024B6       6DB       0  CODE    
                idloc                          200000  000008  200008    200000       0  IDLOC   
                config                         300000  00000E  30000E    300000       0  CONFIG  


UNUSED ADDRESS RANGES

        Name                Unused          Largest block    Delta
        BANK0            0000CC-0000FF               34
        BANK1            0001C8-0001FF               38
        BANK10           000A00-000AFF              100
        BANK11           000B00-000BFF              100
        BANK12           000C00-000CFF              100
        BANK2            0002C8-0002FF               38
        BANK3            0003C8-0003FF               38
        BANK4            000464-0004FF               9C
        BANK5            0005C8-0005FF               38
        BANK6            0006C8-0006FF               38
        BANK7            0007C8-0007FF               38
        BANK8            000800-0008FF              100
        BANK9            000900-0009FF              100
        BIGRAM           000046-00005F               1A
                         0000CC-0000FF               34
                         0001C8-0001FF               38
                         0002C8-0002FF               38
                         0003C8-0003FF               38
                         000464-0004FF               9C
                         0005C8-0005FF               38
                         0006C8-0006FF               38
                         0007C8-000CFF              538
        CODE             000004-000007                4
                         00001C-000CFF              CE4
                         0024B6-00FFFF             DB4A
        COMRAM           000046-00005F               1A
        CONST            000004-000007                4
                         00001C-000CFF              CE4
                         0024B6-00FFFF             DB4A
        EEDATA           F00000-F003FF              400
        MEDIUMCONST      0024B6-00FFFF             DB4A
        RAM              0000CC-0000FF               34
                         0001C8-0001FF               38
                         0002C8-0002FF               38
                         0003C8-0003FF               38
                         000464-0004FF               9C
                         0005C8-0005FF               38
                         0006C8-0006FF               38
                         0007C8-000CFF              100
        SFR              000D00-000FFF              100
        SMALLCONST       0024B6-00FFFF              100

                                  Symbol Table

?_Async                        cstackCOMRAM 000005
?_JWireBegin                   cstackCOMRAM 00001B
?_JWireOnReceive               cstackCOMRAM 00001B
?_JWireOnRequest               cstackCOMRAM 00001B
?_JWireRespond                 cstackCOMRAM 000005
?_SetInterval                  cstackCOMRAM 00001B
?___awmod                      cstackCOMRAM 00001B
?___lwdiv                      cstackCOMRAM 00001B
?___lwmod                      cstackCOMRAM 000023
?___wmul                       cstackCOMRAM 00001B
?__doprnt                      cstackBANK0  000060
?_atoi                         cstackCOMRAM 000021
?_isdigit                      cstackCOMRAM 00001B
?_jsonGetValue                 cstackBANK0  000080
?_printf                       cstackBANK0  00009E
?_putch                        cstackCOMRAM 00001B
?_sprintf                      cstackBANK0  000070
?_strchr                       cstackCOMRAM 00001B
?_strcpy2                      cstackCOMRAM 000001
?_strlen                       cstackCOMRAM 00001B
?_strncmp                      cstackCOMRAM 000021
?_strstr                       cstackBANK0  000063
Async@function                 cstackCOMRAM 000005
Async@string                   cstackCOMRAM 000007
IntervalTick@time              bssBANK0     0000C8
JWireBegin@id                  cstackCOMRAM 00001B
JWireOnInterrupt@addr          cstackCOMRAM 000009
JWireOnInterrupt@data          cstackCOMRAM 00000B
JWireOnReceive@callbackToUse   cstackCOMRAM 00001B
JWireOnRequest@callbackToUse   cstackCOMRAM 00001B
JWireRespond@msg               cstackCOMRAM 000005
OnSerialInterrupt@data         cstackCOMRAM 00000A
OnSerialInterrupt@err          cstackCOMRAM 000009
SetInterval@callbackToUse      cstackCOMRAM 00001D
SetInterval@delayInMs          cstackCOMRAM 00001B
SetInterval@hasLoaded          bssCOMRAM    000045
_Async                         text33       001BD8
_AsyncBegin                    text3        0023D8
_AsyncMessage                  bssBANK0     0000CA
_AsyncTick                     text2        00195E
_BRG16                         (abs)        007DC3
_BRGH                          (abs)        007D62
_CKP                           (abs)        007E34
_CREN                          (abs)        007D5C
_GIE                           (abs)        007F97
_INTCONbits                    (abs)        000FF2
_IntervalTick                  text7        00186A
_JWireBegin                    text12       002418
_JWireOnInterrupt              text30       0015B2
_JWireOnReceive                text10       002498
_JWireOnRequest                text11       0024A2
_JWireRespond                  text36       002432
_KEY_COLON_SPACE               bssBANK6     000600
_LA0                           (abs)        007C48
_LA2                           (abs)        007C4A
_LATB                          (abs)        000F8A
_MacawBegin                    text5        0024AC
_OSCCONbits                    (abs)        000FD3
_OnIntervalInterrupt           text31       002462
_OnSerialInterrupt             text32       00201E
_PEIE                          (abs)        007F96
_RB7                           (abs)        007C0F
_RCIE                          (abs)        007CED
_RCIF                          (abs)        007CF5
_RCREG                         (abs)        000FAE
_RCSTA                         (abs)        000FAB
_SEN                           (abs)        007E28
_SENDB                         (abs)        007D63
_SPBRG                         (abs)        000FAF
_SPEN                          (abs)        007D5F
_SSPADD                        (abs)        000FC8
_SSPBUF                        (abs)        000FC9
_SSPEN                         (abs)        007E35
_SSPIE                         (abs)        007CEB
_SSPIF                         (abs)        007CF3
_SSPM0                         (abs)        007E30
_SSPM1                         (abs)        007E31
_SSPM2                         (abs)        007E32
_SSPM3                         (abs)        007E33
_SSPSTATbits                   (abs)        000FC7
_SYNC                          (abs)        007D64
_SerialBegin                   text9        0023FA
_SerialWriteInterrupt          text34       001E9E
_SetInterval                   text8        001C98
_T0CONbits                     (abs)        000FD5
_TRISA                         (abs)        000F92
_TRISB                         (abs)        000F93
_TRISCbits                     (abs)        000F94
_TX9                           (abs)        007D66
_TXEN                          (abs)        007D65
_TXIE                          (abs)        007CEC
_TXIF                          (abs)        007CF4
_TXREG                         (abs)        000FAD
__CFG_BBSIZ$1024               (abs)        000000
__CFG_BOREN$OFF                (abs)        000000
__CFG_BORV$3                   (abs)        000000
__CFG_FCMEN$OFF                (abs)        000000
__CFG_IESO$OFF                 (abs)        000000
__CFG_LPT1OSC$OFF              (abs)        000000
__CFG_LVP$OFF                  (abs)        000000
__CFG_MCLRE$ON                 (abs)        000000
__CFG_OSC$IRCIO7               (abs)        000000
__CFG_PBADEN$OFF               (abs)        000000
__CFG_PWRT$OFF                 (abs)        000000
__CFG_STVREN$OFF               (abs)        000000
__CFG_WDT$OFF                  (abs)        000000
__CFG_WDTPS$32768              (abs)        000000
__HRAM                         (abs)        000000
__Habs1                        abs1         000000
__Hbank0                       bank0        000000
__Hbank1                       bank1        000000
__Hbank10                      bank10       000000
__Hbank11                      bank11       000000
__Hbank12                      bank12       000000
__Hbank2                       bank2        000000
__Hbank3                       bank3        000000
__Hbank4                       bank4        000000
__Hbank5                       bank5        000000
__Hbank6                       bank6        000000
__Hbank7                       bank7        000000
__Hbank8                       bank8        000000
__Hbank9                       bank9        000000
__Hbigbss                      bigbss       000000
__Hbigdata                     bigdata      000000
__Hbigram                      bigram       000000
__Hbss                         bss          000000
__HbssBANK0                    bssBANK0     000000
__HbssBANK1                    bssBANK1     000000
__HbssBANK2                    bssBANK2     000000
__HbssBANK3                    bssBANK3     000000
__HbssBANK4                    bssBANK4     000000
__HbssBANK5                    bssBANK5     000000
__HbssBANK6                    bssBANK6     000000
__HbssBANK7                    bssBANK7     000000
__HbssCOMRAM                   bssCOMRAM    000000
__Hcinit                       cinit        000000
__Hclrtext                     clrtext      000000
__Hcomram                      comram       000000
__Hconfig                      config       30000E
__Hconst                       const        000000
__HcstackBANK0                 cstackBANK0  000000
__HcstackCOMRAM                cstackCOMRAM 000000
__Hdata                        data         000000
__Heeprom_data                 eeprom_data  000000
__Hend_init                    end_init     00001C
__Hfarbss                      farbss       000000
__Hfardata                     fardata      000000
__Hibigdata                    ibigdata     000000
__Hidata                       idata        000000
__Hidloc                       idloc        200008
__Hifardata                    ifardata     000000
__Hinit                        init         000018
__Hintcode                     intcode      000018
__Hintcode_body                intcode_body 000000
__Hintcodelo                   intcodelo    000018
__Hintentry                    intentry     000000
__Hintret                      intret       000000
__Hintsave_regs                intsave_regs 000000
__Hirdata                      irdata       000000
__Hmediumconst                 mediumconst  000000
__Hnvbit                       nvbit        000000
__Hnvrram                      nvrram       000000
__Hparam                       rparam       000000
__Hpowerup                     powerup      000018
__Hram                         ram          000000
__Hramtop                      ramtop       000D00
__Hrbit                        rbit         000000
__Hrbss                        rbss         000000
__Hrdata                       rdata        000000
__Hreset_vec                   reset_vec    000004
__Hrparam                      rparam       000000
__Hsfr                         sfr          000000
__Hsmallconst                  smallconst   000DB6
__Hstruct                      struct       000000
__Htemp                        temp         000000
__Htext                        text         000000
__Htext0                       text0        000000
__Htext1                       text1        000000
__Htext10                      text10       000000
__Htext11                      text11       000000
__Htext12                      text12       000000
__Htext13                      text13       000000
__Htext14                      text14       000000
__Htext15                      text15       000000
__Htext16                      text16       000000
__Htext17                      text17       000000
__Htext18                      text18       000000
__Htext19                      text19       000000
__Htext2                       text2        000000
__Htext20                      text20       000000
__Htext21                      text21       000000
__Htext22                      text22       000000
__Htext23                      text23       000000
__Htext24                      text24       000000
__Htext25                      text25       000000
__Htext26                      text26       000000
__Htext27                      text27       000000
__Htext28                      text28       000000
__Htext3                       text3        000000
__Htext30                      text30       000000
__Htext31                      text31       000000
__Htext32                      text32       000000
__Htext33                      text33       000000
__Htext34                      text34       000000
__Htext35                      text35       000000
__Htext36                      text36       000000
__Htext37                      text37       000000
__Htext38                      text38       000000
__Htext4                       text4        000000
__Htext5                       text5        000000
__Htext6                       text6        000000
__Htext7                       text7        000000
__Htext8                       text8        000000
__Htext9                       text9        000000
__LRAM                         (abs)        000001
__Labs1                        abs1         000000
__Lbank0                       bank0        000000
__Lbank1                       bank1        000000
__Lbank10                      bank10       000000
__Lbank11                      bank11       000000
__Lbank12                      bank12       000000
__Lbank2                       bank2        000000
__Lbank3                       bank3        000000
__Lbank4                       bank4        000000
__Lbank5                       bank5        000000
__Lbank6                       bank6        000000
__Lbank7                       bank7        000000
__Lbank8                       bank8        000000
__Lbank9                       bank9        000000
__Lbigbss                      bigbss       000000
__Lbigdata                     bigdata      000000
__Lbigram                      bigram       000000
__Lbss                         bss          000000
__LbssBANK0                    bssBANK0     000000
__LbssBANK1                    bssBANK1     000000
__LbssBANK2                    bssBANK2     000000
__LbssBANK3                    bssBANK3     000000
__LbssBANK4                    bssBANK4     000000
__LbssBANK5                    bssBANK5     000000
__LbssBANK6                    bssBANK6     000000
__LbssBANK7                    bssBANK7     000000
__LbssCOMRAM                   bssCOMRAM    000000
__Lcinit                       cinit        000000
__Lclrtext                     clrtext      000000
__Lcomram                      comram       000000
__Lconfig                      config       300000
__Lconst                       const        000000
__LcstackBANK0                 cstackBANK0  000000
__LcstackCOMRAM                cstackCOMRAM 000000
__Ldata                        data         000000
__Leeprom_data                 eeprom_data  000000
__Lend_init                    end_init     000018
__Lfarbss                      farbss       000000
__Lfardata                     fardata      000000
__Libigdata                    ibigdata     000000
__Lidata                       idata        000000
__Lidloc                       idloc        200000
__Lifardata                    ifardata     000000
__Linit                        init         000018
__Lintcode                     intcode      000008
__Lintcode_body                intcode_body 000000
__Lintcodelo                   intcodelo    000018
__Lintentry                    intentry     000000
__Lintret                      intret       000000
__Lintsave_regs                intsave_regs 000000
__Lirdata                      irdata       000000
__Lmediumconst                 mediumconst  000000
__Lnvbit                       nvbit        000000
__Lnvrram                      nvrram       000000
__Lparam                       rparam       000000
__Lpowerup                     powerup      000018
__Lram                         ram          000000
__Lramtop                      ramtop       000D00
__Lrbit                        rbit         000000
__Lrbss                        rbss         000000
__Lrdata                       rdata        000000
__Lreset_vec                   reset_vec    000000
__Lrparam                      rparam       000000
__Lsfr                         sfr          000000
__Lsmallconst                  smallconst   000D00
__Lstruct                      struct       000000
__Ltemp                        temp         000000
__Ltext                        text         000000
__Ltext0                       text0        000000
__Ltext1                       text1        000000
__Ltext10                      text10       000000
__Ltext11                      text11       000000
__Ltext12                      text12       000000
__Ltext13                      text13       000000
__Ltext14                      text14       000000
__Ltext15                      text15       000000
__Ltext16                      text16       000000
__Ltext17                      text17       000000
__Ltext18                      text18       000000
__Ltext19                      text19       000000
__Ltext2                       text2        000000
__Ltext20                      text20       000000
__Ltext21                      text21       000000
__Ltext22                      text22       000000
__Ltext23                      text23       000000
__Ltext24                      text24       000000
__Ltext25                      text25       000000
__Ltext26                      text26       000000
__Ltext27                      text27       000000
__Ltext28                      text28       000000
__Ltext3                       text3        000000
__Ltext30                      text30       000000
__Ltext31                      text31       000000
__Ltext32                      text32       000000
__Ltext33                      text33       000000
__Ltext34                      text34       000000
__Ltext35                      text35       000000
__Ltext36                      text36       000000
__Ltext37                      text37       000000
__Ltext38                      text38       000000
__Ltext4                       text4        000000
__Ltext5                       text5        000000
__Ltext6                       text6        000000
__Ltext7                       text7        000000
__Ltext8                       text8        000000
__Ltext9                       text9        000000
__S0                           (abs)        30000E
__S1                           (abs)        0007C8
___awmod                       text23       001D52
___awmod@counter               cstackCOMRAM 000020
___awmod@dividend              cstackCOMRAM 00001B
___awmod@divisor               cstackCOMRAM 00001D
___awmod@sign                  cstackCOMRAM 000021
___lwdiv                       text24       00208E
___lwdiv@counter               cstackCOMRAM 000020
___lwdiv@dividend              cstackCOMRAM 00001B
___lwdiv@divisor               cstackCOMRAM 00001D
___lwdiv@quotient              cstackCOMRAM 000021
___lwmod                       text25       002226
___lwmod@counter               cstackCOMRAM 000028
___lwmod@dividend              cstackCOMRAM 000023
___lwmod@divisor               cstackCOMRAM 000025
___wmul                        text28       002346
___wmul@multiplicand           cstackCOMRAM 00001D
___wmul@multiplier             cstackCOMRAM 00001B
___wmul@product                cstackCOMRAM 00001F
__accesstop                    (abs)        000060
__activetblptr                 (abs)        000003
__doprnt                       text21       000DB6
__doprnt@_val                  cstackBANK0  00006B
__doprnt@ap                    cstackBANK0  000064
__doprnt@c                     cstackBANK0  00006F
__doprnt@f                     cstackBANK0  000062
__doprnt@flag                  cstackBANK0  000069
__doprnt@pb                    cstackBANK0  000060
__doprnt@prec                  cstackBANK0  00006A
__end_of_Async                 text33       001C98
__end_of_AsyncBegin            text3        0023FA
__end_of_AsyncTick             text2        001A3C
__end_of_IntervalTick          text7        00195E
__end_of_JWireBegin            text12       002432
__end_of_JWireOnInterrupt      text30       00176C
__end_of_JWireOnReceive        text10       0024A2
__end_of_JWireOnRequest        text11       0024AC
__end_of_JWireRespond          text36       00244C
__end_of_MacawBegin            text5        0024B2
__end_of_OnIntervalInterrupt   text31       002478
__end_of_OnSerialInterrupt     text32       00208E
__end_of_SerialBegin           text9        002418
__end_of_SerialWriteInterrupt  text34       001F28
__end_of_SetInterval           text8        001D52
__end_of___awmod               text23       001DFA
__end_of___lwdiv               text24       0020FA
__end_of___lwmod               text25       002282
__end_of___wmul                text28       002384
__end_of__doprnt               text21       0012C2
__end_of__initialization       cinit        002018
__end_of__stringdata           smallconst   000DB5
__end_of_atoi                  text16       00186A
__end_of_dpowers               smallconst   000D0A
__end_of_gotJ                  text6        002346
__end_of_isdigit               text20       0023B4
__end_of_jsonGetValue          text15       0015B2
__end_of_main                  text0        0023D8
__end_of_myTimer               text13       002462
__end_of_onInterrupt           intcode_body 001E9E
__end_of_onLoop                text4        0024B6
__end_of_onRequest             text35       002498
__end_of_onSetup               text1        0022C8
__end_of_printf                text14       0021C8
__end_of_putch                 text22       00248A
__end_of_sprintf               text19       002164
__end_of_strchr                text27       002308
__end_of_strcpy2               text37       001FAC
__end_of_strlen                text18       002226
__end_of_strncmp               text26       001B10
__end_of_strstr                text17       001BD8
__initialization               cinit        001FAC
__mediumconst                  mediumconst  000000
__pbssBANK0                    bssBANK0     0000A8
__pbssBANK1                    bssBANK1     000100
__pbssBANK2                    bssBANK2     000200
__pbssBANK3                    bssBANK3     000300
__pbssBANK4                    bssBANK4     000400
__pbssBANK5                    bssBANK5     000500
__pbssBANK6                    bssBANK6     000600
__pbssBANK7                    bssBANK7     000700
__pbssCOMRAM                   bssCOMRAM    000029
__pcinit                       cinit        001FAC
__pcstackBANK0                 cstackBANK0  000060
__pcstackCOMRAM                cstackCOMRAM 000001
__pintcode                     intcode      000008
__pintcode_body                intcode_body 001DFA
__psmallconst                  smallconst   000D00
__ptext0                       text0        0023B4
__ptext1                       text1        002282
__ptext10                      text10       002498
__ptext11                      text11       0024A2
__ptext12                      text12       002418
__ptext13                      text13       00244C
__ptext14                      text14       002164
__ptext15                      text15       0012C2
__ptext16                      text16       00176C
__ptext17                      text17       001B10
__ptext18                      text18       0021C8
__ptext19                      text19       0020FA
__ptext2                       text2        00195E
__ptext20                      text20       002384
__ptext21                      text21       000DB6
__ptext22                      text22       002478
__ptext23                      text23       001D52
__ptext24                      text24       00208E
__ptext25                      text25       002226
__ptext26                      text26       001A3C
__ptext27                      text27       0022C8
__ptext28                      text28       002346
__ptext3                       text3        0023D8
__ptext30                      text30       0015B2
__ptext31                      text31       002462
__ptext32                      text32       00201E
__ptext33                      text33       001BD8
__ptext34                      text34       001E9E
__ptext35                      text35       00248A
__ptext36                      text36       002432
__ptext37                      text37       001F28
__ptext38                      text38       000000
__ptext4                       text4        0024B2
__ptext5                       text5        0024AC
__ptext6                       text6        002308
__ptext7                       text7        00186A
__ptext8                       text8        001C98
__ptext9                       text9        0023FA
__ramtop                       ramtop       000D00
__size_of_Async                (abs)        000000
__size_of_AsyncBegin           (abs)        000000
__size_of_AsyncTick            (abs)        000000
__size_of_IntervalTick         (abs)        000000
__size_of_JWireBegin           (abs)        000000
__size_of_JWireOnInterrupt     (abs)        000000
__size_of_JWireOnReceive       (abs)        000000
__size_of_JWireOnRequest       (abs)        000000
__size_of_JWireRespond         (abs)        000000
__size_of_MacawBegin           (abs)        000000
__size_of_OnIntervalInterrupt  (abs)        000000
__size_of_OnSerialInterrupt    (abs)        000000
__size_of_SerialBegin          (abs)        000000
__size_of_SerialWriteInterrupt (abs)        000000
__size_of_SetInterval          (abs)        000000
__size_of___awmod              (abs)        000000
__size_of___lwdiv              (abs)        000000
__size_of___lwmod              (abs)        000000
__size_of___wmul               (abs)        000000
__size_of__doprnt              (abs)        000000
__size_of_atoi                 (abs)        000000
__size_of_gotJ                 (abs)        000000
__size_of_isdigit              (abs)        000000
__size_of_jsonGetValue         (abs)        000000
__size_of_main                 (abs)        000000
__size_of_myTimer              (abs)        000000
__size_of_onInterrupt          (abs)        000000
__size_of_onLoop               (abs)        000000
__size_of_onRequest            (abs)        000000
__size_of_onSetup              (abs)        000000
__size_of_printf               (abs)        000000
__size_of_putch                (abs)        000000
__size_of_sprintf              (abs)        000000
__size_of_strchr               (abs)        000000
__size_of_strcpy2              (abs)        000000
__size_of_strlen               (abs)        000000
__size_of_strncmp              (abs)        000000
__size_of_strstr               (abs)        000000
__smallconst                   smallconst   000D00
__stringdata                   smallconst   000D0A
_atoi                          text16       00176C
_buffer                        bssBANK1     000100
_bufferPosition                bssCOMRAM    000029
_bufferReadPos                 bssCOMRAM    00002B
_bufferSerial                  bssBANK2     000200
_bufferWritePos                bssCOMRAM    00002D
_callback                      bssCOMRAM    00002F
_callbackA                     bssCOMRAM    000031
_callbackAString               bssBANK2     000264
_callbackB                     bssCOMRAM    000033
_callbackBString               bssBANK3     000300
_callbackC                     bssCOMRAM    000035
_callbackCString               bssBANK3     000364
_callbackD                     bssCOMRAM    000037
_callbackDString               bssBANK4     000400
_dpowers                       smallconst   000D00
_gotJ                          text6        002308
_isDoneTransmitting            bssCOMRAM    000039
_isdigit                       text20       002384
_isdigit$994                   cstackCOMRAM 00001D
_jsonGetValue                  text15       0012C2
_locked                        bssCOMRAM    00003B
_main                          text0        0023B4
_myTimer                       text13       00244C
_onInterrupt                   intcode      000008
_onLoop                        text4        0024B2
_onRequest                     text35       00248A
_onSetup                       text1        002282
_printf                        text14       002164
_putch                         text22       002478
_receiveCallback               bssCOMRAM    00003D
_requestCallback               bssCOMRAM    00003F
_result                        bssBANK5     000500
_sprintf                       text19       0020FA
_strchr                        text27       0022C8
_strcpy2                       text37       001F28
_strlen                        text18       0021C8
_strncmp                       text26       001A3C
_strstr                        text17       001B10
_writeBuffer                   bssBANK1     000164
_writeBufferPosition           bssCOMRAM    000041
_writeBufferPositionOpen       bssCOMRAM    000043
atoi@a                         cstackCOMRAM 000027
atoi@s                         cstackCOMRAM 000021
atoi@sign                      cstackCOMRAM 000026
end_of_initialization          cinit        002018
int_func                       intcode_body 001DFA
interval@callbackA             bssBANK0     0000BC
interval@callbackB             bssBANK0     0000C0
interval@callbackC             bssBANK0     0000C4
intlevel0                      text         000000
intlevel1                      text         000000
intlevel2                      text         000000
intlevel3                      text         000000
isdigit@c                      cstackCOMRAM 00001B
jsonGetValue@KEY_COLON_SPACE   bssBANK7     000700
jsonGetValue@i                 cstackBANK0  000098
jsonGetValue@input             cstackBANK0  000080
jsonGetValue@key               cstackBANK0  000082
jsonGetValue@length_sub_s      cstackBANK0  000094
jsonGetValue@length_substr2_s  cstackBANK0  00008C
jsonGetValue@length_substr_s   cstackBANK0  000088
jsonGetValue@p                 cstackBANK0  00009A
jsonGetValue@result_float      cstackBANK0  000092
jsonGetValue@substr2_s         cstackBANK0  000090
jsonGetValue@substr_s          cstackBANK0  00009C
printf@ap                      cstackBANK0  0000A2
printf@f                       cstackBANK0  00009E
printf@pb                      cstackBANK0  0000A4
putch@data                     cstackCOMRAM 00001B
sprintf@ap                     cstackBANK0  00007A
sprintf@f                      cstackBANK0  000072
sprintf@pb                     cstackBANK0  00007C
sprintf@wh                     cstackBANK0  000070
start                          init         000018
start_initialization           cinit        001FAC
strchr@chr                     cstackCOMRAM 00001D
strchr@ptr                     cstackCOMRAM 00001B
strcpy2@dest                   cstackCOMRAM 000001
strcpy2@loc                    cstackCOMRAM 000003
strlen@cp                      cstackCOMRAM 00001F
strlen@s                       cstackCOMRAM 00001B
strncmp@len                    cstackCOMRAM 000025
strncmp@s1                     cstackCOMRAM 000021
strncmp@s2                     cstackCOMRAM 000023
strstr@s1                      cstackBANK0  000063
strstr@s2                      cstackBANK0  000065


FUNCTION INFORMATION:

 *************** function _main *****************
 Defined at:
		line 36 in file "jspic.c"
 Parameters:    Size  Location     Type
		None
 Auto vars:     Size  Location     Type
		None
 Return value:  Size  Location     Type
                  2   39[COMRAM] int 
 Registers used:
		wreg, fsr0l, fsr0h, fsr1l, fsr1h, fsr2l, fsr2h, status,2, status,0, pclat, tosl, structret, tblptrl, tblptrh, tblptru, prodl, prodh, bsr, cstack
 Tracked objects:
		On entry : 
		On exit  : 
		Unchanged: 
 Data sizes:     COMRAM   BANK0   BANK1   BANK2   BANK3   BANK4   BANK5   BANK6   BANK7   BANK8   BANK9  BANK10  BANK11  BANK12
      Params:         0       0       0       0       0       0       0       0       0       0       0       0       0       0
      Locals:         0       0       0       0       0       0       0       0       0       0       0       0       0       0
      Temps:          0       0       0       0       0       0       0       0       0       0       0       0       0       0
      Totals:         0       0       0       0       0       0       0       0       0       0       0       0       0       0
Total ram usage:        0 bytes
 Hardware stack levels required when called:   11
 This function calls:
		_AsyncBegin
		_onSetup
		_AsyncTick
		_onLoop
 This function is called by:
		Startup code after reset
 This function uses a non-reentrant model


 *************** function _onSetup *****************
 Defined at:
		line 42 in file "main.c"
 Parameters:    Size  Location     Type
		None
 Auto vars:     Size  Location     Type
		None
 Return value:  Size  Location     Type
		None               void
 Registers used:
		wreg, status,2, status,0, cstack
 Tracked objects:
		On entry : 
		On exit  : 
		Unchanged: 
 Data sizes:     COMRAM   BANK0   BANK1   BANK2   BANK3   BANK4   BANK5   BANK6   BANK7   BANK8   BANK9  BANK10  BANK11  BANK12
      Params:         0       0       0       0       0       0       0       0       0       0       0       0       0       0
      Locals:         0       0       0       0       0       0       0       0       0       0       0       0       0       0
      Temps:          0       0       0       0       0       0       0       0       0       0       0       0       0       0
      Totals:         0       0       0       0       0       0       0       0       0       0       0       0       0       0
Total ram usage:        0 bytes
 Hardware stack levels used:    1
 Hardware stack levels required when called:    6
 This function calls:
		_MacawBegin
		_SerialBegin
		_SetInterval
		_JWireBegin
		_JWireOnReceive
		_JWireOnRequest
 This function is called by:
		_main
 This function uses a non-reentrant model


 *************** function _AsyncTick *****************
 Defined at:
		line 37 in file "async.c"
 Parameters:    Size  Location     Type
		None
 Auto vars:     Size  Location     Type
		None
 Return value:  Size  Location     Type
		None               void
 Registers used:
		wreg, fsr0l, fsr0h, fsr1l, fsr1h, fsr2l, fsr2h, status,2, status,0, pclat, tosl, structret, tblptrl, tblptrh, tblptru, prodl, prodh, bsr, cstack
 Tracked objects:
		On entry : 
		On exit  : 
		Unchanged: 
 Data sizes:     COMRAM   BANK0   BANK1   BANK2   BANK3   BANK4   BANK5   BANK6   BANK7   BANK8   BANK9  BANK10  BANK11  BANK12
      Params:         0       0       0       0       0       0       0       0       0       0       0       0       0       0
      Locals:         0       0       0       0       0       0       0       0       0       0       0       0       0       0
      Temps:          0       0       0       0       0       0       0       0       0       0       0       0       0       0
      Totals:         0       0       0       0       0       0       0       0       0       0       0       0       0       0
Total ram usage:        0 bytes
 Hardware stack levels used:    1
 Hardware stack levels required when called:   10
 This function calls:
		_gotJ
		_IntervalTick
		Absolute function
		_AsyncBegin
 This function is called by:
		_main
 This function uses a non-reentrant model


 *************** function _AsyncBegin *****************
 Defined at:
		line 63 in file "async.c"
 Parameters:    Size  Location     Type
		None
 Auto vars:     Size  Location     Type
		None
 Return value:  Size  Location     Type
		None               void
 Registers used:
		wreg, status,2
 Tracked objects:
		On entry : 
		On exit  : 
		Unchanged: 
 Data sizes:     COMRAM   BANK0   BANK1   BANK2   BANK3   BANK4   BANK5   BANK6   BANK7   BANK8   BANK9  BANK10  BANK11  BANK12
      Params:         0       0       0       0       0       0       0       0       0       0       0       0       0       0
      Locals:         0       0       0       0       0       0       0       0       0       0       0       0       0       0
      Temps:          0       0       0       0       0       0       0       0       0       0       0       0       0       0
      Totals:         0       0       0       0       0       0       0       0       0       0       0       0       0       0
Total ram usage:        0 bytes
 Hardware stack levels used:    1
 Hardware stack levels required when called:    5
 This function calls:
		Nothing
 This function is called by:
		_main
		_AsyncTick
 This function uses a non-reentrant model


 *************** function _onLoop *****************
 Defined at:
		line 54 in file "main.c"
 Parameters:    Size  Location     Type
		None
 Auto vars:     Size  Location     Type
		None
 Return value:  Size  Location     Type
		None               void
 Registers used:
		None
 Tracked objects:
		On entry : 
		On exit  : 
		Unchanged: 
 Data sizes:     COMRAM   BANK0   BANK1   BANK2   BANK3   BANK4   BANK5   BANK6   BANK7   BANK8   BANK9  BANK10  BANK11  BANK12
      Params:         0       0       0       0       0       0       0       0       0       0       0       0       0       0
      Locals:         0       0       0       0       0       0       0       0       0       0       0       0       0       0
      Temps:          0       0       0       0       0       0       0       0       0       0       0       0       0       0
      Totals:         0       0       0       0       0       0       0       0       0       0       0       0       0       0
Total ram usage:        0 bytes
 Hardware stack levels used:    1
 Hardware stack levels required when called:    5
 This function calls:
		Nothing
 This function is called by:
		_main
 This function uses a non-reentrant model


 *************** function _MacawBegin *****************
 Defined at:
		line 4 in file "macaw.c"
 Parameters:    Size  Location     Type
		None
 Auto vars:     Size  Location     Type
		None
 Return value:  Size  Location     Type
		None               void
 Registers used:
		wreg, status,2
 Tracked objects:
		On entry : 
		On exit  : 
		Unchanged: 
 Data sizes:     COMRAM   BANK0   BANK1   BANK2   BANK3   BANK4   BANK5   BANK6   BANK7   BANK8   BANK9  BANK10  BANK11  BANK12
      Params:         0       0       0       0       0       0       0       0       0       0       0       0       0       0
      Locals:         0       0       0       0       0       0       0       0       0       0       0       0       0       0
      Temps:          0       0       0       0       0       0       0       0       0       0       0       0       0       0
      Totals:         0       0       0       0       0       0       0       0       0       0       0       0       0       0
Total ram usage:        0 bytes
 Hardware stack levels used:    1
 Hardware stack levels required when called:    5
 This function calls:
		Nothing
 This function is called by:
		_onSetup
 This function uses a non-reentrant model


 *************** function _gotJ *****************
 Defined at:
		line 32 in file "main.c"
 Parameters:    Size  Location     Type
		None
 Auto vars:     Size  Location     Type
		None
 Return value:  Size  Location     Type
		None               void
 Registers used:
		wreg, fsr0l, fsr0h, fsr1l, fsr1h, fsr2l, fsr2h, status,2, status,0, pclat, tosl, structret, tblptrl, tblptrh, tblptru, prodl, prodh, bsr, cstack
 Tracked objects:
		On entry : 
		On exit  : 
		Unchanged: 
 Data sizes:     COMRAM   BANK0   BANK1   BANK2   BANK3   BANK4   BANK5   BANK6   BANK7   BANK8   BANK9  BANK10  BANK11  BANK12
      Params:         0       0       0       0       0       0       0       0       0       0       0       0       0       0
      Locals:         0       0       0       0       0       0       0       0       0       0       0       0       0       0
      Temps:          0       0       0       0       0       0       0       0       0       0       0       0       0       0
      Totals:         0       0       0       0       0       0       0       0       0       0       0       0       0       0
Total ram usage:        0 bytes
 Hardware stack levels used:    1
 Hardware stack levels required when called:    9
 This function calls:
		_jsonGetValue
		_printf
 This function is called by:
		_onSetup
		_AsyncTick
 This function uses a non-reentrant model


 *************** function _IntervalTick *****************
 Defined at:
		line 14 in file "interval.c"
 Parameters:    Size  Location     Type
		None
 Auto vars:     Size  Location     Type
		None
 Return value:  Size  Location     Type
		None               void
 Registers used:
		wreg, fsr0l, fsr0h, fsr1l, fsr1h, fsr2l, fsr2h, status,2, status,0, pclat, tosl, structret, tblptrl, tblptrh, tblptru, prodl, prodh, bsr, cstack
 Tracked objects:
		On entry : 
		On exit  : 
		Unchanged: 
 Data sizes:     COMRAM   BANK0   BANK1   BANK2   BANK3   BANK4   BANK5   BANK6   BANK7   BANK8   BANK9  BANK10  BANK11  BANK12
      Params:         0       0       0       0       0       0       0       0       0       0       0       0       0       0
      Locals:         0       0       0       0       0       0       0       0       0       0       0       0       0       0
      Temps:          0       0       0       0       0       0       0       0       0       0       0       0       0       0
      Totals:         0       0       0       0       0       0       0       0       0       0       0       0       0       0
Total ram usage:        0 bytes
 Hardware stack levels used:    1
 Hardware stack levels required when called:    9
 This function calls:
		___awmod
		_myTimer
		Absolute function
 This function is called by:
		_OnIntervalInterrupt
		_AsyncTick
 This function uses a non-reentrant model


 *************** function _SetInterval *****************
 Defined at:
		line 34 in file "interval.c"
 Parameters:    Size  Location     Type
  delayInMs       2   26[COMRAM] int 
  callbackToUs    2   28[COMRAM] PTR FTN()void 
		 -> myTimer(0), 
 Auto vars:     Size  Location     Type
		None
 Return value:  Size  Location     Type
		None               void
 Registers used:
		wreg, status,2, status,0
 Tracked objects:
		On entry : 
		On exit  : 
		Unchanged: 
 Data sizes:     COMRAM   BANK0   BANK1   BANK2   BANK3   BANK4   BANK5   BANK6   BANK7   BANK8   BANK9  BANK10  BANK11  BANK12
      Params:         4       0       0       0       0       0       0       0       0       0       0       0       0       0
      Locals:         0       0       0       0       0       0       0       0       0       0       0       0       0       0
      Temps:          1       0       0       0       0       0       0       0       0       0       0       0       0       0
      Totals:         5       0       0       0       0       0       0       0       0       0       0       0       0       0
Total ram usage:        5 bytes
 Hardware stack levels used:    1
 Hardware stack levels required when called:    5
 This function calls:
		Nothing
 This function is called by:
		_onSetup
 This function uses a non-reentrant model


 *************** function _SerialBegin *****************
 Defined at:
		line 34 in file "serial.c"
 Parameters:    Size  Location     Type
		None
 Auto vars:     Size  Location     Type
		None
 Return value:  Size  Location     Type
		None               void
 Registers used:
		wreg, status,2
 Tracked objects:
		On entry : 
		On exit  : 
		Unchanged: 
 Data sizes:     COMRAM   BANK0   BANK1   BANK2   BANK3   BANK4   BANK5   BANK6   BANK7   BANK8   BANK9  BANK10  BANK11  BANK12
      Params:         0       0       0       0       0       0       0       0       0       0       0       0       0       0
      Locals:         0       0       0       0       0       0       0       0       0       0       0       0       0       0
      Temps:          0       0       0       0       0       0       0       0       0       0       0       0       0       0
      Totals:         0       0       0       0       0       0       0       0       0       0       0       0       0       0
Total ram usage:        0 bytes
 Hardware stack levels used:    1
 Hardware stack levels required when called:    5
 This function calls:
		Nothing
 This function is called by:
		_onSetup
 This function uses a non-reentrant model


 *************** function _JWireOnReceive *****************
 Defined at:
		line 85 in file "jwire.c"
 Parameters:    Size  Location     Type
  callbackToUs    2   26[COMRAM] PTR FTN()void 
		 -> gotJ(0), 
 Auto vars:     Size  Location     Type
		None
 Return value:  Size  Location     Type
		None               void
 Registers used:
		None
 Tracked objects:
		On entry : 
		On exit  : 
		Unchanged: 
 Data sizes:     COMRAM   BANK0   BANK1   BANK2   BANK3   BANK4   BANK5   BANK6   BANK7   BANK8   BANK9  BANK10  BANK11  BANK12
      Params:         2       0       0       0       0       0       0       0       0       0       0       0       0       0
      Locals:         0       0       0       0       0       0       0       0       0       0       0       0       0       0
      Temps:          0       0       0       0       0       0       0       0       0       0       0       0       0       0
      Totals:         2       0       0       0       0       0       0       0       0       0       0       0       0       0
Total ram usage:        2 bytes
 Hardware stack levels used:    1
 Hardware stack levels required when called:    5
 This function calls:
		Nothing
 This function is called by:
		_onSetup
 This function uses a non-reentrant model


 *************** function _JWireOnRequest *****************
 Defined at:
		line 90 in file "jwire.c"
 Parameters:    Size  Location     Type
  callbackToUs    2   26[COMRAM] PTR FTN()void 
		 -> onRequest(0), 
 Auto vars:     Size  Location     Type
		None
 Return value:  Size  Location     Type
		None               void
 Registers used:
		None
 Tracked objects:
		On entry : 
		On exit  : 
		Unchanged: 
 Data sizes:     COMRAM   BANK0   BANK1   BANK2   BANK3   BANK4   BANK5   BANK6   BANK7   BANK8   BANK9  BANK10  BANK11  BANK12
      Params:         2       0       0       0       0       0       0       0       0       0       0       0       0       0
      Locals:         0       0       0       0       0       0       0       0       0       0       0       0       0       0
      Temps:          0       0       0       0       0       0       0       0       0       0       0       0       0       0
      Totals:         2       0       0       0       0       0       0       0       0       0       0       0       0       0
Total ram usage:        2 bytes
 Hardware stack levels used:    1
 Hardware stack levels required when called:    5
 This function calls:
		Nothing
 This function is called by:
		_onSetup
 This function uses a non-reentrant model


 *************** function _JWireBegin *****************
 Defined at:
		line 95 in file "jwire.c"
 Parameters:    Size  Location     Type
  id              2   26[COMRAM] int 
 Auto vars:     Size  Location     Type
		None
 Return value:  Size  Location     Type
		None               void
 Registers used:
		wreg, status,2, status,0
 Tracked objects:
		On entry : 
		On exit  : 
		Unchanged: 
 Data sizes:     COMRAM   BANK0   BANK1   BANK2   BANK3   BANK4   BANK5   BANK6   BANK7   BANK8   BANK9  BANK10  BANK11  BANK12
      Params:         2       0       0       0       0       0       0       0       0       0       0       0       0       0
      Locals:         0       0       0       0       0       0       0       0       0       0       0       0       0       0
      Temps:          0       0       0       0       0       0       0       0       0       0       0       0       0       0
      Totals:         2       0       0       0       0       0       0       0       0       0       0       0       0       0
Total ram usage:        2 bytes
 Hardware stack levels used:    1
 Hardware stack levels required when called:    5
 This function calls:
		Nothing
 This function is called by:
		_onSetup
 This function uses a non-reentrant model


 *************** function _myTimer *****************
 Defined at:
		line 28 in file "main.c"
 Parameters:    Size  Location     Type
		None
 Auto vars:     Size  Location     Type
		None
 Return value:  Size  Location     Type
		None               void
 Registers used:
		wreg, fsr0l, fsr0h, fsr1l, fsr1h, fsr2l, fsr2h, status,2, status,0, pclat, tosl, structret, tblptrl, tblptrh, tblptru, prodl, prodh, bsr, cstack
 Tracked objects:
		On entry : 
		On exit  : 
		Unchanged: 
 Data sizes:     COMRAM   BANK0   BANK1   BANK2   BANK3   BANK4   BANK5   BANK6   BANK7   BANK8   BANK9  BANK10  BANK11  BANK12
      Params:         0       0       0       0       0       0       0       0       0       0       0       0       0       0
      Locals:         0       0       0       0       0       0       0       0       0       0       0       0       0       0
      Temps:          0       0       0       0       0       0       0       0       0       0       0       0       0       0
      Totals:         0       0       0       0       0       0       0       0       0       0       0       0       0       0
Total ram usage:        0 bytes
 Hardware stack levels used:    1
 Hardware stack levels required when called:    8
 This function calls:
		_printf
 This function is called by:
		_onSetup
		_IntervalTick
 This function uses a non-reentrant model


 *************** function _printf *****************
 Defined at:
		line 14 in file "/Applications/microchip/xc8/v1.12/sources/printf.c"
 Parameters:    Size  Location     Type
  f               2   62[BANK0 ] PTR const unsigned char 
		 -> STR_2(33), STR_1(14), 
 Auto vars:     Size  Location     Type
  pb              4   68[BANK0 ] struct __prbuf
  ap              2   66[BANK0 ] PTR void [1]
		 -> ?_sprintf(2), ?_printf(2), 
 Return value:  Size  Location     Type
                  2   62[BANK0 ] int 
 Registers used:
		wreg, fsr0l, fsr0h, fsr2l, fsr2h, status,2, status,0, pclat, tosl, tblptrl, tblptrh, tblptru, prodl, prodh, cstack
 Tracked objects:
		On entry : 
		On exit  : 
		Unchanged: 
 Data sizes:     COMRAM   BANK0   BANK1   BANK2   BANK3   BANK4   BANK5   BANK6   BANK7   BANK8   BANK9  BANK10  BANK11  BANK12
      Params:         0       4       0       0       0       0       0       0       0       0       0       0       0       0
      Locals:         0       6       0       0       0       0       0       0       0       0       0       0       0       0
      Temps:          0       0       0       0       0       0       0       0       0       0       0       0       0       0
      Totals:         0      10       0       0       0       0       0       0       0       0       0       0       0       0
Total ram usage:       10 bytes
 Hardware stack levels used:    1
 Hardware stack levels required when called:    7
 This function calls:
		__doprnt
 This function is called by:
		_myTimer
		_gotJ
 This function uses a non-reentrant model


 *************** function _jsonGetValue *****************
 Defined at:
		line 28 in file "json.c"
 Parameters:    Size  Location     Type
  input           2   32[BANK0 ] PTR unsigned char 
		 -> callbackDString(100), callbackCString(100), callbackBString(100), callbackAString(100), 
		 -> NULL(0), 
  key             2   34[BANK0 ] PTR unsigned char 
		 -> STR_3(3), 
 Auto vars:     Size  Location     Type
  p               2   58[BANK0 ] PTR unsigned char 
		 -> result(200), 
  i               2   56[BANK0 ] int 
  length_sub_s    4   52[BANK0 ] unsigned long 
  length_subst    4   44[BANK0 ] unsigned long 
  length_subst    4   40[BANK0 ] unsigned long 
  result_float    2   50[BANK0 ] int 
  substr2_s       2   48[BANK0 ] PTR unsigned char 
		 -> callbackDString(100), callbackCString(100), callbackBString(100), callbackAString(100), 
		 -> NULL(0), 
  substr_s        2   60[BANK0 ] PTR unsigned char 
		 -> callbackDString(100), callbackCString(100), callbackBString(100), callbackAString(100), 
		 -> NULL(0), 
 Return value:  Size  Location     Type
                  2   32[BANK0 ] int 
 Registers used:
		wreg, fsr0l, fsr0h, fsr1l, fsr1h, fsr2l, fsr2h, status,2, status,0, pclat, tosl, structret, tblptrl, tblptrh, tblptru, prodl, prodh, bsr, cstack
 Tracked objects:
		On entry : 
		On exit  : 
		Unchanged: 
 Data sizes:     COMRAM   BANK0   BANK1   BANK2   BANK3   BANK4   BANK5   BANK6   BANK7   BANK8   BANK9  BANK10  BANK11  BANK12
      Params:         0       4       0       0       0       0       0       0       0       0       0       0       0       0
      Locals:         0      22       0       0       0       0       0       0       0       0       0       0       0       0
      Temps:          0       4       0       0       0       0       0       0       0       0       0       0       0       0
      Totals:         0      30       0       0       0       0       0       0       0       0       0       0       0       0
Total ram usage:       30 bytes
 Hardware stack levels used:    1
 Hardware stack levels required when called:    8
 This function calls:
		_sprintf
		_strstr
		_strlen
		_atoi
 This function is called by:
		_gotJ
 This function uses a non-reentrant model


 *************** function _atoi *****************
 Defined at:
		line 6 in file "/Applications/microchip/xc8/v1.12/sources/atoi.c"
 Parameters:    Size  Location     Type
  s               2   32[COMRAM] PTR const unsigned char 
		 -> result(200), 
 Auto vars:     Size  Location     Type
  a               2   38[COMRAM] int 
  sign            1   37[COMRAM] unsigned char 
 Return value:  Size  Location     Type
                  2   32[COMRAM] int 
 Registers used:
		wreg, fsr2l, fsr2h, status,2, status,0, cstack
 Tracked objects:
		On entry : 
		On exit  : 
		Unchanged: 
 Data sizes:     COMRAM   BANK0   BANK1   BANK2   BANK3   BANK4   BANK5   BANK6   BANK7   BANK8   BANK9  BANK10  BANK11  BANK12
      Params:         2       0       0       0       0       0       0       0       0       0       0       0       0       0
      Locals:         3       0       0       0       0       0       0       0       0       0       0       0       0       0
      Temps:          3       0       0       0       0       0       0       0       0       0       0       0       0       0
      Totals:         8       0       0       0       0       0       0       0       0       0       0       0       0       0
Total ram usage:        8 bytes
 Hardware stack levels used:    1
 Hardware stack levels required when called:    6
 This function calls:
		___wmul
		_isdigit
 This function is called by:
		_jsonGetValue
 This function uses a non-reentrant model


 *************** function _strstr *****************
 Defined at:
		line 5 in file "/Applications/microchip/xc8/v1.12/sources/strstr.c"
 Parameters:    Size  Location     Type
  s1              2    3[BANK0 ] PTR const unsigned char 
		 -> callbackDString(100), callbackCString(100), callbackBString(100), callbackAString(100), 
		 -> NULL(0), 
  s2              2    5[BANK0 ] PTR const unsigned char 
		 -> STR_15(3), STR_14(2), KEY_COLON_SPACE(200), STR_9(3), 
		 -> STR_8(2), jsonGetValue@KEY_COLON_SPACE(200), 
 Auto vars:     Size  Location     Type
		None
 Return value:  Size  Location     Type
                  2    3[BANK0 ] PTR unsigned char 
 Registers used:
		wreg, fsr0l, fsr0h, fsr2l, fsr2h, status,2, status,0, tblptrl, tblptrh, tblptru, cstack
 Tracked objects:
		On entry : 
		On exit  : 
		Unchanged: 
 Data sizes:     COMRAM   BANK0   BANK1   BANK2   BANK3   BANK4   BANK5   BANK6   BANK7   BANK8   BANK9  BANK10  BANK11  BANK12
      Params:         0       4       0       0       0       0       0       0       0       0       0       0       0       0
      Locals:         0       0       0       0       0       0       0       0       0       0       0       0       0       0
      Temps:          1       0       0       0       0       0       0       0       0       0       0       0       0       0
      Totals:         1       4       0       0       0       0       0       0       0       0       0       0       0       0
Total ram usage:        5 bytes
 Hardware stack levels used:    1
 Hardware stack levels required when called:    6
 This function calls:
		_strlen
		_strncmp
		_strchr
 This function is called by:
		_jsonGetValue
		_jsonGetString
 This function uses a non-reentrant model


 *************** function _strlen *****************
 Defined at:
		line 5 in file "/Applications/microchip/xc8/v1.12/sources/strlen.c"
 Parameters:    Size  Location     Type
  s               2   26[COMRAM] PTR const unsigned char 
		 -> STR_15(3), STR_14(2), KEY_COLON_SPACE(200), result(200), 
		 -> STR_9(3), STR_8(2), jsonGetValue@KEY_COLON_SPACE(200), callbackDString(100), 
		 -> callbackCString(100), callbackBString(100), callbackAString(100), NULL(0), 
 Auto vars:     Size  Location     Type
  cp              2   30[COMRAM] PTR const unsigned char 
		 -> STR_15(3), STR_14(2), KEY_COLON_SPACE(200), result(200), 
		 -> STR_9(3), STR_8(2), jsonGetValue@KEY_COLON_SPACE(200), callbackDString(100), 
		 -> callbackCString(100), callbackBString(100), callbackAString(100), NULL(0), 
 Return value:  Size  Location     Type
                  2   26[COMRAM] unsigned int 
 Registers used:
		wreg, fsr0l, fsr0h, status,2, status,0, tblptrl, tblptrh, tblptru
 Tracked objects:
		On entry : 
		On exit  : 
		Unchanged: 
 Data sizes:     COMRAM   BANK0   BANK1   BANK2   BANK3   BANK4   BANK5   BANK6   BANK7   BANK8   BANK9  BANK10  BANK11  BANK12
      Params:         2       0       0       0       0       0       0       0       0       0       0       0       0       0
      Locals:         2       0       0       0       0       0       0       0       0       0       0       0       0       0
      Temps:          2       0       0       0       0       0       0       0       0       0       0       0       0       0
      Totals:         6       0       0       0       0       0       0       0       0       0       0       0       0       0
Total ram usage:        6 bytes
 Hardware stack levels used:    1
 Hardware stack levels required when called:    5
 This function calls:
		Nothing
 This function is called by:
		_jsonGetValue
		_strstr
		_SerialWrite
		_jsonSetString
		_jsonSetValue
		_jsonGetString
 This function uses a non-reentrant model


 *************** function _sprintf *****************
 Defined at:
		line 14 in file "/Applications/microchip/xc8/v1.12/sources/sprintf.c"
 Parameters:    Size  Location     Type
  wh              2   16[BANK0 ] PTR unsigned char 
		 -> KEY_COLON_SPACE(200), jsonGetValue@KEY_COLON_SPACE(200), 
  f               2   18[BANK0 ] PTR const unsigned char 
		 -> STR_12(7), STR_11(14), STR_10(16), STR_6(7), 
		 -> STR_5(4), 
 Auto vars:     Size  Location     Type
  pb              4   28[BANK0 ] struct __prbuf
  ap              2   26[BANK0 ] PTR void [1]
		 -> ?_sprintf(2), ?_printf(2), 
 Return value:  Size  Location     Type
                  2   16[BANK0 ] int 
 Registers used:
		wreg, fsr0l, fsr0h, fsr2l, fsr2h, status,2, status,0, pclat, tosl, tblptrl, tblptrh, tblptru, prodl, prodh, cstack
 Tracked objects:
		On entry : 
		On exit  : 
		Unchanged: 
 Data sizes:     COMRAM   BANK0   BANK1   BANK2   BANK3   BANK4   BANK5   BANK6   BANK7   BANK8   BANK9  BANK10  BANK11  BANK12
      Params:         0      10       0       0       0       0       0       0       0       0       0       0       0       0
      Locals:         0       6       0       0       0       0       0       0       0       0       0       0       0       0
      Temps:          0       0       0       0       0       0       0       0       0       0       0       0       0       0
      Totals:         0      16       0       0       0       0       0       0       0       0       0       0       0       0
Total ram usage:       16 bytes
 Hardware stack levels used:    1
 Hardware stack levels required when called:    7
 This function calls:
		__doprnt
 This function is called by:
		_jsonGetValue
		_jsonNew
		_jsonSetString
		_jsonSetValue
		_jsonGetString
 This function uses a non-reentrant model


 *************** function _isdigit *****************
 Defined at:
		line 13 in file "/Applications/microchip/xc8/v1.12/sources/isdigit.c"
 Parameters:    Size  Location     Type
  c               1   26[COMRAM] unsigned char 
 Auto vars:     Size  Location     Type
		None
 Return value:  Size  Location     Type
		None               void
 Registers used:
		wreg, status,2, status,0
 Tracked objects:
		On entry : 
		On exit  : 
		Unchanged: 
 Data sizes:     COMRAM   BANK0   BANK1   BANK2   BANK3   BANK4   BANK5   BANK6   BANK7   BANK8   BANK9  BANK10  BANK11  BANK12
      Params:         1       0       0       0       0       0       0       0       0       0       0       0       0       0
      Locals:         1       0       0       0       0       0       0       0       0       0       0       0       0       0
      Temps:          1       0       0       0       0       0       0       0       0       0       0       0       0       0
      Totals:         3       0       0       0       0       0       0       0       0       0       0       0       0       0
Total ram usage:        3 bytes
 Hardware stack levels used:    1
 Hardware stack levels required when called:    5
 This function calls:
		Nothing
 This function is called by:
		_atoi
 This function uses a non-reentrant model


 *************** function __doprnt *****************
 Defined at:
		line 459 in file "/Applications/microchip/xc8/v1.12/sources/doprnt.c"
 Parameters:    Size  Location     Type
  pb              2    0[BANK0 ] PTR struct __prbuf
		 -> sprintf@pb(4), printf@pb(4), 
  f               2    2[BANK0 ] PTR const unsigned char 
		 -> STR_12(7), STR_11(14), STR_10(16), STR_6(7), 
		 -> STR_5(4), STR_2(33), STR_1(14), 
  ap              2    4[BANK0 ] PTR PTR void 
		 -> sprintf@ap(2), printf@ap(2), 
 Auto vars:     Size  Location     Type
  _val            4   11[BANK0 ] struct .
  c               1   15[BANK0 ] char 
  prec            1   10[BANK0 ] char 
  flag            1    9[BANK0 ] unsigned char 
 Return value:  Size  Location     Type
                  2    0[BANK0 ] int 
 Registers used:
		wreg, fsr0l, fsr0h, fsr2l, fsr2h, status,2, status,0, pclat, tosl, tblptrl, tblptrh, tblptru, prodl, prodh, cstack
 Tracked objects:
		On entry : 
		On exit  : 
		Unchanged: 
 Data sizes:     COMRAM   BANK0   BANK1   BANK2   BANK3   BANK4   BANK5   BANK6   BANK7   BANK8   BANK9  BANK10  BANK11  BANK12
      Params:         0       6       0       0       0       0       0       0       0       0       0       0       0       0
      Locals:         0       7       0       0       0       0       0       0       0       0       0       0       0       0
      Temps:          0       3       0       0       0       0       0       0       0       0       0       0       0       0
      Totals:         0      16       0       0       0       0       0       0       0       0       0       0       0       0
Total ram usage:       16 bytes
 Hardware stack levels used:    1
 Hardware stack levels required when called:    6
 This function calls:
		Absolute function
		_putch
		___lwdiv
		___lwmod
 This function is called by:
		_printf
		_sprintf
 This function uses a non-reentrant model


 *************** function _putch *****************
 Defined at:
		line 9 in file "macaw.c"
 Parameters:    Size  Location     Type
  data            1   26[COMRAM] unsigned char 
 Auto vars:     Size  Location     Type
		None
 Return value:  Size  Location     Type
		None               void
 Registers used:
		wreg
 Tracked objects:
		On entry : 
		On exit  : 
		Unchanged: 
 Data sizes:     COMRAM   BANK0   BANK1   BANK2   BANK3   BANK4   BANK5   BANK6   BANK7   BANK8   BANK9  BANK10  BANK11  BANK12
      Params:         1       0       0       0       0       0       0       0       0       0       0       0       0       0
      Locals:         0       0       0       0       0       0       0       0       0       0       0       0       0       0
      Temps:          0       0       0       0       0       0       0       0       0       0       0       0       0       0
      Totals:         1       0       0       0       0       0       0       0       0       0       0       0       0       0
Total ram usage:        1 bytes
 Hardware stack levels used:    1
 Hardware stack levels required when called:    5
 This function calls:
		Nothing
 This function is called by:
		_printf
		__doprnt
 This function uses a non-reentrant model


 *************** function ___awmod *****************
 Defined at:
		line 10 in file "/Applications/microchip/xc8/v1.12/sources/awmod.c"
 Parameters:    Size  Location     Type
  dividend        2   26[COMRAM] int 
  divisor         2   28[COMRAM] int 
 Auto vars:     Size  Location     Type
  sign            1   32[COMRAM] unsigned char 
  counter         1   31[COMRAM] unsigned char 
 Return value:  Size  Location     Type
                  2   26[COMRAM] int 
 Registers used:
		wreg, status,2, status,0
 Tracked objects:
		On entry : 
		On exit  : 
		Unchanged: 
 Data sizes:     COMRAM   BANK0   BANK1   BANK2   BANK3   BANK4   BANK5   BANK6   BANK7   BANK8   BANK9  BANK10  BANK11  BANK12
[...]
      Totals:         6       3       0       0       0       0       0       0       0       0       0       0       0       0
Total ram usage:        9 bytes
 Hardware stack levels used:    1
 Hardware stack levels required when called:    5
 This function calls:
		Nothing
 This function is called by:
		_strstr
 This function uses a non-reentrant model


 *************** function _strchr *****************
 Defined at:
		line 5 in file "/Applications/microchip/xc8/v1.12/sources/strchr.c"
 Parameters:    Size  Location     Type
  ptr             2   26[COMRAM] PTR const unsigned char 
		 -> callbackDString(100), callbackCString(100), callbackBString(100), callbackAString(100), 
		 -> NULL(0), 
  chr             2   28[COMRAM] int 
 Auto vars:     Size  Location     Type
		None
 Return value:  Size  Location     Type
                  2   26[COMRAM] PTR unsigned char 
 Registers used:
		wreg, fsr2l, fsr2h, status,2, status,0
 Tracked objects:
		On entry : 
		On exit  : 
		Unchanged: 
 Data sizes:     COMRAM   BANK0   BANK1   BANK2   BANK3   BANK4   BANK5   BANK6   BANK7   BANK8   BANK9  BANK10  BANK11  BANK12
      Params:         4       0       0       0       0       0       0       0       0       0       0       0       0       0
      Locals:         0       0       0       0       0       0       0       0       0       0       0       0       0       0
      Temps:          0       0       0       0       0       0       0       0       0       0       0       0       0       0
      Totals:         4       0       0       0       0       0       0       0       0       0       0       0       0       0
Total ram usage:        4 bytes
 Hardware stack levels used:    1
 Hardware stack levels required when called:    5
 This function calls:
		Nothing
 This function is called by:
		_strstr
 This function uses a non-reentrant model


 *************** function ___wmul *****************
 Defined at:
		line 3 in file "/Applications/microchip/xc8/v1.12/sources/wmul.c"
 Parameters:    Size  Location     Type
  multiplier      2   26[COMRAM] unsigned int 
  multiplicand    2   28[COMRAM] unsigned int 
 Auto vars:     Size  Location     Type
  product         2   30[COMRAM] unsigned int 
 Return value:  Size  Location     Type
                  2   26[COMRAM] unsigned int 
 Registers used:
		wreg, status,2, status,0
 Tracked objects:
		On entry : 
		On exit  : 
		Unchanged: 
 Data sizes:     COMRAM   BANK0   BANK1   BANK2   BANK3   BANK4   BANK5   BANK6   BANK7   BANK8   BANK9  BANK10  BANK11  BANK12
      Params:         4       0       0       0       0       0       0       0       0       0       0       0       0       0
      Locals:         2       0       0       0       0       0       0       0       0       0       0       0       0       0
      Temps:          0       0       0       0       0       0       0       0       0       0       0       0       0       0
      Totals:         6       0       0       0       0       0       0       0       0       0       0       0       0       0
Total ram usage:        6 bytes
 Hardware stack levels used:    1
 Hardware stack levels required when called:    5
 This function calls:
		Nothing
 This function is called by:
		_atoi
 This function uses a non-reentrant model


 *************** function _onInterrupt *****************
 Defined at:
		line 9 in file "interrupts.h"
 Parameters:    Size  Location     Type
		None
 Auto vars:     Size  Location     Type
		None
 Return value:  Size  Location     Type
		None               void
 Registers used:
		wreg, fsr0l, fsr0h, fsr2l, fsr2h, status,2, status,0, pclat, tosl, tblptrl, tblptrh, tblptru, cstack
 Tracked objects:
		On entry : 
		On exit  : 
		Unchanged: 
 Data sizes:     COMRAM   BANK0   BANK1   BANK2   BANK3   BANK4   BANK5   BANK6   BANK7   BANK8   BANK9  BANK10  BANK11  BANK12
      Params:         0       0       0       0       0       0       0       0       0       0       0       0       0       0
      Locals:         0       0       0       0       0       0       0       0       0       0       0       0       0       0
      Temps:         14       0       0       0       0       0       0       0       0       0       0       0       0       0
      Totals:        14       0       0       0       0       0       0       0       0       0       0       0       0       0
Total ram usage:       14 bytes
 Hardware stack levels used:    1
 Hardware stack levels required when called:    4
 This function calls:
		_JWireOnInterrupt
		_OnIntervalInterrupt
		_OnSerialInterrupt
		_SerialWriteInterrupt
 This function is called by:
		Interrupt level 2
 This function uses a non-reentrant model


 *************** function _JWireOnInterrupt *****************
 Defined at:
		line 23 in file "jwire.c"
 Parameters:    Size  Location     Type
		None
 Auto vars:     Size  Location     Type
  data            2   10[COMRAM] int 
  addr            2    8[COMRAM] int 
 Return value:  Size  Location     Type
		None               void
 Registers used:
		wreg, fsr0l, fsr0h, fsr2l, fsr2h, status,2, status,0, pclat, tosl, tblptrl, tblptrh, tblptru, cstack
 Tracked objects:
		On entry : 
		On exit  : 
		Unchanged: 
 Data sizes:     COMRAM   BANK0   BANK1   BANK2   BANK3   BANK4   BANK5   BANK6   BANK7   BANK8   BANK9  BANK10  BANK11  BANK12
      Params:         0       0       0       0       0       0       0       0       0       0       0       0       0       0
      Locals:         4       0       0       0       0       0       0       0       0       0       0       0       0       0
      Temps:          0       0       0       0       0       0       0       0       0       0       0       0       0       0
      Totals:         4       0       0       0       0       0       0       0       0       0       0       0       0       0
Total ram usage:        4 bytes
 Hardware stack levels used:    1
 Hardware stack levels required when called:    3
 This function calls:
		_Async
		_onRequest
		Absolute function
 This function is called by:
		_onInterrupt
 This function uses a non-reentrant model


 *************** function _OnIntervalInterrupt *****************
 Defined at:
		line 29 in file "interval.c"
 Parameters:    Size  Location     Type
		None
 Auto vars:     Size  Location     Type
		None
 Return value:  Size  Location     Type
		None               void
 Registers used:
		wreg, fsr0l, fsr0h, fsr2l, fsr2h, status,2, status,0, tblptrl, tblptrh, tblptru, cstack
 Tracked objects:
		On entry : 
		On exit  : 
		Unchanged: 
 Data sizes:     COMRAM   BANK0   BANK1   BANK2   BANK3   BANK4   BANK5   BANK6   BANK7   BANK8   BANK9  BANK10  BANK11  BANK12
      Params:         0       0       0       0       0       0       0       0       0       0       0       0       0       0
      Locals:         0       0       0       0       0       0       0       0       0       0       0       0       0       0
      Temps:          0       0       0       0       0       0       0       0       0       0       0       0       0       0
      Totals:         0       0       0       0       0       0       0       0       0       0       0       0       0       0
Total ram usage:        0 bytes
 Hardware stack levels used:    1
 Hardware stack levels required when called:    2
 This function calls:
		_Async
 This function is called by:
		_onInterrupt
 This function uses a non-reentrant model


 *************** function _OnSerialInterrupt *****************
 Defined at:
		line 12 in file "serial.c"
 Parameters:    Size  Location     Type
		None
 Auto vars:     Size  Location     Type
  data            1    9[COMRAM] unsigned char 
  err             1    8[COMRAM] unsigned char 
 Return value:  Size  Location     Type
		None               void
 Registers used:
		wreg, fsr0l, fsr0h, fsr2l, fsr2h, status,2, status,0, tblptrl, tblptrh, tblptru, cstack
 Tracked objects:
		On entry : 
		On exit  : 
		Unchanged: 
 Data sizes:     COMRAM   BANK0   BANK1   BANK2   BANK3   BANK4   BANK5   BANK6   BANK7   BANK8   BANK9  BANK10  BANK11  BANK12
      Params:         0       0       0       0       0       0       0       0       0       0       0       0       0       0
      Locals:         2       0       0       0       0       0       0       0       0       0       0       0       0       0
      Temps:          0       0       0       0       0       0       0       0       0       0       0       0       0       0
      Totals:         2       0       0       0       0       0       0       0       0       0       0       0       0       0
Total ram usage:        2 bytes
 Hardware stack levels used:    1
 Hardware stack levels required when called:    2
 This function calls:
		_Async
 This function is called by:
		_onInterrupt
 This function uses a non-reentrant model


 *************** function _Async *****************
 Defined at:
		line 20 in file "async.c"
 Parameters:    Size  Location     Type
  function        2    4[COMRAM] PTR FTN()void 
		 -> gotJ(0), IntervalTick(0), Absolute function(0), 
  string          2    6[COMRAM] PTR unsigned char 
		 -> buffer(100), bufferSerial(100), NULL(0), 
 Auto vars:     Size  Location     Type
		None
 Return value:  Size  Location     Type
		None               void
 Registers used:
		wreg, fsr0l, fsr0h, fsr2l, fsr2h, status,2, status,0, tblptrl, tblptrh, tblptru, cstack
 Tracked objects:
		On entry : 
		On exit  : 
		Unchanged: 
 Data sizes:     COMRAM   BANK0   BANK1   BANK2   BANK3   BANK4   BANK5   BANK6   BANK7   BANK8   BANK9  BANK10  BANK11  BANK12
      Params:         4       0       0       0       0       0       0       0       0       0       0       0       0       0
      Locals:         0       0       0       0       0       0       0       0       0       0       0       0       0       0
      Temps:          0       0       0       0       0       0       0       0       0       0       0       0       0       0
      Totals:         4       0       0       0       0       0       0       0       0       0       0       0       0       0
Total ram usage:        4 bytes
 Hardware stack levels used:    1
 Hardware stack levels required when called:    1
 This function calls:
		_strcpy2
 This function is called by:
		_OnIntervalInterrupt
		_OnSerialInterrupt
		_JWireOnInterrupt
 This function uses a non-reentrant model


 *************** function _SerialWriteInterrupt *****************
 Defined at:
		line 86 in file "serial.c"
 Parameters:    Size  Location     Type
		None
 Auto vars:     Size  Location     Type
		None
 Return value:  Size  Location     Type
		None               void
 Registers used:
		wreg, fsr2l, fsr2h, status,2, status,0
 Tracked objects:
		On entry : 
		On exit  : 
		Unchanged: 
 Data sizes:     COMRAM   BANK0   BANK1   BANK2   BANK3   BANK4   BANK5   BANK6   BANK7   BANK8   BANK9  BANK10  BANK11  BANK12
      Params:         0       0       0       0       0       0       0       0       0       0       0       0       0       0
      Locals:         0       0       0       0       0       0       0       0       0       0       0       0       0       0
      Temps:          0       0       0       0       0       0       0       0       0       0       0       0       0       0
      Totals:         0       0       0       0       0       0       0       0       0       0       0       0       0       0
Total ram usage:        0 bytes
 Hardware stack levels used:    1
 This function calls:
		Nothing
 This function is called by:
		_onInterrupt
 This function uses a non-reentrant model


 *************** function _onRequest *****************
 Defined at:
		line 38 in file "main.c"
 Parameters:    Size  Location     Type
		None
 Auto vars:     Size  Location     Type
		None
 Return value:  Size  Location     Type
		None               void
 Registers used:
		wreg, fsr0l, fsr0h, fsr2l, fsr2h, status,2, status,0, tblptrl, tblptrh, tblptru, cstack
 Tracked objects:
		On entry : 
		On exit  : 
		Unchanged: 
 Data sizes:     COMRAM   BANK0   BANK1   BANK2   BANK3   BANK4   BANK5   BANK6   BANK7   BANK8   BANK9  BANK10  BANK11  BANK12
      Params:         0       0       0       0       0       0       0       0       0       0       0       0       0       0
      Locals:         0       0       0       0       0       0       0       0       0       0       0       0       0       0
      Temps:          0       0       0       0       0       0       0       0       0       0       0       0       0       0
      Totals:         0       0       0       0       0       0       0       0       0       0       0       0       0       0
Total ram usage:        0 bytes
 Hardware stack levels used:    1
 Hardware stack levels required when called:    2
 This function calls:
		_JWireRespond
 This function is called by:
		_onSetup
		_JWireOnInterrupt
 This function uses a non-reentrant model


 *************** function _JWireRespond *****************
 Defined at:
		line 115 in file "jwire.c"
 Parameters:    Size  Location     Type
  msg             2    4[COMRAM] PTR unsigned char 
		 -> STR_4(67), 
 Auto vars:     Size  Location     Type
		None
 Return value:  Size  Location     Type
		None               void
 Registers used:
		wreg, fsr0l, fsr0h, fsr2l, fsr2h, status,2, status,0, tblptrl, tblptrh, tblptru, cstack
 Tracked objects:
		On entry : 
		On exit  : 
		Unchanged: 
 Data sizes:     COMRAM   BANK0   BANK1   BANK2   BANK3   BANK4   BANK5   BANK6   BANK7   BANK8   BANK9  BANK10  BANK11  BANK12
      Params:         2       0       0       0       0       0       0       0       0       0       0       0       0       0
      Locals:         0       0       0       0       0       0       0       0       0       0       0       0       0       0
      Temps:          0       0       0       0       0       0       0       0       0       0       0       0       0       0
      Totals:         2       0       0       0       0       0       0       0       0       0       0       0       0       0
Total ram usage:        2 bytes
 Hardware stack levels used:    1
 Hardware stack levels required when called:    1
 This function calls:
		_strcpy2
 This function is called by:
		_onRequest
 This function uses a non-reentrant model


 *************** function _strcpy2 *****************
 Defined at:
		line 3 in file "string2.c"
 Parameters:    Size  Location     Type
  dest            2    0[COMRAM] PTR unsigned char 
		 -> KEY_COLON_SPACE(200), buffer(100), callbackDString(100), callbackCString(100), 
		 -> callbackBString(100), callbackAString(100), 
  loc             2    2[COMRAM] PTR const unsigned char 
		 -> result(200), STR_4(67), buffer(100), bufferSerial(100), 
		 -> NULL(0), 
 Auto vars:     Size  Location     Type
		None
 Return value:  Size  Location     Type
		None               void
 Registers used:
		wreg, fsr0l, fsr0h, fsr2l, fsr2h, status,2, status,0, tblptrl, tblptrh, tblptru
 Tracked objects:
		On entry : 
		On exit  : 
		Unchanged: 
 Data sizes:     COMRAM   BANK0   BANK1   BANK2   BANK3   BANK4   BANK5   BANK6   BANK7   BANK8   BANK9  BANK10  BANK11  BANK12
      Params:         4       0       0       0       0       0       0       0       0       0       0       0       0       0
      Locals:         0       0       0       0       0       0       0       0       0       0       0       0       0       0
      Temps:          0       0       0       0       0       0       0       0       0       0       0       0       0       0
      Totals:         4       0       0       0       0       0       0       0       0       0       0       0       0       0
Total ram usage:        4 bytes
 Hardware stack levels used:    1
 This function calls:
		Nothing
 This function is called by:
		_Async
		_JWireRespond
		_jsonSetString
		_jsonSetValue
		_jsonGetString
 This function uses a non-reentrant model



MODULE INFORMATION

Module		Function		Class		Link	Load	Size
/Applications/microchip/xc8/v1.12/sources/strlen.c
		_strlen        		CODE           	21C8	0000	94

/Applications/microchip/xc8/v1.12/sources/strlen.c estimated size: 94

string2.c
		_strcpy2       		CODE           	1F28	0000	132

string2.c estimated size: 132

async.c
		_AsyncTick     		CODE           	195E	0000	222
		_AsyncBegin    		CODE           	23D8	0000	34
		_Async         		CODE           	1BD8	0000	192

async.c estimated size: 448

json.c
		_jsonGetValue  		CODE           	12C2	0000	752

json.c estimated size: 752

/Applications/microchip/xc8/v1.12/sources/atoi.c
		_atoi          		CODE           	176C	0000	254

/Applications/microchip/xc8/v1.12/sources/atoi.c estimated size: 254

shared
		__stringdata   		SMALLCONST     	0D0A	0000	171
		_dpowers       		SMALLCONST     	0D00	0000	10
		__initializatio		CODE           	1FAC	0000	108

shared estimated size: 289

/Applications/microchip/xc8/v1.12/sources/isdigit.c
		_isdigit       		CODE           	2384	0000	48

/Applications/microchip/xc8/v1.12/sources/isdigit.c estimated size: 48

/Applications/microchip/xc8/v1.12/sources/printf.c
		_printf        		CODE           	2164	0000	100

/Applications/microchip/xc8/v1.12/sources/printf.c estimated size: 100

macaw.c
		_putch         		CODE           	2478	0000	18
		_MacawBegin    		CODE           	24AC	0000	6

macaw.c estimated size: 24

/Applications/microchip/xc8/v1.12/sources/strchr.c
		_strchr        		CODE           	22C8	0000	64

/Applications/microchip/xc8/v1.12/sources/strchr.c estimated size: 64

jspic.c
		_main          		CODE           	23B4	0000	36

jspic.c estimated size: 36

main.c
		_onRequest     		CODE           	248A	0000	14
		_onLoop        		CODE           	24B2	0000	4
		_onSetup       		CODE           	2282	0000	70
		_myTimer       		CODE           	244C	0000	22
		_gotJ          		CODE           	2308	0000	62

main.c estimated size: 172

serial.c
		_SerialBegin   		CODE           	23FA	0000	30
		_SerialWriteInt		CODE           	1E9E	0000	138
		_OnSerialInterr		CODE           	201E	0000	112

serial.c estimated size: 280

/Applications/microchip/xc8/v1.12/sources/strncmp.c
		_strncmp       		CODE           	1A3C	0000	212

/Applications/microchip/xc8/v1.12/sources/strncmp.c estimated size: 212

/Applications/microchip/xc8/v1.12/sources/awmod.c
		___awmod       		CODE           	1D52	0000	168

/Applications/microchip/xc8/v1.12/sources/awmod.c estimated size: 168

/Applications/microchip/xc8/v1.12/sources/wmul.c
		___wmul        		CODE           	2346	0000	62

/Applications/microchip/xc8/v1.12/sources/wmul.c estimated size: 62

interrupts.h
		_onInterrupt   		CODE           	0008	0000	7830

interrupts.h estimated size: 7830

/Applications/microchip/xc8/v1.12/sources/lwmod.c
		___lwmod       		CODE           	2226	0000	92

/Applications/microchip/xc8/v1.12/sources/lwmod.c estimated size: 92

/Applications/microchip/xc8/v1.12/sources/lwdiv.c
		___lwdiv       		CODE           	208E	0000	108

/Applications/microchip/xc8/v1.12/sources/lwdiv.c estimated size: 108

/Applications/microchip/xc8/v1.12/sources/doprnt.c
		__doprnt       		CODE           	0DB6	0000	1292

/Applications/microchip/xc8/v1.12/sources/doprnt.c estimated size: 1292

interval.c
		_SetInterval   		CODE           	1C98	0000	186
		_OnIntervalInte		CODE           	2462	0000	22
		_IntervalTick  		CODE           	186A	0000	244

interval.c estimated size: 452

/Applications/microchip/xc8/v1.12/sources/strstr.c
		_strstr        		CODE           	1B10	0000	200

/Applications/microchip/xc8/v1.12/sources/strstr.c estimated size: 200

jwire.c
		_JWireRespond  		CODE           	2432	0000	26
		_JWireOnInterru		CODE           	15B2	0000	442
		_JWireOnReceive		CODE           	2498	0000	10
		_JWireOnRequest		CODE           	24A2	0000	10
		_JWireBegin    		CODE           	2418	0000	26

jwire.c estimated size: 514

/Applications/microchip/xc8/v1.12/sources/sprintf.c
		_sprintf       		CODE           	20FA	0000	106

/Applications/microchip/xc8/v1.12/sources/sprintf.c estimated size: 106

