Microchip MPLAB XC8 Compiler V1.12 ()

Linker command line:

-W4 --edf=/opt/microchip/xc8/v1.12/dat/en_msgs.txt -cs \
  -h+dist/default/production/JSPIC.production.sym -z -Q18F2680 -ol.obj \
  -Mdist/default/production/JSPIC.production.map -E1 -ver=XC8 \
  -ACODE=00h-0FFFFh -ACONST=00h-0FFFFh -ASMALLCONST=0D00h-0DFFhx243 \
  -AMEDIUMCONST=0D00h-0FFFFh -ACOMRAM=01h-05Fh -AABS1=00h-0CFFh \
  -ABIGRAM=01h-0CFFh -ARAM=060h-0FFh,0100h-01FFhx12 -ABANK0=060h-0FFh \
  -ABANK1=0100h-01FFh -ABANK2=0200h-02FFh -ABANK3=0300h-03FFh \
  -ABANK4=0400h-04FFh -ABANK5=0500h-05FFh -ABANK6=0600h-06FFh \
  -ABANK7=0700h-07FFh -ABANK8=0800h-08FFh -ABANK9=0900h-09FFh \
  -ABANK10=0A00h-0AFFh -ABANK11=0B00h-0BFFh -ABANK12=0C00h-0CFFh \
  -ASFR=0D00h-0DFFhx2,0F00h-0F5Fh,0F60h-0FFFh \
  -preset_vec=00h,intcode=08h,intcodelo,powerup,init,end_init \
  -pramtop=0D00h -psmallconst=SMALLCONST -pmediumconst=MEDIUMCONST \
  -pconst=CONST -AFARRAM=00h-00h -ACONFIG=0300000h-030000Dh -pconfig=CONFIG \
  -AIDLOC=0200000h-0200007h -pidloc=IDLOC -AEEDATA=0F00000h-0F003FFh \
  -peeprom_data=EEDATA \
  -prdata=COMRAM,nvrram=COMRAM,nvbit=COMRAM,rbss=COMRAM,rbit=COMRAM \
  -pfarbss=FARRAM,fardata=FARRAM \
  -pintsave_regs=BIGRAM,bigbss=BIGRAM,bigdata=BIGRAM -pbss=RAM \
  -pidata=CODE,irdata=CODE,ibigdata=CODE,ifardata=CODE /tmp/cgtIBiy99.obj \
  dist/default/production/JSPIC.production.obj 

Object code version is 3.10

Machine type is 18F2680

Call graph: (short form)




                Name                               Link     Load   Length Selector   Space Scale
/tmp/cgtIBiy99.obj
                end_init                             18       18        4        4       0
                reset_vec                             0        0        4        0       0
                idloc                            200000   200000        8   200000       0
                config                           300000   300000        E   300000       0
dist/default/production/JSPIC.production.obj
                intcode                               8        8       10        4       0
                smallconst                          D00      D00       4E      680       0
                text69                             2974     2974       4A      6A7       0
                text68                             2D8C     2D8C       18      6A7       0
                text67                             2DD0     2DD0       14      6A7       0
                text66                             261E     261E       7C      6A7       0
                text65                             2E16     2E16        E      6A7       0
                text64                             2B6C     2B6C       36      6A7       0
                text63                             2AFE     2AFE       38      6A7       0
                text62                             251C     251C       82      6A7       0
                text61                             28DA     28DA       4E      6A7       0
                text60                             27D8     27D8       5A      6A7       0
                text59                             2C04     2C04       2E      6A7       0
                text58                             2412     2412       86      6A7       0
                text57                             2C80     2C80       26      6A7       0
                text56                             2A06     2A06       44      6A7       0
                text55                             2832     2832       56      6A7       0
                text54                              FF2      FF2      206      6A7       0
                text53                             2AC4     2AC4       3A      6A7       0
                text52                             29BE     29BE       48      6A7       0
                text51                             2A8A     2A8A       3A      6A7       0
                text50                             2DF6     2DF6       12      6A7       0
                text49                             2146     2146       98      6A7       0
                text48                             270C     270C       70      6A7       0
                text47                             1EBE     1EBE       AC      6A7       0
                text46                             13B8     13B8      184      6A7       0
                text45                             153C     153C      17E      6A7       0
                text44                             16BA     16BA      168      6A7       0
                text43                             2B36     2B36       36      6A7       0
                text42                             1AB8     1AB8       DC      6A7       0
                text41                             22FC     22FC       8C      6A7       0
                text40                             1D40     1D40       C4      6A7       0
                text39                             2D42     2D42       1A      6A7       0
                text38                             21DE     21DE       92      6A7       0
                text37                             1822     1822      15C      6A7       0
                text36                             197E     197E      13A      6A7       0
                text35                             277C     277C       5C      6A7       0
                text34                             20AC     20AC       9A      6A7       0
                text33                             2CCA     2CCA       22      6A7       0
                text32                             2C32     2C32       28      6A7       0
                text31                             269A     269A       72      6A7       0
                text30                             200C     200C       A0      6A7       0
                text29                             2DBA     2DBA       16      6A7       0
                text28                             2CEC     2CEC       20      6A7       0
                text27                             2D74     2D74       18      6A7       0
                text26                             2BA2     2BA2       34      6A7       0
                text25                             11F8     11F8      1C0      6A7       0
                text24                             1E04     1E04       BA      6A7       0
                text23                              D4E      D4E      2A4      6A7       0
                text22                             2E38     2E38        8      6A7       0
                text21                             2E2E     2E2E        A      6A7       0
                text20                             2E24     2E24        A      6A7       0
                text19                             1C6E     1C6E       D2      6A7       0
                text18                             2D28     2D28       1A      6A7       0
                text17                             2388     2388       8A      6A7       0
                intcode_body                       1B94     1B94       DA      6A7       0
                text15                             2DE4     2DE4       12      6A7       0
                text14                             2E44     2E44        2      6A7       0
                text13                             2498     2498       84      6A7       0
                text12                             2D5C     2D5C       18      6A7       0
                text11                             2928     2928       4C      6A7       0
                text10                             2888     2888       52      6A7       0
                text9                              2DA4     2DA4       16      6A7       0
                text8                              259E     259E       80      6A7       0
                text7                              2270     2270       8C      6A7       0
                text6                              2BD6     2BD6       2E      6A7       0
                text5                              2CA6     2CA6       24      6A7       0
                text4                              2A4A     2A4A       40      6A7       0
                text3                              2D0C     2D0C       1C      6A7       0
                text2                              2E40     2E40        4      6A7       0
                text1                              2E08     2E08        E      6A7       0
                text0                              2C5A     2C5A       26      6A7       0
                cstackCOMRAM                          1        1       3E        1       1
                cstackBANK0                          F3       F3        7       60       1
                bssBANK11                           B00      B00       96      B00       1
                bssBANK10                           A00      A00       96      A00       1
                bssBANK9                            900      900       96      900       1
                bssBANK8                            800      800       96      800       1
                bssBANK7                            700      700       96      700       1
                bssBANK6                            600      600       96      600       1
                bssBANK5                            500      500       96      500       1
                bssBANK4                            400      400       FA      400       1
                bssBANK3                            300      300       A0      300       1
                bssBANK2                            200      200       A0      200       1
                bssBANK1                            100      100       A3      100       1
                bssBANK0                             60       60       93       60       1
                bssCOMRAM                            3F       3F       21        1       1
                cinit                              1F6A     1F6A       A2      6A7       0
                nvBANK0                              FA       FA        2       60       1

TOTAL           Name                               Link     Load   Length     Space
        CLASS   CODE           
                end_init                             18       18        4         0
                intcode                               8        8       10         0
                reset_vec                             0        0        4         0
                text69                             2974     2974       4A         0
                text68                             2D8C     2D8C       18         0
                text67                             2DD0     2DD0       14         0
                text66                             261E     261E       7C         0
                text65                             2E16     2E16        E         0
                text64                             2B6C     2B6C       36         0
                text63                             2AFE     2AFE       38         0
                text62                             251C     251C       82         0
                text61                             28DA     28DA       4E         0
                text60                             27D8     27D8       5A         0
                text59                             2C04     2C04       2E         0
                text58                             2412     2412       86         0
                text57                             2C80     2C80       26         0
                text56                             2A06     2A06       44         0
                text55                             2832     2832       56         0
                text54                              FF2      FF2      206         0
                text53                             2AC4     2AC4       3A         0
                text52                             29BE     29BE       48         0
                text51                             2A8A     2A8A       3A         0
                text50                             2DF6     2DF6       12         0
                text49                             2146     2146       98         0
                text48                             270C     270C       70         0
                text47                             1EBE     1EBE       AC         0
                text46                             13B8     13B8      184         0
                text45                             153C     153C      17E         0
                text44                             16BA     16BA      168         0
                text43                             2B36     2B36       36         0
                text42                             1AB8     1AB8       DC         0
                text41                             22FC     22FC       8C         0
                text40                             1D40     1D40       C4         0
                text39                             2D42     2D42       1A         0
                text38                             21DE     21DE       92         0
                text37                             1822     1822      15C         0
                text36                             197E     197E      13A         0
                text35                             277C     277C       5C         0
                text34                             20AC     20AC       9A         0
                text33                             2CCA     2CCA       22         0
                text32                             2C32     2C32       28         0
                text31                             269A     269A       72         0
                text30                             200C     200C       A0         0
                text29                             2DBA     2DBA       16         0
                text28                             2CEC     2CEC       20         0
                text27                             2D74     2D74       18         0
                text26                             2BA2     2BA2       34         0
                text25                             11F8     11F8      1C0         0
                text24                             1E04     1E04       BA         0
                text23                              D4E      D4E      2A4         0
                text22                             2E38     2E38        8         0
                text21                             2E2E     2E2E        A         0
                text20                             2E24     2E24        A         0
                text19                             1C6E     1C6E       D2         0
                text18                             2D28     2D28       1A         0
                text17                             2388     2388       8A         0
                intcode_body                       1B94     1B94       DA         0
                text15                             2DE4     2DE4       12         0
                text14                             2E44     2E44        2         0
                text13                             2498     2498       84         0
                text12                             2D5C     2D5C       18         0
                text11                             2928     2928       4C         0
                text10                             2888     2888       52         0
                text9                              2DA4     2DA4       16         0
                text8                              259E     259E       80         0
                text7                              2270     2270       8C         0
                text6                              2BD6     2BD6       2E         0
                text5                              2CA6     2CA6       24         0
                text4                              2A4A     2A4A       40         0
                text3                              2D0C     2D0C       1C         0
                text2                              2E40     2E40        4         0
                text1                              2E08     2E08        E         0
                text0                              2C5A     2C5A       26         0
                cinit                              1F6A     1F6A       A2         0

        CLASS   CONST          

        CLASS   SMALLCONST     
                smallconst                          D00      D00       4E         0

        CLASS   MEDIUMCONST    

        CLASS   COMRAM         
                cstackCOMRAM                          1        1       3E         1
                bssCOMRAM                            3F       3F       21         1

        CLASS   ABS1           

        CLASS   BIGRAM         

        CLASS   RAM            

        CLASS   BANK0          
                cstackBANK0                          F3       F3        7         1
                bssBANK0                             60       60       93         1
                nvBANK0                              FA       FA        2         1

        CLASS   BANK1          
                bssBANK1                            100      100       A3         1

        CLASS   BANK2          
                bssBANK2                            200      200       A0         1

        CLASS   BANK3          
                bssBANK3                            300      300       A0         1

        CLASS   BANK4          
                bssBANK4                            400      400       FA         1

        CLASS   BANK5          
                bssBANK5                            500      500       96         1

        CLASS   BANK6          
                bssBANK6                            600      600       96         1

        CLASS   BANK7          
                bssBANK7                            700      700       96         1

        CLASS   BANK8          
                bssBANK8                            800      800       96         1

        CLASS   BANK9          
                bssBANK9                            900      900       96         1

        CLASS   BANK10         
                bssBANK10                           A00      A00       96         1

        CLASS   BANK11         
                bssBANK11                           B00      B00       96         1

        CLASS   BANK12         

        CLASS   SFR            

        CLASS   FARRAM         

        CLASS   CONFIG         
                config                           300000   300000        E         0

        CLASS   IDLOC          
                idloc                            200000   200000        8         0

        CLASS   EEDATA         



SEGMENTS        Name                           Load    Length   Top    Selector   Space  Class

                reset_vec                      000000  000004  000004         0       0  CODE    
                cstackCOMRAM                   000001  00005F  000060         1       1  COMRAM  
                intcode                        000008  000014  00001C         4       0  CODE    
                bssBANK0                       000060  00009C  0000FC        60       1  BANK0   
                bssBANK1                       000100  0000A3  0001A3       100       1  BANK1   
                bssBANK2                       000200  0000A0  0002A0       200       1  BANK2   
                bssBANK3                       000300  0000A0  0003A0       300       1  BANK3   
                bssBANK4                       000400  0000FA  0004FA       400       1  BANK4   
                bssBANK5                       000500  000096  000596       500       1  BANK5   
                bssBANK6                       000600  000096  000696       600       1  BANK6   
                bssBANK7                       000700  000096  000796       700       1  BANK7   
                bssBANK8                       000800  000096  000896       800       1  BANK8   
                bssBANK9                       000900  000096  000996       900       1  BANK9   
                bssBANK10                      000A00  000096  000A96       A00       1  BANK10  
                bssBANK11                      000B00  000096  000B96       B00       1  BANK11  
                smallconst                     000D00  00004E  000D4E       680       0  SMALLCON
                text23                         000D4E  0020F8  002E46       6A7       0  CODE    
                idloc                          200000  000008  200008    200000       0  IDLOC   
                config                         300000  00000E  30000E    300000       0  CONFIG  


UNUSED ADDRESS RANGES

        Name                Unused          Largest block    Delta
        BANK0            0000FC-0000FF                4
        BANK1            0001A3-0001FF               5D
        BANK10           000A96-000AFF               6A
        BANK11           000B96-000BFF               6A
        BANK12           000C00-000CFF              100
        BANK2            0002A0-0002FF               60
        BANK3            0003A0-0003FF               60
        BANK4            0004FA-0004FF                6
        BANK5            000596-0005FF               6A
        BANK6            000696-0006FF               6A
        BANK7            000796-0007FF               6A
        BANK8            000896-0008FF               6A
        BANK9            000996-0009FF               6A
        BIGRAM           0000FC-0000FF                4
                         0001A3-0001FF               5D
                         0002A0-0002FF               60
                         0003A0-0003FF               60
                         0004FA-0004FF                6
                         000596-0005FF               6A
                         000696-0006FF               6A
                         000796-0007FF               6A
                         000896-0008FF               6A
                         000996-0009FF               6A
                         000A96-000AFF               6A
                         000B96-000CFF              16A
        CODE             000004-000007                4
                         00001C-000CFF              CE4
                         002E46-00FFFF             D1BA
        CONST            000004-000007                4
                         00001C-000CFF              CE4
                         002E46-00FFFF             D1BA
        EEDATA           F00000-F003FF              400
        MEDIUMCONST      002E46-00FFFF             D1BA
        RAM              0000FC-0000FF                4
                         0001A3-0001FF               5D
                         0002A0-0002FF               60
                         0003A0-0003FF               60
                         0004FA-0004FF                6
                         000596-0005FF               6A
                         000696-0006FF               6A
                         000796-0007FF               6A
                         000896-0008FF               6A
                         000996-0009FF               6A
                         000A96-000AFF               6A
                         000B96-000CFF               6A
        SFR              000D00-000FFF              100
        SMALLCONST       002E46-00FFFF              100

                                  Symbol Table

?_Async                                  cstackCOMRAM 000005
?_Count                                  cstackBANK0  0000F3
?_Crash                                  cstackBANK0  0000F3
?_JWireRespond                           cstackCOMRAM 000005
?_JsonGetString                          cstackCOMRAM 00000E
?_JsonGetValue                           cstackCOMRAM 00000E
?_JsonNew                                cstackCOMRAM 00001F
?_JsonSetString                          cstackCOMRAM 00001F
?_JsonSetValue                           cstackCOMRAM 00001F
?_SerialWrite                            cstackCOMRAM 000007
?_SetInterval                            cstackBANK0  0000F3
?_Tweet                                  cstackCOMRAM 000026
?_TweetGetValue                          cstackCOMRAM 000019
?_TweetValue                             cstackCOMRAM 00002B
?_TwitterSendToAll                       cstackCOMRAM 000013
?_TwitterSendToOne                       cstackCOMRAM 000013
?_TwitterWireMasterAddSlave              cstackBANK0  0000F7
?_WireGetString                          cstackCOMRAM 000001
?_WireSend                               cstackCOMRAM 00000B
?___awmod                                cstackCOMRAM 000001
?___lbmod                                cstackCOMRAM 000001
?___lwdiv                                cstackCOMRAM 000001
?___lwmod                                cstackCOMRAM 000008
?___wmul                                 cstackCOMRAM 000001
?_atoi                                   cstackCOMRAM 000007
?_memcpy                                 cstackCOMRAM 000001
?_sprintf                                cstackCOMRAM 00000D
?_strchr                                 cstackCOMRAM 000001
?_strcmp                                 cstackCOMRAM 000001
?_strcpy                                 cstackBANK0  0000F3
?_strcpy2                                cstackBANK0  0000F3
?_strlen                                 cstackCOMRAM 000001
?_strncmp                                cstackCOMRAM 000005
?_strstr                                 cstackCOMRAM 00000B
?i2_Count                                cstackCOMRAM 000001
?i2_Crash                                cstackCOMRAM 000001
?i2_strcpy                               cstackCOMRAM 000001
?i2_strcpy2                              cstackCOMRAM 000001
Async@function                           cstackCOMRAM 000005
Async@string                             cstackCOMRAM 000007
Count@number                             cstackBANK0  0000F3
CountUp@count                            bssBANK0     000074
Crash@id                                 cstackBANK0  0000F3
IntervalTick@time                        bssCOMRAM    00003F
JWireOnInterrupt@data                    cstackCOMRAM 000009
JWireRespond@msg                         cstackCOMRAM 000005
JsonGetString@i                          cstackCOMRAM 000019
JsonGetString@input                      cstackCOMRAM 00000E
JsonGetString@key                        cstackCOMRAM 000010
JsonGetString@length_key                 cstackCOMRAM 000015
JsonGetString@string                     cstackCOMRAM 000011
JsonGetString@substr_s                   cstackCOMRAM 000017
JsonGetValue@i                           cstackCOMRAM 000017
JsonGetValue@input                       cstackCOMRAM 00000E
JsonGetValue@key                         cstackCOMRAM 000010
JsonGetValue@length_key                  cstackCOMRAM 000013
JsonGetValue@substr_s                    cstackCOMRAM 000015
JsonNew@string                           cstackCOMRAM 00001F
JsonSetString@input                      cstackCOMRAM 00001F
JsonSetString@key                        cstackCOMRAM 000021
JsonSetString@len                        cstackCOMRAM 000024
JsonSetString@str                        cstackCOMRAM 000022
JsonSetValue@input                       cstackCOMRAM 00001F
JsonSetValue@key                         cstackCOMRAM 000021
JsonSetValue@len                         cstackCOMRAM 000024
JsonSetValue@value                       cstackCOMRAM 000022
OnSerialInterrupt@data                   bssCOMRAM    00005D
OnSerialInterrupt@i                      cstackCOMRAM 000009
SerialWrite@data                         cstackCOMRAM 000007
SetInterval@callbackToUse                cstackBANK0  0000F5
SetInterval@delayInMs                    cstackBANK0  0000F3
SetInterval@hasLoaded                    bssBANK0     000090
Tweet@callback                           cstackCOMRAM 000028
Tweet@message                            cstackCOMRAM 000027
Tweet@nextSession                        bssBANK0     000076
Tweet@sessionKey                         bssCOMRAM    00005E
Tweet@subject                            cstackCOMRAM 000026
Tweet@to                                 cstackCOMRAM 00002A
TweetReturn@from                         bssBANK1     000158
TweetReturn@to                           bssBANK1     00016C
TweetReturnValue@data                    bssBANK1     000194
TweetValue@callback                      cstackCOMRAM 00002E
TweetValue@message                       bssBANK0     0000E9
TweetValue@subject                       cstackCOMRAM 00002B
TweetValue@to                            cstackCOMRAM 000030
TweetValue@value                         cstackCOMRAM 00002C
TwitterOnReceive@key                     cstackCOMRAM 00001B
TwitterOnReceive@message                 cstackCOMRAM 00001D
TwitterSendToAll@message                 cstackCOMRAM 000013
TwitterSendToOne@message                 cstackCOMRAM 000015
TwitterSendToOne@name                    cstackCOMRAM 000013
TwitterSignUp@nameToUse                  cstackBANK0  0000F9
TwitterWireMasterAddSlave@id             cstackBANK0  0000F7
TwitterWireMasterAddSlave@name           cstackBANK0  0000F9
TwitterWireMasterRequestSlave@current    bssCOMRAM    000041
WireGetString@address                    cstackCOMRAM 000001
WireGetString@callback                   cstackCOMRAM 000003
WireSend@address                         cstackCOMRAM 00000B
WireSend@callback                        cstackCOMRAM 000011
WireSend@data                            cstackCOMRAM 00000D
WireSend@len                             cstackCOMRAM 00000F
_ACKEN                                   (abs)        007E2C
_Async                                   text38       0021DE
_AsyncBegin                              text1        002E08
_AsyncMessage                            bssCOMRAM    000043
_AsyncTick                               text17       002388
_BRG16                                   (abs)        007DC3
_BRGH                                    (abs)        007D62
_CKP                                     (abs)        007E34
_CREN                                    (abs)        007D5C
_Count                                   text15       002DE4
_CountUp                                 text33       002CCA
_Crash                                   text9        002DA4
_FERR                                    (abs)        007D5A
_GIE                                     (abs)        007F97
_HandleReads                             text37       001822
_HandleSends                             text36       00197E
_INTCONbits                              (abs)        000FF2
_IntervalTick                            text19       001C6E
_IsCrashed                               bssBANK0     000078
_JWireOnInterrupt                        text25       0011F8
_JWireRespond                            text27       002D74
_JsonGetString                           text24       001E04
_JsonGetValue                            text40       001D40
_JsonNew                                 text50       002DF6
_JsonSetString                           text51       002A8A
_JsonSetValue                            text53       002AC4
_LA3                                     (abs)        007C4B
_LATA                                    (abs)        000F89
_LedCounterBegin                         text12       002D5C
_MacawBegin                              text2        002E40
_OERR                                    (abs)        007D59
_OSCCONbits                              (abs)        000FD3
_OnIntervalInterrupt                     text29       002DBA
_OnSerialInterrupt                       text30       00200C
_PEIE                                    (abs)        007F96
_PEN                                     (abs)        007E2A
_PORTA                                   (abs)        000F80
_RB6                                     (abs)        007C0E
_RB7                                     (abs)        007C0F
_RCEN                                    (abs)        007E2B
_RCIE                                    (abs)        007CED
_RCIF                                    (abs)        007CF5
_RCREG                                   (abs)        000FAE
_RX9                                     (abs)        007D5E
_SEN                                     (abs)        007E28
_SENDB                                   (abs)        007D63
_SPBRG                                   (abs)        000FAF
_SPEN                                    (abs)        007D5F
_SSPADD                                  (abs)        000FC8
_SSPBUF                                  (abs)        000FC9
_SSPCON1                                 (abs)        000FC6
_SSPEN                                   (abs)        007E35
_SSPIE                                   (abs)        007CEB
_SSPIF                                   (abs)        007CF3
_SSPM0                                   (abs)        007E30
_SSPM1                                   (abs)        007E31
_SSPM2                                   (abs)        007E32
_SSPM3                                   (abs)        007E33
_SSPSTAT                                 (abs)        000FC7
_SSPSTATbits                             (abs)        000FC7
_SYNC                                    (abs)        007D64
_SerialWrite                             text48       00270C
_SerialWriteInterrupt                    text31       00269A
_SetInterval                             text13       002498
_SuperSimpleSerialBegin                  text3        002D0C
_T0CONbits                               (abs)        000FD5
_TRISA                                   (abs)        000F92
_TRISB                                   (abs)        000F93
_TRISBbits                               (abs)        000F93
_TRISC3                                  (abs)        007CA3
_TRISC4                                  (abs)        007CA4
_TRISCbits                               (abs)        000F94
_TX9                                     (abs)        007D66
_TXEN                                    (abs)        007D65
_TXIE                                    (abs)        007CEC
_TXIF                                    (abs)        007CF4
_TXREG                                   (abs)        000FAD
_TryToHelp                               text55       002832
_Tweet                                   text44       0016BA
_TweetGetValue                           text39       002D42
_TweetValue                              text43       002B36
_TwitterOnReceive                        text23       000D4E
_TwitterOnReceiveFromSerial              text20       002E24
_TwitterOnReceiveFromWireMaster          text21       002E2E
_TwitterOnReceiveFromWireSlave           text22       002E38
_TwitterSendToAll                        text45       00153C
_TwitterSendToOne                        text46       0013B8
_TwitterSerialEnabled                    bssCOMRAM    000045
_TwitterSignUp                           text10       002888
_TwitterWireMasterAddSlave               text7        002270
_TwitterWireMasterBegin                  text5        002CA6
_TwitterWireMasterEnabled                bssCOMRAM    000047
_TwitterWireMasterRequestSlave           text34       0020AC
_TwitterWireSlaveEnabled                 bssCOMRAM    000049
_TwitterWireSlaveOnRequest               text26       002BA2
_WireBegin                               text6        002BD6
_WireGetString                           text35       00277C
_WireOnInterrupt                         text28       002CEC
_WireSend                                text47       001EBE
__CFG_BBSIZ$1024                         (abs)        000000
__CFG_BOREN$OFF                          (abs)        000000
__CFG_BORV$3                             (abs)        000000
__CFG_FCMEN$OFF                          (abs)        000000
__CFG_IESO$OFF                           (abs)        000000
__CFG_LPT1OSC$OFF                        (abs)        000000
__CFG_LVP$OFF                            (abs)        000000
__CFG_MCLRE$ON                           (abs)        000000
__CFG_OSC$IRCIO7                         (abs)        000000
__CFG_PBADEN$OFF                         (abs)        000000
__CFG_PWRT$OFF                           (abs)        000000
__CFG_STVREN$OFF                         (abs)        000000
__CFG_WDT$OFF                            (abs)        000000
__CFG_WDTPS$32768                        (abs)        000000
__HRAM                                   (abs)        000000
__Habs1                                  abs1         000000
__Hbank0                                 bank0        000000
__Hbank1                                 bank1        000000
__Hbank10                                bank10       000000
__Hbank11                                bank11       000000
__Hbank12                                bank12       000000
__Hbank2                                 bank2        000000
__Hbank3                                 bank3        000000
__Hbank4                                 bank4        000000
__Hbank5                                 bank5        000000
__Hbank6                                 bank6        000000
__Hbank7                                 bank7        000000
__Hbank8                                 bank8        000000
__Hbank9                                 bank9        000000
__Hbigbss                                bigbss       000000
__Hbigdata                               bigdata      000000
__Hbigram                                bigram       000000
__Hbss                                   bss          000000
__HbssBANK0                              bssBANK0     000000
__HbssBANK1                              bssBANK1     000000
__HbssBANK10                             bssBANK10    000000
__HbssBANK11                             bssBANK11    000000
__HbssBANK2                              bssBANK2     000000
__HbssBANK3                              bssBANK3     000000
__HbssBANK4                              bssBANK4     000000
__HbssBANK5                              bssBANK5     000000
__HbssBANK6                              bssBANK6     000000
__HbssBANK7                              bssBANK7     000000
__HbssBANK8                              bssBANK8     000000
__HbssBANK9                              bssBANK9     000000
__HbssCOMRAM                             bssCOMRAM    000000
__Hcinit                                 cinit        000000
__Hclrtext                               clrtext      000000
__Hcomram                                comram       000000
__Hconfig                                config       30000E
__Hconst                                 const        000000
__HcstackBANK0                           cstackBANK0  000000
__HcstackCOMRAM                          cstackCOMRAM 000000
__Hdata                                  data         000000
__Heeprom_data                           eeprom_data  000000
__Hend_init                              end_init     00001C
__Hfarbss                                farbss       000000
__Hfardata                               fardata      000000
__Hibigdata                              ibigdata     000000
__Hidata                                 idata        000000
__Hidloc                                 idloc        200008
__Hifardata                              ifardata     000000
__Hinit                                  init         000018
__Hintcode                               intcode      000018
__Hintcode_body                          intcode_body 000000
__Hintcodelo                             intcodelo    000018
__Hintentry                              intentry     000000
__Hintret                                intret       000000
__Hintsave_regs                          intsave_regs 000000
__Hirdata                                irdata       000000
__Hmediumconst                           mediumconst  000000
__HnvBANK0                               nvBANK0      000000
__Hnvbit                                 nvbit        000000
__Hnvrram                                nvrram       000000
__Hparam                                 rparam       000000
__Hpowerup                               powerup      000018
__Hram                                   ram          000000
__Hramtop                                ramtop       000D00
__Hrbit                                  rbit         000000
__Hrbss                                  rbss         000000
__Hrdata                                 rdata        000000
__Hreset_vec                             reset_vec    000004
__Hrparam                                rparam       000000
__Hsfr                                   sfr          000000
__Hsmallconst                            smallconst   000D4E
__Hstruct                                struct       000000
__Htemp                                  temp         000000
__Htext                                  text         000000
__Htext0                                 text0        000000
__Htext1                                 text1        000000
__Htext10                                text10       000000
__Htext11                                text11       000000
__Htext12                                text12       000000
__Htext13                                text13       000000
__Htext14                                text14       000000
__Htext15                                text15       000000
__Htext17                                text17       000000
__Htext18                                text18       000000
__Htext19                                text19       000000
__Htext2                                 text2        000000
__Htext20                                text20       000000
__Htext21                                text21       000000
__Htext22                                text22       000000
__Htext23                                text23       000000
__Htext24                                text24       000000
__Htext25                                text25       000000
__Htext26                                text26       000000
__Htext27                                text27       000000
__Htext28                                text28       000000
__Htext29                                text29       000000
__Htext3                                 text3        000000
__Htext30                                text30       000000
__Htext31                                text31       000000
__Htext32                                text32       000000
__Htext33                                text33       000000
__Htext34                                text34       000000
__Htext35                                text35       000000
__Htext36                                text36       000000
__Htext37                                text37       000000
__Htext38                                text38       000000
__Htext39                                text39       000000
__Htext4                                 text4        000000
__Htext40                                text40       000000
__Htext41                                text41       000000
__Htext42                                text42       000000
__Htext43                                text43       000000
__Htext44                                text44       000000
__Htext45                                text45       000000
__Htext46                                text46       000000
__Htext47                                text47       000000
__Htext48                                text48       000000
__Htext49                                text49       000000
__Htext5                                 text5        000000
__Htext50                                text50       000000
__Htext51                                text51       000000
__Htext52                                text52       000000
__Htext53                                text53       000000
__Htext54                                text54       000000
__Htext55                                text55       000000
__Htext56                                text56       000000
__Htext57                                text57       000000
__Htext58                                text58       000000
__Htext59                                text59       000000
__Htext6                                 text6        000000
__Htext60                                text60       000000
__Htext61                                text61       000000
__Htext62                                text62       000000
__Htext63                                text63       000000
__Htext64                                text64       000000
__Htext65                                text65       000000
__Htext66                                text66       000000
__Htext67                                text67       000000
__Htext68                                text68       000000
__Htext69                                text69       000000
__Htext7                                 text7        000000
__Htext70                                text70       000000
__Htext8                                 text8        000000
__Htext9                                 text9        000000
__LRAM                                   (abs)        000001
__Labs1                                  abs1         000000
__Lbank0                                 bank0        000000
__Lbank1                                 bank1        000000
__Lbank10                                bank10       000000
__Lbank11                                bank11       000000
__Lbank12                                bank12       000000
__Lbank2                                 bank2        000000
__Lbank3                                 bank3        000000
__Lbank4                                 bank4        000000
__Lbank5                                 bank5        000000
__Lbank6                                 bank6        000000
__Lbank7                                 bank7        000000
__Lbank8                                 bank8        000000
__Lbank9                                 bank9        000000
__Lbigbss                                bigbss       000000
__Lbigdata                               bigdata      000000
__Lbigram                                bigram       000000
__Lbss                                   bss          000000
__LbssBANK0                              bssBANK0     000000
__LbssBANK1                              bssBANK1     000000
__LbssBANK10                             bssBANK10    000000
__LbssBANK11                             bssBANK11    000000
__LbssBANK2                              bssBANK2     000000
__LbssBANK3                              bssBANK3     000000
__LbssBANK4                              bssBANK4     000000
__LbssBANK5                              bssBANK5     000000
__LbssBANK6                              bssBANK6     000000
__LbssBANK7                              bssBANK7     000000
__LbssBANK8                              bssBANK8     000000
__LbssBANK9                              bssBANK9     000000
__LbssCOMRAM                             bssCOMRAM    000000
__Lcinit                                 cinit        000000
__Lclrtext                               clrtext      000000
__Lcomram                                comram       000000
__Lconfig                                config       300000
__Lconst                                 const        000000
__LcstackBANK0                           cstackBANK0  000000
__LcstackCOMRAM                          cstackCOMRAM 000000
__Ldata                                  data         000000
__Leeprom_data                           eeprom_data  000000
__Lend_init                              end_init     000018
__Lfarbss                                farbss       000000
__Lfardata                               fardata      000000
__Libigdata                              ibigdata     000000
__Lidata                                 idata        000000
__Lidloc                                 idloc        200000
__Lifardata                              ifardata     000000
__Linit                                  init         000018
__Lintcode                               intcode      000008
__Lintcode_body                          intcode_body 000000
__Lintcodelo                             intcodelo    000018
__Lintentry                              intentry     000000
__Lintret                                intret       000000
__Lintsave_regs                          intsave_regs 000000
__Lirdata                                irdata       000000
__Lmediumconst                           mediumconst  000000
__LnvBANK0                               nvBANK0      000000
__Lnvbit                                 nvbit        000000
__Lnvrram                                nvrram       000000
__Lparam                                 rparam       000000
__Lpowerup                               powerup      000018
__Lram                                   ram          000000
__Lramtop                                ramtop       000D00
__Lrbit                                  rbit         000000
__Lrbss                                  rbss         000000
__Lrdata                                 rdata        000000
__Lreset_vec                             reset_vec    000000
__Lrparam                                rparam       000000
__Lsfr                                   sfr          000000
__Lsmallconst                            smallconst   000D00
__Lstruct                                struct       000000
__Ltemp                                  temp         000000
__Ltext                                  text         000000
__Ltext0                                 text0        000000
__Ltext1                                 text1        000000
__Ltext10                                text10       000000
__Ltext11                                text11       000000
__Ltext12                                text12       000000
__Ltext13                                text13       000000
__Ltext14                                text14       000000
__Ltext15                                text15       000000
__Ltext17                                text17       000000
__Ltext18                                text18       000000
__Ltext19                                text19       000000
__Ltext2                                 text2        000000
__Ltext20                                text20       000000
__Ltext21                                text21       000000
__Ltext22                                text22       000000
__Ltext23                                text23       000000
__Ltext24                                text24       000000
__Ltext25                                text25       000000
__Ltext26                                text26       000000
__Ltext27                                text27       000000
__Ltext28                                text28       000000
__Ltext29                                text29       000000
__Ltext3                                 text3        000000
__Ltext30                                text30       000000
__Ltext31                                text31       000000
__Ltext32                                text32       000000
__Ltext33                                text33       000000
__Ltext34                                text34       000000
__Ltext35                                text35       000000
__Ltext36                                text36       000000
__Ltext37                                text37       000000
__Ltext38                                text38       000000
__Ltext39                                text39       000000
__Ltext4                                 text4        000000
__Ltext40                                text40       000000
__Ltext41                                text41       000000
__Ltext42                                text42       000000
__Ltext43                                text43       000000
__Ltext44                                text44       000000
__Ltext45                                text45       000000
__Ltext46                                text46       000000
__Ltext47                                text47       000000
__Ltext48                                text48       000000
__Ltext49                                text49       000000
__Ltext5                                 text5        000000
__Ltext50                                text50       000000
__Ltext51                                text51       000000
__Ltext52                                text52       000000
__Ltext53                                text53       000000
__Ltext54                                text54       000000
__Ltext55                                text55       000000
__Ltext56                                text56       000000
__Ltext57                                text57       000000
__Ltext58                                text58       000000
__Ltext59                                text59       000000
__Ltext6                                 text6        000000
__Ltext60                                text60       000000
__Ltext61                                text61       000000
__Ltext62                                text62       000000
__Ltext63                                text63       000000
__Ltext64                                text64       000000
__Ltext65                                text65       000000
__Ltext66                                text66       000000
__Ltext67                                text67       000000
__Ltext68                                text68       000000
__Ltext69                                text69       000000
__Ltext7                                 text7        000000
__Ltext70                                text70       000000
__Ltext8                                 text8        000000
__Ltext9                                 text9        000000
__S0                                     (abs)        30000E
__S1                                     (abs)        000B96
___awmod                                 text58       002412
___awmod@counter                         cstackCOMRAM 000005
___awmod@dividend                        cstackCOMRAM 000001
___awmod@divisor                         cstackCOMRAM 000003
___awmod@sign                            cstackCOMRAM 000006
___lbmod                                 text59       002C04
___lbmod@counter                         cstackCOMRAM 000003
___lbmod@dividend                        cstackCOMRAM 000002
___lbmod@divisor                         cstackCOMRAM 000001
___lbmod@rem                             cstackCOMRAM 000004
___lwdiv                                 text60       0027D8
___lwdiv@counter                         cstackCOMRAM 000005
___lwdiv@dividend                        cstackCOMRAM 000001
___lwdiv@divisor                         cstackCOMRAM 000003
___lwdiv@quotient                        cstackCOMRAM 000006
___lwmod                                 text61       0028DA
___lwmod@counter                         cstackCOMRAM 00000C
___lwmod@dividend                        cstackCOMRAM 000008
___lwmod@divisor                         cstackCOMRAM 00000A
___wmul                                  text64       002B6C
___wmul@multiplicand                     cstackCOMRAM 000003
___wmul@multiplier                       cstackCOMRAM 000001
___wmul@product                          cstackCOMRAM 000005
__accesstop                              (abs)        000060
__activetblptr                           (abs)        000003
__end_of_Async                           text38       002270
__end_of_AsyncBegin                      text1        002E16
__end_of_AsyncTick                       text17       002412
__end_of_Count                           text15       002DF6
__end_of_CountUp                         text33       002CEC
__end_of_Crash                           text10       002888
__end_of_HandleReads                     text37       00197E
__end_of_HandleSends                     text36       001AB8
__end_of_IntervalTick                    text19       001D40
__end_of_JWireOnInterrupt                text25       0013B8
__end_of_JWireRespond                    text27       002D8C
__end_of_JsonGetString                   text24       001EBE
__end_of_JsonGetValue                    text40       001E04
__end_of_JsonNew                         text50       002E08
__end_of_JsonSetString                   text51       002AC4
__end_of_JsonSetValue                    text53       002AFE
__end_of_LedCounterBegin                 text12       002D74
__end_of_MacawBegin                      text2        002E44
__end_of_OnIntervalInterrupt             text29       002DD0
__end_of_OnSerialInterrupt               text30       0020AC
__end_of_SerialWrite                     text48       00277C
__end_of_SerialWriteInterrupt            text31       00270C
__end_of_SetInterval                     text13       00251C
__end_of_SuperSimpleSerialBegin          text3        002D28
__end_of_TryToHelp                       text55       002888
__end_of_Tweet                           text44       001822
__end_of_TweetGetValue                   text39       002D5C
__end_of_TweetValue                      text43       002B6C
__end_of_TwitterOnReceive                text23       000FF2
__end_of_TwitterOnReceiveFromSerial      text20       002E2E
__end_of_TwitterOnReceiveFromWireMaster  text21       002E38
__end_of_TwitterOnReceiveFromWireSlave   text22       002E40
__end_of_TwitterSendToAll                text45       0016BA
__end_of_TwitterSendToOne                text46       00153C
__end_of_TwitterSignUp                   text10       0028DA
__end_of_TwitterWireMasterAddSlave       text7        0022FC
__end_of_TwitterWireMasterBegin          text5        002CCA
__end_of_TwitterWireMasterRequestSlave   text34       002146
__end_of_TwitterWireSlaveOnRequest       text26       002BD6
__end_of_WireBegin                       text6        002C04
__end_of_WireGetString                   text35       0027D8
__end_of_WireOnInterrupt                 text28       002D0C
__end_of_WireSend                        text47       001F6A
__end_of___awmod                         text58       002498
__end_of___lbmod                         text59       002C32
__end_of___lwdiv                         text60       002832
__end_of___lwmod                         text61       002928
__end_of___wmul                          text64       002BA2
__end_of__initialization                 cinit        002006
__end_of__stringdata                     smallconst   000D4C
__end_of_atoi                            text42       001B94
__end_of_count                           text32       002C5A
__end_of_dpowers                         smallconst   000D0A
__end_of_isdigit                         text57       002CA6
__end_of_main                            text1        002E08
__end_of_memcpy                          text56       002A4A
__end_of_onInterrupt                     intcode_body 001C6E
__end_of_onLoop                          text14       002E46
__end_of_onSetup                         text4        002A8A
__end_of_respond                         text18       002D42
__end_of_sprintf                         text54       0011F8
__end_of_strchr                          text63       002B36
__end_of_strcmp                          text49       0021DE
__end_of_strcpy                          text11       002974
__end_of_strcpy2                         text8        00261E
__end_of_strlen                          text52       002A06
__end_of_strncmp                         text62       00259E
__end_of_strstr                          text41       002388
__end_ofi2_AsyncBegin                    text65       002E24
__end_ofi2_Count                         text67       002DE4
__end_ofi2_Crash                         text69       002974
__end_ofi2_strcpy                        text69       0029BE
__end_ofi2_strcpy2                       text66       00269A
__initialization                         cinit        001F6A
__mediumconst                            mediumconst  000000
__pbssBANK0                              bssBANK0     000060
__pbssBANK1                              bssBANK1     000100
__pbssBANK10                             bssBANK10    000A00
__pbssBANK11                             bssBANK11    000B00
__pbssBANK2                              bssBANK2     000200
__pbssBANK3                              bssBANK3     000300
__pbssBANK4                              bssBANK4     000400
__pbssBANK5                              bssBANK5     000500
__pbssBANK6                              bssBANK6     000600
__pbssBANK7                              bssBANK7     000700
__pbssBANK8                              bssBANK8     000800
__pbssBANK9                              bssBANK9     000900
__pbssCOMRAM                             bssCOMRAM    00003F
__pcinit                                 cinit        001F6A
__pcstackBANK0                           cstackBANK0  0000F3
__pcstackCOMRAM                          cstackCOMRAM 000001
__pintcode                               intcode      000008
__pintcode_body                          intcode_body 001B94
__pnvBANK0                               nvBANK0      0000FA
__psmallconst                            smallconst   000D00
__ptext0                                 text0        002C5A
__ptext1                                 text1        002E08
__ptext10                                text10       002888
__ptext11                                text11       002928
__ptext12                                text12       002D5C
__ptext13                                text13       002498
__ptext14                                text14       002E44
__ptext15                                text15       002DE4
__ptext17                                text17       002388
__ptext18                                text18       002D28
__ptext19                                text19       001C6E
__ptext2                                 text2        002E40
__ptext20                                text20       002E24
__ptext21                                text21       002E2E
__ptext22                                text22       002E38
__ptext23                                text23       000D4E
__ptext24                                text24       001E04
__ptext25                                text25       0011F8
__ptext26                                text26       002BA2
__ptext27                                text27       002D74
__ptext28                                text28       002CEC
__ptext29                                text29       002DBA
__ptext3                                 text3        002D0C
__ptext30                                text30       00200C
__ptext31                                text31       00269A
__ptext32                                text32       002C32
__ptext33                                text33       002CCA
__ptext34                                text34       0020AC
__ptext35                                text35       00277C
__ptext36                                text36       00197E
__ptext37                                text37       001822
__ptext38                                text38       0021DE
__ptext39                                text39       002D42
__ptext4                                 text4        002A4A
__ptext40                                text40       001D40
__ptext41                                text41       0022FC
__ptext42                                text42       001AB8
__ptext43                                text43       002B36
__ptext44                                text44       0016BA
__ptext45                                text45       00153C
__ptext46                                text46       0013B8
__ptext47                                text47       001EBE
__ptext48                                text48       00270C
__ptext49                                text49       002146
__ptext5                                 text5        002CA6
__ptext50                                text50       002DF6
__ptext51                                text51       002A8A
__ptext52                                text52       0029BE
__ptext53                                text53       002AC4
__ptext54                                text54       000FF2
__ptext55                                text55       002832
__ptext56                                text56       002A06
__ptext57                                text57       002C80
__ptext58                                text58       002412
__ptext59                                text59       002C04
__ptext6                                 text6        002BD6
__ptext60                                text60       0027D8
__ptext61                                text61       0028DA
__ptext62                                text62       00251C
__ptext63                                text63       002AFE
__ptext64                                text64       002B6C
__ptext65                                text65       002E16
__ptext66                                text66       00261E
__ptext67                                text67       002DD0
__ptext68                                text68       002D8C
__ptext69                                text69       002974
__ptext7                                 text7        002270
__ptext70                                text70       000000
__ptext8                                 text8        00259E
__ptext9                                 text9        002DA4
__ramtop                                 ramtop       000D00
__size_of_Async                          (abs)        000000
__size_of_AsyncBegin                     (abs)        000000
__size_of_AsyncTick                      (abs)        000000
__size_of_Count                          (abs)        000000
__size_of_CountUp                        (abs)        000000
__size_of_Crash                          (abs)        000000
__size_of_HandleReads                    (abs)        000000
__size_of_HandleSends                    (abs)        000000
__size_of_IntervalTick                   (abs)        000000
__size_of_JWireOnInterrupt               (abs)        000000
__size_of_JWireRespond                   (abs)        000000
__size_of_JsonGetString                  (abs)        000000
__size_of_JsonGetValue                   (abs)        000000
__size_of_JsonNew                        (abs)        000000
__size_of_JsonSetString                  (abs)        000000
__size_of_JsonSetValue                   (abs)        000000
__size_of_LedCounterBegin                (abs)        000000
__size_of_MacawBegin                     (abs)        000000
__size_of_OnIntervalInterrupt            (abs)        000000
__size_of_OnSerialInterrupt              (abs)        000000
__size_of_SerialWrite                    (abs)        000000
__size_of_SerialWriteInterrupt           (abs)        000000
__size_of_SetInterval                    (abs)        000000
__size_of_SuperSimpleSerialBegin         (abs)        000000
__size_of_TryToHelp                      (abs)        000000
__size_of_Tweet                          (abs)        000000
__size_of_TweetGetValue                  (abs)        000000
__size_of_TweetValue                     (abs)        000000
__size_of_TwitterOnReceive               (abs)        000000
__size_of_TwitterOnReceiveFromSerial     (abs)        000000
__size_of_TwitterOnReceiveFromWireMaster (abs)        000000
__size_of_TwitterOnReceiveFromWireSlave  (abs)        000000
__size_of_TwitterSendToAll               (abs)        000000
__size_of_TwitterSendToOne               (abs)        000000
__size_of_TwitterSignUp                  (abs)        000000
__size_of_TwitterWireMasterAddSlave      (abs)        000000
__size_of_TwitterWireMasterBegin         (abs)        000000
__size_of_TwitterWireMasterRequestSlave  (abs)        000000
__size_of_TwitterWireSlaveOnRequest      (abs)        000000
__size_of_WireBegin                      (abs)        000000
__size_of_WireGetString                  (abs)        000000
__size_of_WireOnInterrupt                (abs)        000000
__size_of_WireSend                       (abs)        000000
__size_of___awmod                        (abs)        000000
__size_of___lbmod                        (abs)        000000
__size_of___lwdiv                        (abs)        000000
__size_of___lwmod                        (abs)        000000
__size_of___wmul                         (abs)        000000
__size_of_atoi                           (abs)        000000
__size_of_count                          (abs)        000000
__size_of_isdigit                        (abs)        000000
__size_of_main                           (abs)        000000
__size_of_memcpy                         (abs)        000000
__size_of_onInterrupt                    (abs)        000000
__size_of_onLoop                         (abs)        000000
__size_of_onSetup                        (abs)        000000
__size_of_respond                        (abs)        000000
__size_of_sprintf                        (abs)        000000
__size_of_strchr                         (abs)        000000
__size_of_strcmp                         (abs)        000000
__size_of_strcpy                         (abs)        000000
__size_of_strcpy2                        (abs)        000000
__size_of_strlen                         (abs)        000000
__size_of_strncmp                        (abs)        000000
__size_of_strstr                         (abs)        000000
__size_ofi2_AsyncBegin                   (abs)        000000
__size_ofi2_Count                        (abs)        000000
__size_ofi2_Crash                        (abs)        000000
__size_ofi2_strcpy                       (abs)        000000
__size_ofi2_strcpy2                      (abs)        000000
__smallconst                             smallconst   000D00
__stringdata                             smallconst   000D0A
_atoi                                    text42       001AB8
_buffer                                  bssBANK5     000500
_bufferPosition                          bssBANK0     00007A
_bufferReadPos                           bssBANK0     00007C
_bufferSerial                            bssBANK8     000800
_bufferWritePos                          bssCOMRAM    00004B
_callback                                bssBANK0     00007E
_callbackA                               bssCOMRAM    00004D
_callbackAString                         bssBANK9     000900
_callbackB                               bssCOMRAM    00004F
_callbackBString                         bssBANK10    000A00
_callbackC                               bssCOMRAM    000051
_callbackCString                         bssBANK11    000B00
_count                                   text32       002C32
_dpowers                                 smallconst   000D00
_hashtagA                                bssBANK0     000091
_hashtagB                                bssBANK1     000100
_hashtagC                                bssBANK1     000116
_isARelay                                bssCOMRAM    000053
_isDoneTransmitting                      bssBANK0     000080
_isdigit                                 text57       002C80
_isdigit$1383                            cstackCOMRAM 000002
_jWireEnabled                            bssBANK0     000082
_lastInterface                           bssCOMRAM    00005F
_locked                                  bssBANK0     000084
_main                                    text0        002C5A
_manualCount                             nvBANK0      0000FA
_memcpy                                  text56       002A06
_name                                    bssBANK1     000180
_onInterrupt                             intcode      000008
_onLoop                                  text14       002E44
_onSetup                                 text4        002A4A
_personBeingHelped                       bssCOMRAM    000055
_receiveCallback                         bssBANK0     000086
_requestCallback                         bssBANK0     000088
_respond                                 text18       002D28
_result                                  bssBANK6     000600
_sessionA                                bssBANK0     000060
_sessionB                                bssBANK0     000064
_slaveHasRequest                         bssBANK0     00008A
_sprintf                                 text54       000FF2
_state                                   bssCOMRAM    000057
_strchr                                  text63       002AFE
_strcmp                                  text49       002146
_strcpy                                  text11       002928
_strcpy2                                 text8        00259E
_strlen                                  text52       0029BE
_strncmp                                 text62       00251C
_strstr                                  text41       0022FC
_subjectA                                bssBANK1     00012C
_subjectB                                bssBANK1     000142
_tempBuffer                              bssBANK4     000400
_twitterWireSlaveMessageToSend           bssBANK7     000700
_wireMasterEnabled                       bssBANK0     00008C
_wireSendA                               bssBANK2     000200
_wireSendB                               bssBANK3     000300
_wireSlaveA                              bssBANK0     0000A7
_wireSlaveB                              bssBANK0     0000BD
_wireSlaveC                              bssBANK0     0000D3
_writeBuffer                             bssBANK4     000496
_writeBufferPosition                     bssCOMRAM    000059
_writeBufferPositionOpen                 bssCOMRAM    00005B
atoi@a                                   cstackCOMRAM 00000C
atoi@s                                   cstackCOMRAM 000007
atoi@sign                                cstackCOMRAM 00000B
count@counter                            bssBANK0     00008E
end_of_initialization                    cinit        002006
i2Count@number                           cstackCOMRAM 000001
i2Crash@id                               cstackCOMRAM 000001
i2_AsyncBegin                            text65       002E16
i2_Count                                 text67       002DD0
i2_Crash                                 text68       002D8C
i2_strcpy                                text69       002974
i2_strcpy2                               text66       00261E
i2strcpy2@dest                           cstackCOMRAM 000001
i2strcpy2@loc                            cstackCOMRAM 000003
i2strcpy@cp                              cstackCOMRAM 000005
i2strcpy@from                            cstackCOMRAM 000003
i2strcpy@to                              cstackCOMRAM 000001
int_func                                 intcode_body 001B94
interval@callbackA                       bssBANK0     000068
interval@callbackB                       bssBANK0     00006C
interval@callbackC                       bssBANK0     000070
intlevel0                                text         000000
intlevel1                                text         000000
intlevel2                                text         000000
intlevel3                                text         000000
isdigit@c                                cstackCOMRAM 000003
memcpy@d                                 cstackCOMRAM 000007
memcpy@d1                                cstackCOMRAM 000001
memcpy@n                                 cstackCOMRAM 000005
memcpy@s                                 cstackCOMRAM 000009
memcpy@s1                                cstackCOMRAM 000003
respond@output                           cstackCOMRAM 00001B
sprintf@_val                             cstackCOMRAM 00001A
sprintf@ap                               cstackCOMRAM 000019
sprintf@c                                cstackCOMRAM 00001E
sprintf@f                                cstackCOMRAM 00000F
sprintf@flag                             cstackCOMRAM 000017
sprintf@prec                             cstackCOMRAM 000018
sprintf@sp                               cstackCOMRAM 00000D
start                                    init         000018
start_initialization                     cinit        001F6A
strchr@chr                               cstackCOMRAM 000003
strchr@ptr                               cstackCOMRAM 000001
strcmp@r                                 cstackCOMRAM 000007
strcmp@s1                                cstackCOMRAM 000001
strcmp@s2                                cstackCOMRAM 000003
strcpy2@dest                             cstackBANK0  0000F3
strcpy2@loc                              cstackBANK0  0000F5
strcpy@cp                                cstackBANK0  0000F7
strcpy@from                              cstackBANK0  0000F5
strcpy@to                                cstackBANK0  0000F3
strlen@cp                                cstackCOMRAM 000003
strlen@s                                 cstackCOMRAM 000001
strncmp@len                              cstackCOMRAM 000008
strncmp@s1                               cstackCOMRAM 000005
strncmp@s2                               cstackCOMRAM 000007
strstr@s1                                cstackCOMRAM 00000B
strstr@s2                                cstackCOMRAM 00000D


FUNCTION INFORMATION:

 *************** function _main *****************
 Defined at:
		line 26 in file "jspic.c"
 Parameters:    Size  Location     Type
		None
 Auto vars:     Size  Location     Type
		None
 Return value:  Size  Location     Type
                  2  412[COMRAM] int 
 Registers used:
		wreg, fsr0l, fsr0h, fsr2l, fsr2h, status,2, status,0, tblptrl, tblptrh, tblptru, cstack
 Tracked objects:
		On entry : 
		On exit  : 
		Unchanged: 
 Data sizes:     COMRAM   BANK0   BANK1   BANK2   BANK3   BANK4   BANK5   BANK6   BANK7   BANK8   BANK9  BANK10  BANK11  BANK12
      Params:         0       0       0       0       0       0       0       0       0       0       0       0       0       0
      Locals:         0       0       0       0       0       0       0       0       0       0       0       0       0       0
      Temps:          0       0       0       0       0       0       0       0       0       0       0       0       0       0
      Totals:         0       0       0       0       0       0       0       0       0       0       0       0       0       0
Total ram usage:        0 bytes
 Hardware stack levels required when called:   12
 This function calls:
		_MacawBegin
		_SuperSimpleSerialBegin
		_AsyncBegin
		_onSetup
		_LedCounterBegin
		_onLoop
 This function is called by:
		Startup code after reset
 This function uses a non-reentrant model


 *************** function _AsyncBegin *****************
 Defined at:
		line 55 in file "async.c"
 Parameters:    Size  Location     Type
		None
 Auto vars:     Size  Location     Type
		None
 Return value:  Size  Location     Type
		None               void
 Registers used:
		None
 Tracked objects:
		On entry : 
		On exit  : 
		Unchanged: 
 Data sizes:     COMRAM   BANK0   BANK1   BANK2   BANK3   BANK4   BANK5   BANK6   BANK7   BANK8   BANK9  BANK10  BANK11  BANK12
      Params:         0       0       0       0       0       0       0       0       0       0       0       0       0       0
      Locals:         0       0       0       0       0       0       0       0       0       0       0       0       0       0
      Temps:          0       0       0       0       0       0       0       0       0       0       0       0       0       0
[...]
  counter         1    4[COMRAM] unsigned char 
 Return value:  Size  Location     Type
                  2    0[COMRAM] unsigned int 
 Registers used:
		wreg, status,2, status,0
 Tracked objects:
		On entry : 
		On exit  : 
		Unchanged: 
 Data sizes:     COMRAM   BANK0   BANK1   BANK2   BANK3   BANK4   BANK5   BANK6   BANK7   BANK8   BANK9  BANK10  BANK11  BANK12
      Params:         4       0       0       0       0       0       0       0       0       0       0       0       0       0
      Locals:         3       0       0       0       0       0       0       0       0       0       0       0       0       0
      Temps:          0       0       0       0       0       0       0       0       0       0       0       0       0       0
      Totals:         7       0       0       0       0       0       0       0       0       0       0       0       0       0
Total ram usage:        7 bytes
 Hardware stack levels used:    1
 This function calls:
		Nothing
 This function is called by:
		_sprintf
 This function uses a non-reentrant model


 *************** function ___lwmod *****************
 Defined at:
		line 10 in file "/opt/microchip/xc8/v1.12/sources/lwmod.c"
 Parameters:    Size  Location     Type
  dividend        2    7[COMRAM] unsigned int 
  divisor         2    9[COMRAM] unsigned int 
 Auto vars:     Size  Location     Type
  counter         1   11[COMRAM] unsigned char 
 Return value:  Size  Location     Type
                  2    7[COMRAM] unsigned int 
 Registers used:
		wreg, status,2, status,0
 Tracked objects:
		On entry : 
		On exit  : 
		Unchanged: 
 Data sizes:     COMRAM   BANK0   BANK1   BANK2   BANK3   BANK4   BANK5   BANK6   BANK7   BANK8   BANK9  BANK10  BANK11  BANK12
      Params:         4       0       0       0       0       0       0       0       0       0       0       0       0       0
      Locals:         1       0       0       0       0       0       0       0       0       0       0       0       0       0
      Temps:          0       0       0       0       0       0       0       0       0       0       0       0       0       0
      Totals:         5       0       0       0       0       0       0       0       0       0       0       0       0       0
Total ram usage:        5 bytes
 Hardware stack levels used:    1
 This function calls:
		Nothing
 This function is called by:
		_sprintf
 This function uses a non-reentrant model


 *************** function _strncmp *****************
 Defined at:
		line 5 in file "/opt/microchip/xc8/v1.12/sources/strncmp.c"
 Parameters:    Size  Location     Type
  s1              2    4[COMRAM] PTR const unsigned char 
		 -> callbackCString(150), callbackBString(150), callbackAString(150), NULL(0), 
  s2              1    6[COMRAM] PTR const unsigned char 
		 -> STR_23(4), STR_22(4), STR_14(5), STR_13(3), 
		 -> STR_12(4), STR_4(4), STR_3(4), STR_2(3), 
  len             2    7[COMRAM] unsigned int 
 Auto vars:     Size  Location     Type
		None
 Return value:  Size  Location     Type
                  2    4[COMRAM] int 
 Registers used:
		wreg, fsr2l, fsr2h, status,2, status,0, tblptrl, tblptrh, tblptru
 Tracked objects:
		On entry : 
		On exit  : 
		Unchanged: 
 Data sizes:     COMRAM   BANK0   BANK1   BANK2   BANK3   BANK4   BANK5   BANK6   BANK7   BANK8   BANK9  BANK10  BANK11  BANK12
      Params:         5       0       0       0       0       0       0       0       0       0       0       0       0       0
      Locals:         0       0       0       0       0       0       0       0       0       0       0       0       0       0
      Temps:          1       0       0       0       0       0       0       0       0       0       0       0       0       0
      Totals:         6       0       0       0       0       0       0       0       0       0       0       0       0       0
Total ram usage:        6 bytes
 Hardware stack levels used:    1
 This function calls:
		Nothing
 This function is called by:
		_strstr
 This function uses a non-reentrant model


 *************** function _strchr *****************
 Defined at:
		line 5 in file "/opt/microchip/xc8/v1.12/sources/strchr.c"
 Parameters:    Size  Location     Type
  ptr             2    0[COMRAM] PTR const unsigned char 
		 -> callbackCString(150), callbackBString(150), callbackAString(150), NULL(0), 
  chr             2    2[COMRAM] int 
 Auto vars:     Size  Location     Type
		None
 Return value:  Size  Location     Type
                  2    wreg      PTR unsigned char 
 Registers used:
		wreg, fsr2l, fsr2h, status,2, status,0
 Tracked objects:
		On entry : 
		On exit  : 
		Unchanged: 
 Data sizes:     COMRAM   BANK0   BANK1   BANK2   BANK3   BANK4   BANK5   BANK6   BANK7   BANK8   BANK9  BANK10  BANK11  BANK12
      Params:         4       0       0       0       0       0       0       0       0       0       0       0       0       0
      Locals:         0       0       0       0       0       0       0       0       0       0       0       0       0       0
      Temps:          0       0       0       0       0       0       0       0       0       0       0       0       0       0
      Totals:         4       0       0       0       0       0       0       0       0       0       0       0       0       0
Total ram usage:        4 bytes
 Hardware stack levels used:    1
 This function calls:
		Nothing
 This function is called by:
		_strstr
 This function uses a non-reentrant model


 *************** function ___wmul *****************
 Defined at:
		line 3 in file "/opt/microchip/xc8/v1.12/sources/wmul.c"
 Parameters:    Size  Location     Type
  multiplier      2    0[COMRAM] unsigned int 
  multiplicand    2    2[COMRAM] unsigned int 
 Auto vars:     Size  Location     Type
  product         2    4[COMRAM] unsigned int 
 Return value:  Size  Location     Type
                  2    0[COMRAM] unsigned int 
 Registers used:
		wreg, status,2, status,0
 Tracked objects:
		On entry : 
		On exit  : 
		Unchanged: 
 Data sizes:     COMRAM   BANK0   BANK1   BANK2   BANK3   BANK4   BANK5   BANK6   BANK7   BANK8   BANK9  BANK10  BANK11  BANK12
      Params:         4       0       0       0       0       0       0       0       0       0       0       0       0       0
      Locals:         2       0       0       0       0       0       0       0       0       0       0       0       0       0
      Temps:          0       0       0       0       0       0       0       0       0       0       0       0       0       0
      Totals:         6       0       0       0       0       0       0       0       0       0       0       0       0       0
Total ram usage:        6 bytes
 Hardware stack levels used:    1
 This function calls:
		Nothing
 This function is called by:
		_atoi
 This function uses a non-reentrant model


 *************** function i2_AsyncBegin *****************
 Defined at:
		line 55 in file "async.c"
 Parameters:    Size  Location     Type
		None
 Auto vars:     Size  Location     Type
		None
 Return value:  Size  Location     Type
		None               void
 Registers used:
		None
 Tracked objects:
		On entry : 
		On exit  : 
		Unchanged: 
 Data sizes:     COMRAM   BANK0   BANK1   BANK2   BANK3   BANK4   BANK5   BANK6   BANK7   BANK8   BANK9  BANK10  BANK11  BANK12
      Params:         0       0       0       0       0       0       0       0       0       0       0       0       0       0
      Locals:         0       0       0       0       0       0       0       0       0       0       0       0       0       0
      Temps:          0       0       0       0       0       0       0       0       0       0       0       0       0       0
      Totals:         0       0       0       0       0       0       0       0       0       0       0       0       0       0
Total ram usage:        0 bytes
 Hardware stack levels used:    1
 This function calls:
		Nothing
 This function is called by:
		_AsyncTick
 This function uses a non-reentrant model


 *************** function i2_strcpy2 *****************
 Defined at:
		line 3 in file "string2.c"
 Parameters:    Size  Location     Type
  strcpy2         2    0[COMRAM] PTR unsigned char 
		 -> buffer(150), callbackCString(150), callbackBString(150), callbackAString(150), 
		 -> subjectB(22), subjectA(22), hashtagC(22), hashtagB(22), 
		 -> hashtagA(22), wireSlaveC(22), wireSlaveB(22), wireSlaveA(22), 
  strcpy2         2    2[COMRAM] PTR const unsigned char 
		 -> STR_30(7), wireSendB(160), wireSendA(160), bufferSerial(150), 
		 -> buffer(150), callbackCString(150), callbackBString(150), callbackAString(150), 
		 -> NULL(0), STR_1(1), twitterWireSlaveMessageToSend(150), 
 Auto vars:     Size  Location     Type
		None
 Return value:  Size  Location     Type
		None               void
 Registers used:
		wreg, fsr0l, fsr0h, fsr2l, fsr2h, status,2, status,0, tblptrl, tblptrh, tblptru
 Tracked objects:
		On entry : 
		On exit  : 
		Unchanged: 
 Data sizes:     COMRAM   BANK0   BANK1   BANK2   BANK3   BANK4   BANK5   BANK6   BANK7   BANK8   BANK9  BANK10  BANK11  BANK12
      Params:         4       0       0       0       0       0       0       0       0       0       0       0       0       0
      Locals:         0       0       0       0       0       0       0       0       0       0       0       0       0       0
      Temps:          0       0       0       0       0       0       0       0       0       0       0       0       0       0
      Totals:         4       0       0       0       0       0       0       0       0       0       0       0       0       0
Total ram usage:        4 bytes
 Hardware stack levels used:    1
 This function calls:
		Nothing
 This function is called by:
		_Async
		_JWireRespond
 This function uses a non-reentrant model


 *************** function i2_Count *****************
 Defined at:
		line 15 in file "ledCounter.c"
 Parameters:    Size  Location     Type
  Count           2    0[COMRAM] int 
 Auto vars:     Size  Location     Type
		None
 Return value:  Size  Location     Type
		None               void
 Registers used:
		wreg, status,2, status,0
 Tracked objects:
		On entry : 
		On exit  : 
		Unchanged: 
 Data sizes:     COMRAM   BANK0   BANK1   BANK2   BANK3   BANK4   BANK5   BANK6   BANK7   BANK8   BANK9  BANK10  BANK11  BANK12
      Params:         2       0       0       0       0       0       0       0       0       0       0       0       0       0
      Locals:         0       0       0       0       0       0       0       0       0       0       0       0       0       0
      Temps:          0       0       0       0       0       0       0       0       0       0       0       0       0       0
      Totals:         2       0       0       0       0       0       0       0       0       0       0       0       0       0
Total ram usage:        2 bytes
 Hardware stack levels used:    1
 This function calls:
		Nothing
 This function is called by:
		_respond
 This function uses a non-reentrant model


 *************** function i2_Crash *****************
 Defined at:
		line 6 in file "crashHelper.c"
 Parameters:    Size  Location     Type
  Crash           2    0[COMRAM] int 
 Auto vars:     Size  Location     Type
		None
 Return value:  Size  Location     Type
		None               void
 Registers used:
		wreg, status,2, status,0
 Tracked objects:
		On entry : 
		On exit  : 
		Unchanged: 
 Data sizes:     COMRAM   BANK0   BANK1   BANK2   BANK3   BANK4   BANK5   BANK6   BANK7   BANK8   BANK9  BANK10  BANK11  BANK12
      Params:         2       0       0       0       0       0       0       0       0       0       0       0       0       0
      Locals:         0       0       0       0       0       0       0       0       0       0       0       0       0       0
      Temps:          0       0       0       0       0       0       0       0       0       0       0       0       0       0
      Totals:         2       0       0       0       0       0       0       0       0       0       0       0       0       0
Total ram usage:        2 bytes
 Hardware stack levels used:    1
 This function calls:
		Nothing
 This function is called by:
		_Async
		_onInterrupt
 This function uses a non-reentrant model


 *************** function i2_strcpy *****************
 Defined at:
		line 10 in file "/opt/microchip/xc8/v1.12/sources/strcpy.c"
 Parameters:    Size  Location     Type
  strcpy          2    0[COMRAM] PTR unsigned char 
		 -> writeBuffer(100), TweetReturn@from(20), TweetReturn@to(20), name(20), 
		 -> tempBuffer(150), twitterWireSlaveMessageToSend(150), 
  strcpy          2    2[COMRAM] PTR const unsigned char 
		 -> STR_29(8), result(150), callbackCString(150), callbackBString(150), 
		 -> callbackAString(150), NULL(0), tempBuffer(150), 
 Auto vars:     Size  Location     Type
  strcpy          2    4[COMRAM] PTR unsigned char 
		 -> writeBuffer(100), TweetReturn@from(20), TweetReturn@to(20), name(20), 
		 -> tempBuffer(150), twitterWireSlaveMessageToSend(150), 
 Return value:  Size  Location     Type
                  1    wreg      PTR unsigned char 
 Registers used:
		wreg, fsr0l, fsr0h, fsr2l, fsr2h, status,2, status,0, tblptrl, tblptrh, tblptru
 Tracked objects:
		On entry : 
		On exit  : 
		Unchanged: 
 Data sizes:     COMRAM   BANK0   BANK1   BANK2   BANK3   BANK4   BANK5   BANK6   BANK7   BANK8   BANK9  BANK10  BANK11  BANK12
      Params:         4       0       0       0       0       0       0       0       0       0       0       0       0       0
      Locals:         2       0       0       0       0       0       0       0       0       0       0       0       0       0
      Temps:          0       0       0       0       0       0       0       0       0       0       0       0       0       0
      Totals:         6       0       0       0       0       0       0       0       0       0       0       0       0       0
Total ram usage:        6 bytes
 Hardware stack levels used:    1
 This function calls:
		Nothing
 This function is called by:
		_TwitterSendToAll
		_TwitterSendToOne
		_JsonGetString
		_SerialWrite
 This function uses a non-reentrant model



MODULE INFORMATION

Module		Function		Class		Link	Load	Size
/opt/microchip/xc8/v1.12/sources/strlen.c
		_strlen        		CODE           	29BE	0000	72

/opt/microchip/xc8/v1.12/sources/strlen.c estimated size: 72

/opt/microchip/xc8/v1.12/sources/lbmod.c
		___lbmod       		CODE           	2C04	0000	46

/opt/microchip/xc8/v1.12/sources/lbmod.c estimated size: 46

string2.c
		_strcpy2       		CODE           	259E	0000	128

string2.c estimated size: 128

/opt/microchip/xc8/v1.12/sources/memcpy.c
		_memcpy        		CODE           	2A06	0000	68

/opt/microchip/xc8/v1.12/sources/memcpy.c estimated size: 68

async.c
		_AsyncTick     		CODE           	2388	0000	138
		_AsyncBegin    		CODE           	2E08	0000	14
		_Async         		CODE           	21DE	0000	146

async.c estimated size: 298

json.c
		_JsonGetValue  		CODE           	1D40	0000	196
		_JsonSetValue  		CODE           	2AC4	0000	58
		_JsonGetString 		CODE           	1E04	0000	186
		_JsonSetString 		CODE           	2A8A	0000	58
		_JsonNew       		CODE           	2DF6	0000	18

json.c estimated size: 516

/opt/microchip/xc8/v1.12/sources/atoi.c
		_atoi          		CODE           	1AB8	0000	220

/opt/microchip/xc8/v1.12/sources/atoi.c estimated size: 220

shared
		__stringdata   		SMALLCONST     	0D0A	0000	66
		i2_Crash       		CODE           	2D8C	0000	4294966248
		i2_AsyncBegin  		CODE           	2E16	0000	14
		_dpowers       		SMALLCONST     	0D00	0000	10
		i2_strcpy      		CODE           	2974	0000	74
		i2_strcpy2     		CODE           	261E	0000	124
		__initializatio		CODE           	1F6A	0000	156
		i2_Count       		CODE           	2DD0	0000	20

shared estimated size: 4294966712

/opt/microchip/xc8/v1.12/sources/isdigit.c
		_isdigit       		CODE           	2C80	0000	38

/opt/microchip/xc8/v1.12/sources/isdigit.c estimated size: 38

macaw.c
		_MacawBegin    		CODE           	2E40	0000	4

macaw.c estimated size: 4

/opt/microchip/xc8/v1.12/sources/strchr.c
		_strchr        		CODE           	2AFE	0000	56

/opt/microchip/xc8/v1.12/sources/strchr.c estimated size: 56

jspic.c
		_main          		CODE           	2C5A	0000	430

jspic.c estimated size: 430

main.c
		_onLoop        		CODE           	2E44	0000	2
		_onSetup       		CODE           	2A4A	0000	64
		_respond       		CODE           	2D28	0000	26
		_count         		CODE           	2C32	0000	40

main.c estimated size: 132

interrupts.c
		_onInterrupt   		CODE           	0008	0000	7270

interrupts.c estimated size: 7270

serial.c
		_SerialWriteInt		CODE           	269A	0000	114
		_OnSerialInterr		CODE           	200C	0000	160
		_SerialWrite   		CODE           	270C	0000	112

serial.c estimated size: 386

/opt/microchip/xc8/v1.12/sources/strncmp.c
		_strncmp       		CODE           	251C	0000	130

/opt/microchip/xc8/v1.12/sources/strncmp.c estimated size: 130

/opt/microchip/xc8/v1.12/sources/awmod.c
		___awmod       		CODE           	2412	0000	134

/opt/microchip/xc8/v1.12/sources/awmod.c estimated size: 134

/opt/microchip/xc8/v1.12/sources/wmul.c
		___wmul        		CODE           	2B6C	0000	54

/opt/microchip/xc8/v1.12/sources/wmul.c estimated size: 54

ledCounter.c
		_Count         		CODE           	2DE4	0000	18
		_LedCounterBegi		CODE           	2D5C	0000	24
		_CountUp       		CODE           	2CCA	0000	34

ledCounter.c estimated size: 76

wireMaster.c
		_HandleReads   		CODE           	1822	0000	348
		_WireOnInterrup		CODE           	2CEC	0000	32
		_TryToHelp     		CODE           	2832	0000	86
		_WireSend      		CODE           	1EBE	0000	172
		_HandleSends   		CODE           	197E	0000	314
		_WireGetString 		CODE           	277C	0000	92
		_WireBegin     		CODE           	2BD6	0000	46

wireMaster.c estimated size: 1090

/opt/microchip/xc8/v1.12/sources/lwmod.c
		___lwmod       		CODE           	28DA	0000	78

/opt/microchip/xc8/v1.12/sources/lwmod.c estimated size: 78

/opt/microchip/xc8/v1.12/sources/lwdiv.c
		___lwdiv       		CODE           	27D8	0000	90

/opt/microchip/xc8/v1.12/sources/lwdiv.c estimated size: 90

/opt/microchip/xc8/v1.12/sources/doprnt.c
		_sprintf       		CODE           	0FF2	0000	518

/opt/microchip/xc8/v1.12/sources/doprnt.c estimated size: 518

crashHelper.c
		_Crash         		CODE           	2DA4	0000	4294965988

crashHelper.c estimated size: 4294965988

/opt/microchip/xc8/v1.12/sources/strcpy.c
		_strcpy        		CODE           	2928	0000	76

/opt/microchip/xc8/v1.12/sources/strcpy.c estimated size: 76

superSimpleSerial.c
		_SuperSimpleSer		CODE           	2D0C	0000	28

superSimpleSerial.c estimated size: 28

interval.c
		_SetInterval   		CODE           	2498	0000	132
		_OnIntervalInte		CODE           	2DBA	0000	22
		_IntervalTick  		CODE           	1C6E	0000	210

interval.c estimated size: 364

/opt/microchip/xc8/v1.12/sources/strcmp.c
		_strcmp        		CODE           	2146	0000	152

/opt/microchip/xc8/v1.12/sources/strcmp.c estimated size: 152

twitter.c
		_TwitterWireMas		CODE           	2CA6	0000	36
		_TwitterOnRecei		CODE           	2E24	0000	10
		_TwitterSendToO		CODE           	13B8	0000	388
		_TwitterSendToA		CODE           	153C	0000	382
		_TwitterOnRecei		CODE           	0D4E	0000	676
		_TwitterOnRecei		CODE           	2E38	0000	8
		_TwitterSignUp 		CODE           	2888	0000	82
		_TwitterOnRecei		CODE           	2E2E	0000	10
		_TwitterWireMas		CODE           	20AC	0000	154
		_Tweet         		CODE           	16BA	0000	360
		_TweetGetValue 		CODE           	2D42	0000	26
		_TweetValue    		CODE           	2B36	0000	54
		_TwitterWireSla		CODE           	2BA2	0000	52
		_TwitterWireMas		CODE           	2270	0000	140

twitter.c estimated size: 2378

/opt/microchip/xc8/v1.12/sources/strstr.c
		_strstr        		CODE           	22FC	0000	140

/opt/microchip/xc8/v1.12/sources/strstr.c estimated size: 140

jwire.c
		_JWireRespond  		CODE           	2D74	0000	24
		_JWireOnInterru		CODE           	11F8	0000	448

jwire.c estimated size: 472

