Microchip MPLAB XC8 Compiler V1.12 ()

Linker command line:

-W4 --edf=/opt/microchip/xc8/v1.12/dat/en_msgs.txt -cs \
  -h+dist/default/production/JSPic.X.production.sym -z -Q18F2680 -ol.obj \
  -Mdist/default/production/JSPic.X.production.map -E1 -ver=XC8 \
  -ACODE=00h-0FFFFh -ACONST=00h-0FFFFh -ASMALLCONST=0D00h-0DFFhx243 \
  -AMEDIUMCONST=0D00h-0FFFFh -ACOMRAM=01h-05Fh -AABS1=00h-0CFFh \
  -ABIGRAM=01h-0CFFh -ARAM=060h-0FFh,0100h-01FFhx12 -ABANK0=060h-0FFh \
  -ABANK1=0100h-01FFh -ABANK2=0200h-02FFh -ABANK3=0300h-03FFh \
  -ABANK4=0400h-04FFh -ABANK5=0500h-05FFh -ABANK6=0600h-06FFh \
  -ABANK7=0700h-07FFh -ABANK8=0800h-08FFh -ABANK9=0900h-09FFh \
  -ABANK10=0A00h-0AFFh -ABANK11=0B00h-0BFFh -ABANK12=0C00h-0CFFh \
  -ASFR=0D00h-0DFFhx2,0F00h-0F5Fh,0F60h-0FFFh \
  -preset_vec=00h,intcode=08h,intcodelo,powerup,init,end_init \
  -pramtop=0D00h -psmallconst=SMALLCONST -pmediumconst=MEDIUMCONST \
  -pconst=CONST -AFARRAM=00h-00h -ACONFIG=0300000h-030000Dh -pconfig=CONFIG \
  -AIDLOC=0200000h-0200007h -pidloc=IDLOC -AEEDATA=0F00000h-0F003FFh \
  -peeprom_data=EEDATA \
  -prdata=COMRAM,nvrram=COMRAM,nvbit=COMRAM,rbss=COMRAM,rbit=COMRAM \
  -pfarbss=FARRAM,fardata=FARRAM \
  -pintsave_regs=BIGRAM,bigbss=BIGRAM,bigdata=BIGRAM -pbss=RAM \
  -pidata=CODE,irdata=CODE,ibigdata=CODE,ifardata=CODE /tmp/cgtBOAHeU.obj \
  dist/default/production/JSPic.X.production.obj 

Object code version is 3.10

Machine type is 18F2680

Call graph: (short form)




                Name                               Link     Load   Length Selector   Space Scale
/tmp/cgtBOAHeU.obj
                end_init                             18       18        4        4       0
                reset_vec                             0        0        4        0       0
                idloc                            200000   200000        8   200000       0
                config                           300000   300000        E   300000       0
dist/default/production/JSPic.X.production.obj
                intcode                               8        8       10        4       0
                smallconst                          D00      D00       14      680       0
                text23                             16F8     16F8       26      68A       0
                text22                             15FC     15FC       4E      68A       0
                text21                             15A2     15A2       5A      68A       0
                text20                             12E6     12E6       86      68A       0
                text19                             176C     176C       16      68A       0
                text18                              D14      D14      158      68A       0
                text17                             1782     1782       14      68A       0
                text16                             1694     1694       3E      68A       0
                text15                              F7A      F7A      10A      68A       0
                text14                             146E     146E       78      68A       0
                text13                             118A     118A       CC      68A       0
                text12                              E6C      E6C      10E      68A       0
                text11                             1544     1544       5E      68A       0
                text10                             14E6     14E6       5E      68A       0
                text9                              1756     1756       16      68A       0
                text8                              1084     1084      106      68A       0
                intcode_body                       1256     1256       90      68A       0
                text6                              136C     136C       84      68A       0
                text5                              1796     1796        A      68A       0
                text4                              173C     173C       1A      68A       0
                text3                              171E     171E       1E      68A       0
                text2                              16D2     16D2       26      68A       0
                text1                              17A0     17A0        4      68A       0
                text0                              164A     164A       4A      68A       0
                cstackCOMRAM                          1        1       29        1       1
                cstackBANK0                          C4       C4        4       60       1
                bssBANK8                            800      800       C8      800       1
                bssBANK7                            700      700       CA      700       1
                bssBANK6                            600      600       CA      600       1
                bssBANK5                            500      500       CA      500       1
                bssBANK4                            400      400       CA      400       1
                bssBANK3                            300      300       CA      300       1
                bssBANK2                            200      200       CA      200       1
                bssBANK1                            100      100       64      100       1
                bssBANK0                             60       60       64       60       1
                bssCOMRAM                            2A       2A       1B        1       1
                cinit                              13F0     13F0       7E      68A       0
                nvCOMRAM                             45       45        2        1       1

TOTAL           Name                               Link     Load   Length     Space
        CLASS   CODE           
                end_init                             18       18        4         0
                intcode                               8        8       10         0
                reset_vec                             0        0        4         0
                text23                             16F8     16F8       26         0
                text22                             15FC     15FC       4E         0
                text21                             15A2     15A2       5A         0
                text20                             12E6     12E6       86         0
                text19                             176C     176C       16         0
                text18                              D14      D14      158         0
                text17                             1782     1782       14         0
                text16                             1694     1694       3E         0
                text15                              F7A      F7A      10A         0
                text14                             146E     146E       78         0
                text13                             118A     118A       CC         0
                text12                              E6C      E6C      10E         0
                text11                             1544     1544       5E         0
                text10                             14E6     14E6       5E         0
                text9                              1756     1756       16         0
                text8                              1084     1084      106         0
                intcode_body                       1256     1256       90         0
                text6                              136C     136C       84         0
                text5                              1796     1796        A         0
                text4                              173C     173C       1A         0
                text3                              171E     171E       1E         0
                text2                              16D2     16D2       26         0
                text1                              17A0     17A0        4         0
                text0                              164A     164A       4A         0
                cinit                              13F0     13F0       7E         0

        CLASS   CONST          

        CLASS   SMALLCONST     
                smallconst                          D00      D00       14         0

        CLASS   MEDIUMCONST    

        CLASS   COMRAM         
                cstackCOMRAM                          1        1       29         1
                bssCOMRAM                            2A       2A       1B         1
                nvCOMRAM                             45       45        2         1

        CLASS   ABS1           

        CLASS   BIGRAM         

        CLASS   RAM            

        CLASS   BANK0          
                cstackBANK0                          C4       C4        4         1
                bssBANK0                             60       60       64         1

        CLASS   BANK1          
                bssBANK1                            100      100       64         1

        CLASS   BANK2          
                bssBANK2                            200      200       CA         1

        CLASS   BANK3          
                bssBANK3                            300      300       CA         1

        CLASS   BANK4          
                bssBANK4                            400      400       CA         1

        CLASS   BANK5          
                bssBANK5                            500      500       CA         1

        CLASS   BANK6          
                bssBANK6                            600      600       CA         1

        CLASS   BANK7          
                bssBANK7                            700      700       CA         1

        CLASS   BANK8          
                bssBANK8                            800      800       C8         1

        CLASS   BANK9          

        CLASS   BANK10         

        CLASS   BANK11         

        CLASS   BANK12         

        CLASS   SFR            

        CLASS   FARRAM         

        CLASS   CONFIG         
                config                           300000   300000        E         0

        CLASS   IDLOC          
                idloc                            200000   200000        8         0

        CLASS   EEDATA         



SEGMENTS        Name                           Load    Length   Top    Selector   Space  Class

                reset_vec                      000000  000004  000004         0       0  CODE    
                cstackCOMRAM                   000001  000046  000047         1       1  COMRAM  
                intcode                        000008  000014  00001C         4       0  CODE    
                bssBANK0                       000060  000068  0000C8        60       1  BANK0   
                bssBANK1                       000100  000064  000164       100       1  BANK1   
                bssBANK2                       000200  0000CA  0002CA       200       1  BANK2   
                bssBANK3                       000300  0000CA  0003CA       300       1  BANK3   
                bssBANK4                       000400  0000CA  0004CA       400       1  BANK4   
                bssBANK5                       000500  0000CA  0005CA       500       1  BANK5   
                bssBANK6                       000600  0000CA  0006CA       600       1  BANK6   
                bssBANK7                       000700  0000CA  0007CA       700       1  BANK7   
                bssBANK8                       000800  0000C8  0008C8       800       1  BANK8   
                smallconst                     000D00  000014  000D14       680       0  SMALLCON
                text18                         000D14  000A90  0017A4       68A       0  CODE    
                idloc                          200000  000008  200008    200000       0  IDLOC   
                config                         300000  00000E  30000E    300000       0  CONFIG  


UNUSED ADDRESS RANGES

        Name                Unused          Largest block    Delta
        BANK0            0000C8-0000FF               38
        BANK1            000164-0001FF               9C
        BANK10           000A00-000AFF              100
        BANK11           000B00-000BFF              100
        BANK12           000C00-000CFF              100
        BANK2            0002CA-0002FF               36
        BANK3            0003CA-0003FF               36
        BANK4            0004CA-0004FF               36
        BANK5            0005CA-0005FF               36
        BANK6            0006CA-0006FF               36
        BANK7            0007CA-0007FF               36
        BANK8            0008C8-0008FF               38
        BANK9            000900-0009FF              100
        BIGRAM           000047-00005F               19
                         0000C8-0000FF               38
                         000164-0001FF               9C
                         0002CA-0002FF               36
                         0003CA-0003FF               36
                         0004CA-0004FF               36
                         0005CA-0005FF               36
                         0006CA-0006FF               36
                         0007CA-0007FF               36
                         0008C8-000CFF              438
        CODE             000004-000007                4
                         00001C-000CFF              CE4
                         0017A4-00FFFF             E85C
        COMRAM           000047-00005F               19
        CONST            000004-000007                4
                         00001C-000CFF              CE4
                         0017A4-00FFFF             E85C
        EEDATA           F00000-F003FF              400
        MEDIUMCONST      0017A4-00FFFF             E85C
        RAM              0000C8-0000FF               38
                         000164-0001FF               9C
                         0002CA-0002FF               36
                         0003CA-0003FF               36
                         0004CA-0004FF               36
                         0005CA-0005FF               36
                         0006CA-0006FF               36
                         0007CA-0007FF               36
                         0008C8-000CFF              100
        SFR              000D00-000FFF              100
        SMALLCONST       0017A4-00FFFF              100

                                  Symbol Table

?_Async                        cstackCOMRAM 000005
?_IntervalTick                 cstackCOMRAM 00001C
?_JWireBegin                   cstackBANK0  0000C4
?_OnSerial                     cstackBANK0  0000C4
?_SetInterval                  cstackBANK0  0000C4
?___awmod                      cstackCOMRAM 000001
?___lwdiv                      cstackCOMRAM 000001
?___lwmod                      cstackCOMRAM 000008
?_printf                       cstackCOMRAM 00000D
?_strcpy2                      cstackCOMRAM 000001
Async@function                 cstackCOMRAM 000005
Async@string                   cstackCOMRAM 000007
IntervalTick@time              bssCOMRAM    000036
JWireBegin@id                  cstackBANK0  0000C4
JWireOnInterrupt@data          cstackCOMRAM 000009
OnSerial@callbackToUse         cstackBANK0  0000C4
OnSerialInterrupt@data         cstackCOMRAM 000009
SetInterval@callbackToUse      cstackBANK0  0000C6
SetInterval@delayInMs          cstackBANK0  0000C4
SetInterval@hasLoaded          bssCOMRAM    000044
_Async                         text15       000F7A
_AsyncBegin                    text2        0016D2
_AsyncTick                     text12       000E6C
_BRG16                         (abs)        007DC3
_BRGH                          (abs)        007D62
_CKP                           (abs)        007E34
_CREN                          (abs)        007D5C
_GIE                           (abs)        007F97
_INTCONbits                    (abs)        000FF2
_IntervalTick                  text13       00118A
_JWireBegin                    text4        00173C
_JWireOnInterrupt              text8        001084
_LA0                           (abs)        007C48
_LATB                          (abs)        000F8A
_MacawBegin                    text1        0017A0
_OSCCONbits                    (abs)        000FD3
_OnIntervalInterrupt           text9        001756
_OnSerial                      text5        001796
_OnSerialInterrupt             text10       0014E6
_PEIE                          (abs)        007F96
_RB7                           (abs)        007C0F
_RCIE                          (abs)        007CED
_RCIF                          (abs)        007CF5
_RCREG                         (abs)        000FAE
_RCSTA                         (abs)        000FAB
_SEN                           (abs)        007E28
_SENDB                         (abs)        007D63
_SPBRG                         (abs)        000FAF
_SPEN                          (abs)        007D5F
_SSPADD                        (abs)        000FC8
_SSPBUF                        (abs)        000FC9
_SSPEN                         (abs)        007E35
_SSPIE                         (abs)        007CEB
_SSPIF                         (abs)        007CF3
_SSPM0                         (abs)        007E30
_SSPM1                         (abs)        007E31
_SSPM2                         (abs)        007E32
_SSPM3                         (abs)        007E33
_SSPSTATbits                   (abs)        000FC7
_SYNC                          (abs)        007D64
_SerialBegin                   text3        00171E
_SerialWriteInterrupt          text11       001544
_SetInterval                   text6        00136C
_T0CONbits                     (abs)        000FD5
_TRISA                         (abs)        000F92
_TRISB                         (abs)        000F93
_TRISCbits                     (abs)        000F94
_TX9                           (abs)        007D66
_TXEN                          (abs)        007D65
_TXIE                          (abs)        007CEC
_TXIF                          (abs)        007CF4
_TXREG                         (abs)        000FAD
__CFG_BBSIZ$1024               (abs)        000000
__CFG_BOREN$OFF                (abs)        000000
__CFG_BORV$3                   (abs)        000000
__CFG_FCMEN$OFF                (abs)        000000
__CFG_IESO$OFF                 (abs)        000000
__CFG_LPT1OSC$OFF              (abs)        000000
__CFG_LVP$OFF                  (abs)        000000
__CFG_MCLRE$ON                 (abs)        000000
__CFG_OSC$IRCIO7               (abs)        000000
__CFG_PBADEN$OFF               (abs)        000000
__CFG_PWRT$OFF                 (abs)        000000
__CFG_STVREN$OFF               (abs)        000000
__CFG_WDT$OFF                  (abs)        000000
__CFG_WDTPS$32768              (abs)        000000
__HRAM                         (abs)        000000
__Habs1                        abs1         000000
__Hbank0                       bank0        000000
__Hbank1                       bank1        000000
__Hbank10                      bank10       000000
__Hbank11                      bank11       000000
__Hbank12                      bank12       000000
__Hbank2                       bank2        000000
__Hbank3                       bank3        000000
__Hbank4                       bank4        000000
__Hbank5                       bank5        000000
__Hbank6                       bank6        000000
__Hbank7                       bank7        000000
__Hbank8                       bank8        000000
__Hbank9                       bank9        000000
__Hbigbss                      bigbss       000000
__Hbigdata                     bigdata      000000
__Hbigram                      bigram       000000
__Hbss                         bss          000000
__HbssBANK0                    bssBANK0     000000
__HbssBANK1                    bssBANK1     000000
__HbssBANK2                    bssBANK2     000000
__HbssBANK3                    bssBANK3     000000
__HbssBANK4                    bssBANK4     000000
__HbssBANK5                    bssBANK5     000000
__HbssBANK6                    bssBANK6     000000
__HbssBANK7                    bssBANK7     000000
__HbssBANK8                    bssBANK8     000000
__HbssCOMRAM                   bssCOMRAM    000000
__Hcinit                       cinit        000000
__Hclrtext                     clrtext      000000
__Hcomram                      comram       000000
__Hconfig                      config       30000E
__Hconst                       const        000000
__HcstackBANK0                 cstackBANK0  000000
__HcstackCOMRAM                cstackCOMRAM 000000
__Hdata                        data         000000
__Heeprom_data                 eeprom_data  000000
__Hend_init                    end_init     00001C
__Hfarbss                      farbss       000000
__Hfardata                     fardata      000000
__Hibigdata                    ibigdata     000000
__Hidata                       idata        000000
__Hidloc                       idloc        200008
__Hifardata                    ifardata     000000
__Hinit                        init         000018
__Hintcode                     intcode      000018
__Hintcode_body                intcode_body 000000
__Hintcodelo                   intcodelo    000018
__Hintentry                    intentry     000000
__Hintret                      intret       000000
__Hintsave_regs                intsave_regs 000000
__Hirdata                      irdata       000000
__Hmediumconst                 mediumconst  000000
__HnvCOMRAM                    nvCOMRAM     000000
__Hnvbit                       nvbit        000000
__Hnvrram                      nvrram       000000
__Hparam                       rparam       000000
__Hpowerup                     powerup      000018
__Hram                         ram          000000
__Hramtop                      ramtop       000D00
__Hrbit                        rbit         000000
__Hrbss                        rbss         000000
__Hrdata                       rdata        000000
__Hreset_vec                   reset_vec    000004
__Hrparam                      rparam       000000
__Hsfr                         sfr          000000
__Hsmallconst                  smallconst   000D14
__Hstruct                      struct       000000
__Htemp                        temp         000000
__Htext                        text         000000
__Htext0                       text0        000000
__Htext1                       text1        000000
__Htext10                      text10       000000
__Htext11                      text11       000000
__Htext12                      text12       000000
__Htext13                      text13       000000
__Htext14                      text14       000000
__Htext15                      text15       000000
__Htext16                      text16       000000
__Htext17                      text17       000000
__Htext18                      text18       000000
__Htext19                      text19       000000
__Htext2                       text2        000000
__Htext20                      text20       000000
__Htext21                      text21       000000
__Htext22                      text22       000000
__Htext23                      text23       000000
__Htext24                      text24       000000
__Htext3                       text3        000000
__Htext4                       text4        000000
__Htext5                       text5        000000
__Htext6                       text6        000000
__Htext8                       text8        000000
__Htext9                       text9        000000
__LRAM                         (abs)        000001
__Labs1                        abs1         000000
__Lbank0                       bank0        000000
__Lbank1                       bank1        000000
__Lbank10                      bank10       000000
__Lbank11                      bank11       000000
__Lbank12                      bank12       000000
__Lbank2                       bank2        000000
__Lbank3                       bank3        000000
__Lbank4                       bank4        000000
__Lbank5                       bank5        000000
__Lbank6                       bank6        000000
__Lbank7                       bank7        000000
__Lbank8                       bank8        000000
__Lbank9                       bank9        000000
__Lbigbss                      bigbss       000000
__Lbigdata                     bigdata      000000
__Lbigram                      bigram       000000
__Lbss                         bss          000000
__LbssBANK0                    bssBANK0     000000
__LbssBANK1                    bssBANK1     000000
__LbssBANK2                    bssBANK2     000000
__LbssBANK3                    bssBANK3     000000
__LbssBANK4                    bssBANK4     000000
__LbssBANK5                    bssBANK5     000000
__LbssBANK6                    bssBANK6     000000
__LbssBANK7                    bssBANK7     000000
__LbssBANK8                    bssBANK8     000000
__LbssCOMRAM                   bssCOMRAM    000000
__Lcinit                       cinit        000000
__Lclrtext                     clrtext      000000
__Lcomram                      comram       000000
__Lconfig                      config       300000
__Lconst                       const        000000
__LcstackBANK0                 cstackBANK0  000000
__LcstackCOMRAM                cstackCOMRAM 000000
__Ldata                        data         000000
__Leeprom_data                 eeprom_data  000000
__Lend_init                    end_init     000018
__Lfarbss                      farbss       000000
__Lfardata                     fardata      000000
__Libigdata                    ibigdata     000000
__Lidata                       idata        000000
__Lidloc                       idloc        200000
__Lifardata                    ifardata     000000
__Linit                        init         000018
__Lintcode                     intcode      000008
__Lintcode_body                intcode_body 000000
__Lintcodelo                   intcodelo    000018
__Lintentry                    intentry     000000
__Lintret                      intret       000000
__Lintsave_regs                intsave_regs 000000
__Lirdata                      irdata       000000
__Lmediumconst                 mediumconst  000000
__LnvCOMRAM                    nvCOMRAM     000000
__Lnvbit                       nvbit        000000
__Lnvrram                      nvrram       000000
__Lparam                       rparam       000000
__Lpowerup                     powerup      000018
__Lram                         ram          000000
__Lramtop                      ramtop       000D00
__Lrbit                        rbit         000000
__Lrbss                        rbss         000000
__Lrdata                       rdata        000000
__Lreset_vec                   reset_vec    000000
__Lrparam                      rparam       000000
__Lsfr                         sfr          000000
__Lsmallconst                  smallconst   000D00
__Lstruct                      struct       000000
__Ltemp                        temp         000000
__Ltext                        text         000000
__Ltext0                       text0        000000
__Ltext1                       text1        000000
__Ltext10                      text10       000000
__Ltext11                      text11       000000
__Ltext12                      text12       000000
__Ltext13                      text13       000000
__Ltext14                      text14       000000
__Ltext15                      text15       000000
__Ltext16                      text16       000000
__Ltext17                      text17       000000
__Ltext18                      text18       000000
__Ltext19                      text19       000000
__Ltext2                       text2        000000
__Ltext20                      text20       000000
__Ltext21                      text21       000000
__Ltext22                      text22       000000
__Ltext23                      text23       000000
__Ltext24                      text24       000000
__Ltext3                       text3        000000
__Ltext4                       text4        000000
__Ltext5                       text5        000000
__Ltext6                       text6        000000
__Ltext8                       text8        000000
__Ltext9                       text9        000000
__S0                           (abs)        30000E
__S1                           (abs)        0008C8
___awmod                       text20       0012E6
___awmod@counter               cstackCOMRAM 000005
___awmod@dividend              cstackCOMRAM 000001
___awmod@divisor               cstackCOMRAM 000003
___awmod@sign                  cstackCOMRAM 000006
___lwdiv                       text21       0015A2
___lwdiv@counter               cstackCOMRAM 000007
___lwdiv@dividend              cstackCOMRAM 000001
___lwdiv@divisor               cstackCOMRAM 000003
___lwdiv@quotient              cstackCOMRAM 000005
___lwmod                       text22       0015FC
___lwmod@counter               cstackCOMRAM 00000C
___lwmod@dividend              cstackCOMRAM 000008
___lwmod@divisor               cstackCOMRAM 00000A
__accesstop                    (abs)        000060
__activetblptr                 (abs)        000003
__end_of_Async                 text15       001084
__end_of_AsyncBegin            text2        0016F8
__end_of_AsyncTick             text12       000F7A
__end_of_IntervalTick          text13       001256
__end_of_JWireBegin            text4        001756
__end_of_JWireOnInterrupt      text8        00118A
__end_of_MacawBegin            text1        0017A4
__end_of_OnIntervalInterrupt   text9        00176C
__end_of_OnSerial              text5        0017A0
__end_of_OnSerialInterrupt     text10       001544
__end_of_SerialBegin           text3        00173C
__end_of_SerialWriteInterrupt  text11       0015A2
__end_of_SetInterval           text6        0013F0
__end_of___awmod               text20       00136C
__end_of___lwdiv               text21       0015FC
__end_of___lwmod               text22       00164A
__end_of__initialization       cinit        001468
__end_of__stringdata           smallconst   000D13
__end_of_dpowers               smallconst   000D0A
__end_of_main                  text1        0017A0
__end_of_onInterrupt           intcode_body 0012E6
__end_of_printf                text18       000E6C
__end_of_purr                  text17       001796
__end_of_putch                 text19       001782
__end_of_serial                text14       0014E6
__end_of_strcpy2               text16       0016D2
__end_ofi2_AsyncBegin          text23       00171E
__initialization               cinit        0013F0
__mediumconst                  mediumconst  000000
__pbssBANK0                    bssBANK0     000060
__pbssBANK1                    bssBANK1     000100
__pbssBANK2                    bssBANK2     000200
__pbssBANK3                    bssBANK3     000300
__pbssBANK4                    bssBANK4     000400
__pbssBANK5                    bssBANK5     000500
__pbssBANK6                    bssBANK6     000600
__pbssBANK7                    bssBANK7     000700
__pbssBANK8                    bssBANK8     000800
__pbssCOMRAM                   bssCOMRAM    00002A
__pcinit                       cinit        0013F0
__pcstackBANK0                 cstackBANK0  0000C4
__pcstackCOMRAM                cstackCOMRAM 000001
__pintcode                     intcode      000008
__pintcode_body                intcode_body 001256
__pnvCOMRAM                    nvCOMRAM     000045
__psmallconst                  smallconst   000D00
__ptext0                       text0        00164A
__ptext1                       text1        0017A0
__ptext10                      text10       0014E6
__ptext11                      text11       001544
__ptext12                      text12       000E6C
__ptext13                      text13       00118A
__ptext14                      text14       00146E
__ptext15                      text15       000F7A
__ptext16                      text16       001694
__ptext17                      text17       001782
__ptext18                      text18       000D14
__ptext19                      text19       00176C
__ptext2                       text2        0016D2
__ptext20                      text20       0012E6
__ptext21                      text21       0015A2
__ptext22                      text22       0015FC
__ptext23                      text23       0016F8
__ptext24                      text24       000000
__ptext3                       text3        00171E
__ptext4                       text4        00173C
__ptext5                       text5        001796
__ptext6                       text6        00136C
__ptext8                       text8        001084
__ptext9                       text9        001756
__ramtop                       ramtop       000D00
__size_of_Async                (abs)        000000
__size_of_AsyncBegin           (abs)        000000
__size_of_AsyncTick            (abs)        000000
__size_of_IntervalTick         (abs)        000000
__size_of_JWireBegin           (abs)        000000
__size_of_JWireOnInterrupt     (abs)        000000
__size_of_MacawBegin           (abs)        000000
__size_of_OnIntervalInterrupt  (abs)        000000
__size_of_OnSerial             (abs)        000000
__size_of_OnSerialInterrupt    (abs)        000000
__size_of_SerialBegin          (abs)        000000
__size_of_SerialWriteInterrupt (abs)        000000
__size_of_SetInterval          (abs)        000000
__size_of___awmod              (abs)        000000
__size_of___lwdiv              (abs)        000000
__size_of___lwmod              (abs)        000000
__size_of_main                 (abs)        000000
__size_of_onInterrupt          (abs)        000000
__size_of_printf               (abs)        000000
__size_of_purr                 (abs)        000000
__size_of_putch                (abs)        000000
__size_of_serial               (abs)        000000
__size_of_strcpy2              (abs)        000000
__size_ofi2_AsyncBegin         (abs)        000000
__smallconst                   smallconst   000D00
__stringdata                   smallconst   000D0A
_buffer                        bssBANK1     000100
_bufferPosition                bssCOMRAM    000038
_bufferReadPos                 bssCOMRAM    00003A
_bufferSerial                  bssBANK8     000800
_callback                      nvCOMRAM     000045
_callbackA                     bssBANK2     000200
_callbackB                     bssBANK3     000300
_callbackC                     bssBANK4     000400
_callbackD                     bssBANK5     000500
_callbackE                     bssBANK6     000600
_callbackF                     bssBANK7     000700
_dpowers                       smallconst   000D00
_isDoneTransmitting            bssCOMRAM    00003C
_main                          text0        00164A
_onInterrupt                   intcode      000008
_printf                        text18       000D14
_purr                          text17       001782
_putch                         text19       00176C
_receiveCallback               bssCOMRAM    00003E
_serial                        text14       00146E
_strcpy2                       text16       001694
_writeBuffer                   bssBANK0     000060
_writeBufferPosition           bssCOMRAM    000040
end_of_initialization          cinit        001468
i2_AsyncBegin                  text23       0016F8
int_func                       intcode_body 001256
interval@callbackA             bssCOMRAM    00002A
interval@callbackB             bssCOMRAM    00002E
interval@callbackC             bssCOMRAM    000032
intlevel0                      text         000000
intlevel1                      text         000000
intlevel2                      text         000000
intlevel3                      text         000000
printf@_val                    cstackCOMRAM 000016
printf@ap                      cstackCOMRAM 000012
printf@c                       cstackCOMRAM 00001B
printf@f                       cstackCOMRAM 000014
printf@flag                    cstackCOMRAM 000013
printf@prec                    cstackCOMRAM 000015
purr@count                     bssCOMRAM    000042
putch@data                     cstackCOMRAM 000001
serial@msg                     cstackCOMRAM 00001C
start                          init         000018
start_initialization           cinit        0013F0
strcpy2@dest                   cstackCOMRAM 000001
strcpy2@loc                    cstackCOMRAM 000003


FUNCTION INFORMATION:

 *************** function _main *****************
 Defined at:
		line 64 in file "jspic.c"
 Parameters:    Size  Location     Type
		None
 Auto vars:     Size  Location     Type
		None
 Return value:  Size  Location     Type
                  2   67[COMRAM] int 
 Registers used:
		wreg, status,2, status,0, cstack
 Tracked objects:
		On entry : 
		On exit  : 
		Unchanged: 
 Data sizes:     COMRAM   BANK0   BANK1   BANK2   BANK3   BANK4   BANK5   BANK6   BANK7   BANK8   BANK9  BANK10  BANK11  BANK12
      Params:         0       0       0       0       0       0       0       0       0       0       0       0       0       0
      Locals:         0       0       0       0       0       0       0       0       0       0       0       0       0       0
      Temps:          0       0       0       0       0       0       0       0       0       0       0       0       0       0
      Totals:         0       0       0       0       0       0       0       0       0       0       0       0       0       0
Total ram usage:        0 bytes
 Hardware stack levels required when called:    7
 This function calls:
		_MacawBegin
		_AsyncBegin
		_SerialBegin
		_JWireBegin
		_OnSerial
		_SetInterval
 This function is called by:
		Startup code after reset
 This function uses a non-reentrant model


 *************** function _MacawBegin *****************
 Defined at:
		line 4 in file "macaw.c"
 Parameters:    Size  Location     Type
		None
 Auto vars:     Size  Location     Type
		None
 Return value:  Size  Location     Type
		None               void
 Registers used:
		None
 Tracked objects:
		On entry : 
		On exit  : 
		Unchanged: 
 Data sizes:     COMRAM   BANK0   BANK1   BANK2   BANK3   BANK4   BANK5   BANK6   BANK7   BANK8   BANK9  BANK10  BANK11  BANK12
      Params:         0       0       0       0       0       0       0       0       0       0       0       0       0       0
      Locals:         0       0       0       0       0       0       0       0       0       0       0       0       0       0
      Temps:          0       0       0       0       0       0       0       0       0       0       0       0       0       0
      Totals:         0       0       0       0       0       0       0       0       0       0       0       0       0       0
Total ram usage:        0 bytes
 Hardware stack levels used:    1
 Hardware stack levels required when called:    6
 This function calls:
		Nothing
 This function is called by:
		_main
 This function uses a non-reentrant model


 *************** function _AsyncBegin *****************
 Defined at:
		line 72 in file "async.c"
 Parameters:    Size  Location     Type
		None
 Auto vars:     Size  Location     Type
		None
 Return value:  Size  Location     Type
		None               void
 Registers used:
		None
 Tracked objects:
		On entry : 
		On exit  : 
		Unchanged: 
 Data sizes:     COMRAM   BANK0   BANK1   BANK2   BANK3   BANK4   BANK5   BANK6   BANK7   BANK8   BANK9  BANK10  BANK11  BANK12
      Params:         0       0       0       0       0       0       0       0       0       0       0       0       0       0
      Locals:         0       0       0       0       0       0       0       0       0       0       0       0       0       0
      Temps:          0       0       0       0       0       0       0       0       0       0       0       0       0       0
      Totals:         0       0       0       0       0       0       0       0       0       0       0       0       0       0
Total ram usage:        0 bytes
 Hardware stack levels used:    1
 Hardware stack levels required when called:    6
 This function calls:
		Nothing
 This function is called by:
		_main
 This function uses a non-reentrant model


 *************** function _SerialBegin *****************
 Defined at:
		line 34 in file "serial.c"
 Parameters:    Size  Location     Type
		None
 Auto vars:     Size  Location     Type
		None
 Return value:  Size  Location     Type
		None               void
 Registers used:
		wreg, status,2
 Tracked objects:
		On entry : 
		On exit  : 
		Unchanged: 
 Data sizes:     COMRAM   BANK0   BANK1   BANK2   BANK3   BANK4   BANK5   BANK6   BANK7   BANK8   BANK9  BANK10  BANK11  BANK12
      Params:         0       0       0       0       0       0       0       0       0       0       0       0       0       0
      Locals:         0       0       0       0       0       0       0       0       0       0       0       0       0       0
      Temps:          0       0       0       0       0       0       0       0       0       0       0       0       0       0
      Totals:         0       0       0       0       0       0       0       0       0       0       0       0       0       0
Total ram usage:        0 bytes
 Hardware stack levels used:    1
 Hardware stack levels required when called:    6
 This function calls:
		Nothing
 This function is called by:
		_main
 This function uses a non-reentrant model


 *************** function _JWireBegin *****************
 Defined at:
		line 77 in file "jwire.c"
 Parameters:    Size  Location     Type
  id              2    0[BANK0 ] int 
 Auto vars:     Size  Location     Type
		None
 Return value:  Size  Location     Type
		None               void
 Registers used:
		wreg, status,2, status,0
 Tracked objects:
		On entry : 
		On exit  : 
		Unchanged: 
 Data sizes:     COMRAM   BANK0   BANK1   BANK2   BANK3   BANK4   BANK5   BANK6   BANK7   BANK8   BANK9  BANK10  BANK11  BANK12
      Params:         0       2       0       0       0       0       0       0       0       0       0       0       0       0
      Locals:         0       0       0       0       0       0       0       0       0       0       0       0       0       0
      Temps:          0       0       0       0       0       0       0       0       0       0       0       0       0       0
      Totals:         0       2       0       0       0       0       0       0       0       0       0       0       0       0
Total ram usage:        2 bytes
 Hardware stack levels used:    1
 Hardware stack levels required when called:    6
 This function calls:
		Nothing
 This function is called by:
		_main
 This function uses a non-reentrant model


 *************** function _OnSerial *****************
 Defined at:
		line 59 in file "serial.c"
 Parameters:    Size  Location     Type
  callbackToUs    2    0[BANK0 ] PTR FTN(PTR unsigned cha
		 -> serial(0), 
 Auto vars:     Size  Location     Type
		None
 Return value:  Size  Location     Type
		None               void
 Registers used:
		None
 Tracked objects:
		On entry : 
		On exit  : 
		Unchanged: 
 Data sizes:     COMRAM   BANK0   BANK1   BANK2   BANK3   BANK4   BANK5   BANK6   BANK7   BANK8   BANK9  BANK10  BANK11  BANK12
      Params:         0       2       0       0       0       0       0       0       0       0       0       0       0       0
      Locals:         0       0       0       0       0       0       0       0       0       0       0       0       0       0
      Temps:          0       0       0       0       0       0       0       0       0       0       0       0       0       0
      Totals:         0       2       0       0       0       0       0       0       0       0       0       0       0       0
Total ram usage:        2 bytes
 Hardware stack levels used:    1
 Hardware stack levels required when called:    6
 This function calls:
		Nothing
 This function is called by:
		_main
 This function uses a non-reentrant model


 *************** function _SetInterval *****************
 Defined at:
		line 34 in file "interval.c"
 Parameters:    Size  Location     Type
  delayInMs       2    0[BANK0 ] int 
  callbackToUs    2    2[BANK0 ] PTR FTN()void 
		 -> purr(0), 
 Auto vars:     Size  Location     Type
		None
 Return value:  Size  Location     Type
		None               void
 Registers used:
		wreg, status,2, status,0
 Tracked objects:
		On entry : 
		On exit  : 
		Unchanged: 
 Data sizes:     COMRAM   BANK0   BANK1   BANK2   BANK3   BANK4   BANK5   BANK6   BANK7   BANK8   BANK9  BANK10  BANK11  BANK12
      Params:         0       4       0       0       0       0       0       0       0       0       0       0       0       0
      Locals:         0       0       0       0       0       0       0       0       0       0       0       0       0       0
      Temps:          0       0       0       0       0       0       0       0       0       0       0       0       0       0
      Totals:         0       4       0       0       0       0       0       0       0       0       0       0       0       0
Total ram usage:        4 bytes
 Hardware stack levels used:    1
 Hardware stack levels required when called:    6
 This function calls:
		Nothing
 This function is called by:
		_main
 This function uses a non-reentrant model


 *************** function _onInterrupt *****************
 Defined at:
		line 9 in file "interrupts.h"
 Parameters:    Size  Location     Type
		None
 Auto vars:     Size  Location     Type
		None
 Return value:  Size  Location     Type
		None               void
 Registers used:
		wreg, fsr1l, fsr1h, fsr2l, fsr2h, status,2, status,0, pclat, tosl, tblptrl, tblptrh, tblptru, prodl, prodh, cstack
 Tracked objects:
		On entry : 
		On exit  : 
		Unchanged: 
 Data sizes:     COMRAM   BANK0   BANK1   BANK2   BANK3   BANK4   BANK5   BANK6   BANK7   BANK8   BANK9  BANK10  BANK11  BANK12
      Params:         0       0       0       0       0       0       0       0       0       0       0       0       0       0
      Locals:         0       0       0       0       0       0       0       0       0       0       0       0       0       0
      Temps:         12       0       0       0       0       0       0       0       0       0       0       0       0       0
      Totals:        12       0       0       0       0       0       0       0       0       0       0       0       0       0
Total ram usage:       12 bytes
 Hardware stack levels used:    1
 Hardware stack levels required when called:    5
 This function calls:
		_JWireOnInterrupt
		_OnIntervalInterrupt
		_OnSerialInterrupt
		_SerialWriteInterrupt
		_AsyncTick
 This function is called by:
		Interrupt level 2
 This function uses a non-reentrant model


 *************** function _JWireOnInterrupt *****************
 Defined at:
		line 20 in file "jwire.c"
 Parameters:    Size  Location     Type
		None
 Auto vars:     Size  Location     Type
  data            2    8[COMRAM] int 
  addr            2    0        int 
 Return value:  Size  Location     Type
		None               void
 Registers used:
		wreg, fsr1l, fsr1h, fsr2l, fsr2h, status,2, status,0, cstack
 Tracked objects:
		On entry : 
		On exit  : 
		Unchanged: 
 Data sizes:     COMRAM   BANK0   BANK1   BANK2   BANK3   BANK4   BANK5   BANK6   BANK7   BANK8   BANK9  BANK10  BANK11  BANK12
      Params:         0       0       0       0       0       0       0       0       0       0       0       0       0       0
      Locals:         2       0       0       0       0       0       0       0       0       0       0       0       0       0
      Temps:          0       0       0       0       0       0       0       0       0       0       0       0       0       0
      Totals:         2       0       0       0       0       0       0       0       0       0       0       0       0       0
Total ram usage:        2 bytes
 Hardware stack levels used:    1
 Hardware stack levels required when called:    2
 This function calls:
		_Async
 This function is called by:
		_onInterrupt
 This function uses a non-reentrant model


 *************** function _OnIntervalInterrupt *****************
 Defined at:
		line 29 in file "interval.c"
 Parameters:    Size  Location     Type
		None
 Auto vars:     Size  Location     Type
		None
 Return value:  Size  Location     Type
		None               void
 Registers used:
		wreg, fsr1l, fsr1h, fsr2l, fsr2h, status,2, status,0, cstack
 Tracked objects:
		On entry : 
		On exit  : 
		Unchanged: 
 Data sizes:     COMRAM   BANK0   BANK1   BANK2   BANK3   BANK4   BANK5   BANK6   BANK7   BANK8   BANK9  BANK10  BANK11  BANK12
      Params:         0       0       0       0       0       0       0       0       0       0       0       0       0       0
      Locals:         0       0       0       0       0       0       0       0       0       0       0       0       0       0
      Temps:          0       0       0       0       0       0       0       0       0       0       0       0       0       0
      Totals:         0       0       0       0       0       0       0       0       0       0       0       0       0       0
Total ram usage:        0 bytes
 Hardware stack levels used:    1
 Hardware stack levels required when called:    2
 This function calls:
		_Async
 This function is called by:
		_onInterrupt
 This function uses a non-reentrant model


 *************** function _OnSerialInterrupt *****************
 Defined at:
		line 12 in file "serial.c"
 Parameters:    Size  Location     Type
		None
 Auto vars:     Size  Location     Type
  data            1    8[COMRAM] unsigned char 
  err             1    0        unsigned char 
 Return value:  Size  Location     Type
		None               void
 Registers used:
		wreg, fsr1l, fsr1h, fsr2l, fsr2h, status,2, status,0, cstack
 Tracked objects:
		On entry : 
		On exit  : 
		Unchanged: 
 Data sizes:     COMRAM   BANK0   BANK1   BANK2   BANK3   BANK4   BANK5   BANK6   BANK7   BANK8   BANK9  BANK10  BANK11  BANK12
      Params:         0       0       0       0       0       0       0       0       0       0       0       0       0       0
      Locals:         1       0       0       0       0       0       0       0       0       0       0       0       0       0
      Temps:          0       0       0       0       0       0       0       0       0       0       0       0       0       0
      Totals:         1       0       0       0       0       0       0       0       0       0       0       0       0       0
Total ram usage:        1 bytes
 Hardware stack levels used:    1
 Hardware stack levels required when called:    2
 This function calls:
		_Async
 This function is called by:
		_onInterrupt
 This function uses a non-reentrant model


 *************** function _SerialWriteInterrupt *****************
 Defined at:
		line 86 in file "serial.c"
 Parameters:    Size  Location     Type
		None
 Auto vars:     Size  Location     Type
		None
 Return value:  Size  Location     Type
		None               void
 Registers used:
		wreg, fsr2l, fsr2h, status,2, status,0
 Tracked objects:
		On entry : 
		On exit  : 
		Unchanged: 
 Data sizes:     COMRAM   BANK0   BANK1   BANK2   BANK3   BANK4   BANK5   BANK6   BANK7   BANK8   BANK9  BANK10  BANK11  BANK12
      Params:         0       0       0       0       0       0       0       0       0       0       0       0       0       0
      Locals:         0       0       0       0       0       0       0       0       0       0       0       0       0       0
      Temps:          0       0       0       0       0       0       0       0       0       0       0       0       0       0
      Totals:         0       0       0       0       0       0       0       0       0       0       0       0       0       0
Total ram usage:        0 bytes
 Hardware stack levels used:    1
 This function calls:
		Nothing
 This function is called by:
		_onInterrupt
 This function uses a non-reentrant model


 *************** function _AsyncTick *****************
 Defined at:
		line 42 in file "async.c"
 Parameters:    Size  Location     Type
		None
 Auto vars:     Size  Location     Type
		None
 Return value:  Size  Location     Type
		None               void
 Registers used:
		wreg, fsr2l, fsr2h, status,2, status,0, pclat, tosl, tblptrl, tblptrh, tblptru, prodl, prodh, cstack
 Tracked objects:
		On entry : 
		On exit  : 
		Unchanged: 
 Data sizes:     COMRAM   BANK0   BANK1   BANK2   BANK3   BANK4   BANK5   BANK6   BANK7   BANK8   BANK9  BANK10  BANK11  BANK12
      Params:         0       0       0       0       0       0       0       0       0       0       0       0       0       0
      Locals:         0       0       0       0       0       0       0       0       0       0       0       0       0       0
      Temps:          0       0       0       0       0       0       0       0       0       0       0       0       0       0
      Totals:         0       0       0       0       0       0       0       0       0       0       0       0       0       0
Total ram usage:        0 bytes
 Hardware stack levels used:    1
 Hardware stack levels required when called:    4
 This function calls:
		_IntervalTick
		Absolute function
		_serial
		i2_AsyncBegin
 This function is called by:
		_onInterrupt
 This function uses a non-reentrant model


 *************** function _IntervalTick *****************
 Defined at:
		line 14 in file "interval.c"
 Parameters:    Size  Location     Type
  msg             2   27[COMRAM] PTR unsigned char 
		 -> callbackF(202), callbackE(202), callbackD(202), callbackC(202), 
		 -> callbackB(202), callbackA(202), 
 Auto vars:     Size  Location     Type
		None
 Return value:  Size  Location     Type
		None               void
 Registers used:
		wreg, fsr2l, fsr2h, status,2, status,0, pclat, tosl, tblptrl, tblptrh, tblptru, prodl, prodh, cstack
 Tracked objects:
		On entry : 
		On exit  : 
		Unchanged: 
 Data sizes:     COMRAM   BANK0   BANK1   BANK2   BANK3   BANK4   BANK5   BANK6   BANK7   BANK8   BANK9  BANK10  BANK11  BANK12
      Params:         2       0       0       0       0       0       0       0       0       0       0       0       0       0
      Locals:         0       0       0       0       0       0       0       0       0       0       0       0       0       0
      Temps:          0       0       0       0       0       0       0       0       0       0       0       0       0       0
      Totals:         2       0       0       0       0       0       0       0       0       0       0       0       0       0
Total ram usage:        2 bytes
 Hardware stack levels used:    1
 Hardware stack levels required when called:    3
 This function calls:
		___awmod
		Absolute function
		_purr
 This function is called by:
		_OnIntervalInterrupt
		_AsyncTick
 This function uses a non-reentrant model


 *************** function _serial *****************
 Defined at:
		line 45 in file "jspic.c"
 Parameters:    Size  Location     Type
  msg             2   27[COMRAM] PTR unsigned char 
		 -> callbackF(202), callbackE(202), callbackD(202), callbackC(202), 
		 -> callbackB(202), callbackA(202), 
 Auto vars:     Size  Location     Type
		None
 Return value:  Size  Location     Type
		None               void
 Registers used:
		wreg, fsr2l, fsr2h, status,2, status,0
 Tracked objects:
		On entry : 
		On exit  : 
		Unchanged: 
 Data sizes:     COMRAM   BANK0   BANK1   BANK2   BANK3   BANK4   BANK5   BANK6   BANK7   BANK8   BANK9  BANK10  BANK11  BANK12
      Params:         2       0       0       0       0       0       0       0       0       0       0       0       0       0
      Locals:         0       0       0       0       0       0       0       0       0       0       0       0       0       0
      Temps:          0       0       0       0       0       0       0       0       0       0       0       0       0       0
      Totals:         2       0       0       0       0       0       0       0       0       0       0       0       0       0
Total ram usage:        2 bytes
 Hardware stack levels used:    1
 This function calls:
		Nothing
 This function is called by:
		_main
		_AsyncTick
 This function uses a non-reentrant model


 *************** function _Async *****************
 Defined at:
		line 19 in file "async.c"
 Parameters:    Size  Location     Type
  function        2    4[COMRAM] PTR FTN(PTR unsigned cha
		 -> IntervalTick(0), Absolute function(0), serial(0), 
  string          2    6[COMRAM] PTR unsigned char 
		 -> buffer(100), bufferSerial(200), NULL(0), 
 Auto vars:     Size  Location     Type
		None
 Return value:  Size  Location     Type
		None               void
 Registers used:
		wreg, fsr1l, fsr1h, fsr2l, fsr2h, status,2, status,0, cstack
 Tracked objects:
		On entry : 
		On exit  : 
		Unchanged: 
 Data sizes:     COMRAM   BANK0   BANK1   BANK2   BANK3   BANK4   BANK5   BANK6   BANK7   BANK8   BANK9  BANK10  BANK11  BANK12
      Params:         4       0       0       0       0       0       0       0       0       0       0       0       0       0
      Locals:         0       0       0       0       0       0       0       0       0       0       0       0       0       0
      Temps:          0       0       0       0       0       0       0       0       0       0       0       0       0       0
      Totals:         4       0       0       0       0       0       0       0       0       0       0       0       0       0
Total ram usage:        4 bytes
 Hardware stack levels used:    1
 Hardware stack levels required when called:    1
 This function calls:
		_strcpy2
 This function is called by:
		_OnIntervalInterrupt
		_OnSerialInterrupt
		_JWireOnInterrupt
 This function uses a non-reentrant model


 *************** function _strcpy2 *****************
 Defined at:
		line 3 in file "string2.c"
 Parameters:    Size  Location     Type
  dest            2    0[COMRAM] PTR unsigned char 
		 -> callbackF(202), callbackE(202), callbackD(202), callbackC(202), 
		 -> callbackB(202), callbackA(202), 
  loc             2    2[COMRAM] PTR const unsigned char 
		 -> buffer(100), bufferSerial(200), NULL(0), 
 Auto vars:     Size  Location     Type
		None
 Return value:  Size  Location     Type
		None               void
 Registers used:
		wreg, fsr1l, fsr1h, fsr2l, fsr2h, status,2, status,0
 Tracked objects:
		On entry : 
		On exit  : 
		Unchanged: 
 Data sizes:     COMRAM   BANK0   BANK1   BANK2   BANK3   BANK4   BANK5   BANK6   BANK7   BANK8   BANK9  BANK10  BANK11  BANK12
      Params:         4       0       0       0       0       0       0       0       0       0       0       0       0       0
      Locals:         0       0       0       0       0       0       0       0       0       0       0       0       0       0
      Temps:          0       0       0       0       0       0       0       0       0       0       0       0       0       0
      Totals:         4       0       0       0       0       0       0       0       0       0       0       0       0       0
Total ram usage:        4 bytes
 Hardware stack levels used:    1
 This function calls:
		Nothing
 This function is called by:
		_Async
 This function uses a non-reentrant model


 *************** function _purr *****************
 Defined at:
		line 35 in file "jspic.c"
 Parameters:    Size  Location     Type
		None
 Auto vars:     Size  Location     Type
		None
 Return value:  Size  Location     Type
		None               void
 Registers used:
		wreg, fsr2l, fsr2h, status,2, status,0, tblptrl, tblptrh, tblptru, prodl, prodh, cstack
 Tracked objects:
		On entry : 
		On exit  : 
		Unchanged: 
 Data sizes:     COMRAM   BANK0   BANK1   BANK2   BANK3   BANK4   BANK5   BANK6   BANK7   BANK8   BANK9  BANK10  BANK11  BANK12
      Params:         0       0       0       0       0       0       0       0       0       0       0       0       0       0
      Locals:         0       0       0       0       0       0       0       0       0       0       0       0       0       0
      Temps:          0       0       0       0       0       0       0       0       0       0       0       0       0       0
      Totals:         0       0       0       0       0       0       0       0       0       0       0       0       0       0
Total ram usage:        0 bytes
 Hardware stack levels used:    1
 Hardware stack levels required when called:    2
 This function calls:
		_printf
 This function is called by:
		_main
		_IntervalTick
 This function uses a non-reentrant model


 *************** function _printf *****************
 Defined at:
		line 465 in file "/opt/microchip/xc8/v1.12/sources/doprnt.c"
 Parameters:    Size  Location     Type
  f               1    wreg     PTR const unsigned char 
		 -> STR_1(9), 
 Auto vars:     Size  Location     Type
  f               1   19[COMRAM] PTR const unsigned char 
		 -> STR_1(9), 
  _val            5   21[COMRAM] struct .
  c               1   26[COMRAM] char 
  prec            1   20[COMRAM] char 
  flag            1   18[COMRAM] unsigned char 
  ap              1   17[COMRAM] PTR void [1]
		 -> ?_printf(2), 
 Return value:  Size  Location     Type
                  2   12[COMRAM] int 
 Registers used:
		wreg, fsr2l, fsr2h, status,2, status,0, tblptrl, tblptrh, tblptru, prodl, prodh, cstack
 Tracked objects:
		On entry : 
		On exit  : 
		Unchanged: 
 Data sizes:     COMRAM   BANK0   BANK1   BANK2   BANK3   BANK4   BANK5   BANK6   BANK7   BANK8   BANK9  BANK10  BANK11  BANK12
      Params:         2       0       0       0       0       0       0       0       0       0       0       0       0       0
      Locals:        10       0       0       0       0       0       0       0       0       0       0       0       0       0
      Temps:          3       0       0       0       0       0       0       0       0       0       0       0       0       0
      Totals:        15       0       0       0       0       0       0       0       0       0       0       0       0       0
Total ram usage:       15 bytes
 Hardware stack levels used:    1
 Hardware stack levels required when called:    1
 This function calls:
		_putch
		___lwdiv
		___lwmod
 This function is called by:
		_purr
 This function uses a non-reentrant model


 *************** function _putch *****************
 Defined at:
		line 9 in file "macaw.c"
 Parameters:    Size  Location     Type
  data            1    wreg     unsigned char 
 Auto vars:     Size  Location     Type
  data            1    0[COMRAM] unsigned char 
 Return value:  Size  Location     Type
		None               void
 Registers used:
		wreg, status,2, cstack
 Tracked objects:
		On entry : 
		On exit  : 
		Unchanged: 
 Data sizes:     COMRAM   BANK0   BANK1   BANK2   BANK3   BANK4   BANK5   BANK6   BANK7   BANK8   BANK9  BANK10  BANK11  BANK12
      Params:         0       0       0       0       0       0       0       0       0       0       0       0       0       0
      Locals:         1       0       0       0       0       0       0       0       0       0       0       0       0       0
      Temps:          0       0       0       0       0       0       0       0       0       0       0       0       0       0
      Totals:         1       0       0       0       0       0       0       0       0       0       0       0       0       0
Total ram usage:        1 bytes
 Hardware stack levels used:    1
 This function calls:
		Nothing
 This function is called by:
		_printf
 This function uses a non-reentrant model


 *************** function ___awmod *****************
 Defined at:
		line 10 in file "/opt/microchip/xc8/v1.12/sources/awmod.c"
 Parameters:    Size  Location     Type
  dividend        2    0[COMRAM] int 
  divisor         2    2[COMRAM] int 
 Auto vars:     Size  Location     Type
  sign            1    5[COMRAM] unsigned char 
  counter         1    4[COMRAM] unsigned char 
 Return value:  Size  Location     Type
                  2    0[COMRAM] int 
 Registers used:
		wreg, status,2, status,0
 Tracked objects:
		On entry : 
		On exit  : 
		Unchanged: 
 Data sizes:     COMRAM   BANK0   BANK1   BANK2   BANK3   BANK4   BANK5   BANK6   BANK7   BANK8   BANK9  BANK10  BANK11  BANK12
      Params:         4       0       0       0       0       0       0       0       0       0       0       0       0       0
      Locals:         2       0       0       0       0       0       0       0       0       0       0       0       0       0
      Temps:          0       0       0       0       0       0       0       0       0       0       0       0       0       0
      Totals:         6       0       0       0       0       0       0       0       0       0       0       0       0       0
Total ram usage:        6 bytes
 Hardware stack levels used:    1
 This function calls:
		Nothing
 This function is called by:
		_IntervalTick
 This function uses a non-reentrant model


 *************** function ___lwdiv *****************
 Defined at:
		line 10 in file "/opt/microchip/xc8/v1.12/sources/lwdiv.c"
 Parameters:    Size  Location     Type
  dividend        2    0[COMRAM] unsigned int 
  divisor         2    2[COMRAM] unsigned int 
 Auto vars:     Size  Location     Type
  quotient        2    4[COMRAM] unsigned int 
  counter         1    6[COMRAM] unsigned char 
 Return value:  Size  Location     Type
                  2    0[COMRAM] unsigned int 
 Registers used:
		wreg, status,2, status,0
 Tracked objects:
		On entry : 
		On exit  : 
		Unchanged: 
 Data sizes:     COMRAM   BANK0   BANK1   BANK2   BANK3   BANK4   BANK5   BANK6   BANK7   BANK8   BANK9  BANK10  BANK11  BANK12
      Params:         4       0       0       0       0       0       0       0       0       0       0       0       0       0
      Locals:         3       0       0       0       0       0       0       0       0       0       0       0       0       0
      Temps:          0       0       0       0       0       0       0       0       0       0       0       0       0       0
      Totals:         7       0       0       0       0       0       0       0       0       0       0       0       0       0
Total ram usage:        7 bytes
 Hardware stack levels used:    1
 This function calls:
		Nothing
 This function is called by:
		_printf
 This function uses a non-reentrant model


 *************** function ___lwmod *****************
 Defined at:
		line 10 in file "/opt/microchip/xc8/v1.12/sources/lwmod.c"
 Parameters:    Size  Location     Type
  dividend        2    7[COMRAM] unsigned int 
  divisor         2    9[COMRAM] unsigned int 
 Auto vars:     Size  Location     Type
  counter         1   11[COMRAM] unsigned char 
 Return value:  Size  Location     Type
                  2    7[COMRAM] unsigned int 
 Registers used:
		wreg, status,2, status,0
 Tracked objects:
		On entry : 
		On exit  : 
		Unchanged: 
 Data sizes:     COMRAM   BANK0   BANK1   BANK2   BANK3   BANK4   BANK5   BANK6   BANK7   BANK8   BANK9  BANK10  BANK11  BANK12
      Params:         4       0       0       0       0       0       0       0       0       0       0       0       0       0
      Locals:         1       0       0       0       0       0       0       0       0       0       0       0       0       0
      Temps:          0       0       0       0       0       0       0       0       0       0       0       0       0       0
      Totals:         5       0       0       0       0       0       0       0       0       0       0       0       0       0
Total ram usage:        5 bytes
 Hardware stack levels used:    1
 This function calls:
		Nothing
 This function is called by:
		_printf
 This function uses a non-reentrant model


 *************** function i2_AsyncBegin *****************
 Defined at:
		line 72 in file "async.c"
 Parameters:    Size  Location     Type
		None
 Auto vars:     Size  Location     Type
		None
 Return value:  Size  Location     Type
		None               void
 Registers used:
		None
 Tracked objects:
		On entry : 
		On exit  : 
		Unchanged: 
 Data sizes:     COMRAM   BANK0   BANK1   BANK2   BANK3   BANK4   BANK5   BANK6   BANK7   BANK8   BANK9  BANK10  BANK11  BANK12
      Params:         0       0       0       0       0       0       0       0       0       0       0       0       0       0
      Locals:         0       0       0       0       0       0       0       0       0       0       0       0       0       0
      Temps:          0       0       0       0       0       0       0       0       0       0       0       0       0       0
      Totals:         0       0       0       0       0       0       0       0       0       0       0       0       0       0
Total ram usage:        0 bytes
 Hardware stack levels used:    1
 This function calls:
		Nothing
 This function is called by:
		_AsyncTick
 This function uses a non-reentrant model



MODULE INFORMATION

Module		Function		Class		Link	Load	Size
string2.c
		_strcpy2       		CODE           	1694	0000	62

string2.c estimated size: 62

async.c
		_AsyncTick     		CODE           	0E6C	0000	270
		_AsyncBegin    		CODE           	16D2	0000	38
		_Async         		CODE           	0F7A	0000	266

async.c estimated size: 574

shared
		__stringdata   		SMALLCONST     	0D0A	0000	9
		i2_AsyncBegin  		CODE           	16F8	0000	38
		_dpowers       		SMALLCONST     	0D00	0000	10
		__initializatio		CODE           	13F0	0000	120

shared estimated size: 177

macaw.c
		_putch         		CODE           	176C	0000	22
		_MacawBegin    		CODE           	17A0	0000	4

macaw.c estimated size: 26

jspic.c
		_serial        		CODE           	146E	0000	120
		_main          		CODE           	164A	0000	342
		_purr          		CODE           	1782	0000	20

jspic.c estimated size: 482

serial.c
		_SerialBegin   		CODE           	171E	0000	30
		_SerialWriteInt		CODE           	1544	0000	94
		_OnSerialInterr		CODE           	14E6	0000	94
		_OnSerial      		CODE           	1796	0000	10

serial.c estimated size: 228

/opt/microchip/xc8/v1.12/sources/awmod.c
		___awmod       		CODE           	12E6	0000	134

/opt/microchip/xc8/v1.12/sources/awmod.c estimated size: 134

interrupts.h
		_onInterrupt   		CODE           	0008	0000	4830

interrupts.h estimated size: 4830

/opt/microchip/xc8/v1.12/sources/lwmod.c
		___lwmod       		CODE           	15FC	0000	78

/opt/microchip/xc8/v1.12/sources/lwmod.c estimated size: 78

/opt/microchip/xc8/v1.12/sources/lwdiv.c
		___lwdiv       		CODE           	15A2	0000	90

/opt/microchip/xc8/v1.12/sources/lwdiv.c estimated size: 90

/opt/microchip/xc8/v1.12/sources/doprnt.c
		_printf        		CODE           	0D14	0000	344

/opt/microchip/xc8/v1.12/sources/doprnt.c estimated size: 344

interval.c
		_SetInterval   		CODE           	136C	0000	132
		_OnIntervalInte		CODE           	1756	0000	22
		_IntervalTick  		CODE           	118A	0000	204

interval.c estimated size: 358

jwire.c
		_JWireOnInterru		CODE           	1084	0000	262
		_JWireBegin    		CODE           	173C	0000	26

jwire.c estimated size: 288

