Microchip MPLAB XC8 Compiler V1.12 ()

Linker command line:

-W4 --edf=/Applications/microchip/xc8/v1.12/dat/en_msgs.txt -cs \
  -h+dist/default/production/JSPIC-master.production.sym -z -Q18F2680 \
  -ol.obj -Mdist/default/production/JSPIC-master.production.map -E1 \
  -ver=XC8 -ACODE=00h-0FFFFh -ACONST=00h-0FFFFh \
  -ASMALLCONST=0D00h-0DFFhx243 -AMEDIUMCONST=0D00h-0FFFFh -ACOMRAM=01h-05Fh \
  -AABS1=00h-0CFFh -ABIGRAM=01h-0CFFh -ARAM=060h-0FFh,0100h-01FFhx12 \
  -ABANK0=060h-0FFh -ABANK1=0100h-01FFh -ABANK2=0200h-02FFh \
  -ABANK3=0300h-03FFh -ABANK4=0400h-04FFh -ABANK5=0500h-05FFh \
  -ABANK6=0600h-06FFh -ABANK7=0700h-07FFh -ABANK8=0800h-08FFh \
  -ABANK9=0900h-09FFh -ABANK10=0A00h-0AFFh -ABANK11=0B00h-0BFFh \
  -ABANK12=0C00h-0CFFh -ASFR=0D00h-0DFFhx2,0F00h-0F5Fh,0F60h-0FFFh \
  -preset_vec=00h,intcode=08h,intcodelo,powerup,init,end_init \
  -pramtop=0D00h -psmallconst=SMALLCONST -pmediumconst=MEDIUMCONST \
  -pconst=CONST -AFARRAM=00h-00h -ACONFIG=0300000h-030000Dh -pconfig=CONFIG \
  -AIDLOC=0200000h-0200007h -pidloc=IDLOC -AEEDATA=0F00000h-0F003FFh \
  -peeprom_data=EEDATA \
  -prdata=COMRAM,nvrram=COMRAM,nvbit=COMRAM,rbss=COMRAM,rbit=COMRAM \
  -pfarbss=FARRAM,fardata=FARRAM \
  -pintsave_regs=BIGRAM,bigbss=BIGRAM,bigdata=BIGRAM -pbss=RAM \
  -pidata=CODE,irdata=CODE,ibigdata=CODE,ifardata=CODE /tmp/cgtkcH4P1.obj \
  dist/default/production/JSPIC-master.production.obj 

Object code version is 3.10

Machine type is 18F2680

Call graph: (short form)




                Name                               Link     Load   Length Selector   Space Scale
/tmp/cgtkcH4P1.obj
                end_init                             18       18        4        4       0
                reset_vec                             0        0        4        0       0
                idloc                            200000   200000        8   200000       0
                config                           300000   300000        E   300000       0
dist/default/production/JSPIC-master.production.obj
                intcode                               8        8       10        4       0
                smallconst                          D00      D00       70      680       0
                text41                             282C     282C       5E      6B8       0
                text40                             2A22     2A22       36      6B8       0
                text39                             288A     288A       5C      6B8       0
                text38                             2762     2762       6C      6B8       0
                text37                             2396     2396       A8      6B8       0
                text36                             10A2     10A2      260      6B8       0
                text35                             2992     2992       52      6B8       0
                text34                             2674     2674       7E      6B8       0
                text33                             25F6     25F6       7E      6B8       0
                text32                             2AFE     2AFE       16      6B8       0
                text31                             2188     2188       B8      6B8       0
                text30                             1CCE     1CCE       E2      6B8       0
                text29                             1BDA     1BDA       F4      6B8       0
                text28                             293C     293C       56      6B8       0
                text27                             15F2     15F2      162      6B8       0
                text26                             1754     1754      138      6B8       0
                text25                             24DE     24DE       9A      6B8       0
                text24                             26F2     26F2       70      6B8       0
                text23                             2AE8     2AE8       16      6B8       0
                text22                             188C     188C      128      6B8       0
                intcode_body                       22EE     22EE       A8      6B8       0
                text20                             243E     243E       A0      6B8       0
                text19                             1F50     1F50       C0      6B8       0
                text18                             19B4     19B4      11A      6B8       0
                text17                              D70      D70      332      6B8       0
                text16                             2578     2578       7E      6B8       0
                text15                             27CE     27CE       5E      6B8       0
                text14                             20CC     20CC       BC      6B8       0
                text13                             2010     2010       BC      6B8       0
                text12                             2ACA     2ACA       1E      6B8       0
                text11                             29E4     29E4       3E      6B8       0
                text10                             1DB0     1DB0       DA      6B8       0
                text9                              1488     1488      16A      6B8       0
                text8                              2AAC     2AAC       1E      6B8       0
                text7                              1E8A     1E8A       C6      6B8       0
                text6                              1ACE     1ACE      10C      6B8       0
                text5                              2B14     2B14        6      6B8       0
                text4                              2B1A     2B1A        4      6B8       0
                text3                              2A58     2A58       30      6B8       0
                text2                              28E6     28E6       56      6B8       0
                text1                              1302     1302      186      6B8       0
                text0                              2A88     2A88       24      6B8       0
                cstackCOMRAM                          1        1       3F        1       1
                cstackBANK0                          60       60       33       60       1
                bssBANK12                           C00      C00       C8      C00       1
                bssBANK11                           B00      B00       C8      B00       1
                bssBANK10                           A00      A00       64      A00       1
                bssBANK9                            900      900       C8      900       1
                bssBANK8                            800      800       CA      800       1
                bssBANK7                            700      700       CA      700       1
                bssBANK6                            600      600       CA      600       1
                bssBANK5                            500      500       CA      500       1
                bssBANK4                            400      400       CA      400       1
                bssBANK3                            300      300       CA      300       1
                bssBANK2                            200      200       C8      200       1
                bssBANK1                            100      100       C8      100       1
                bssBANK0                             93       93       13       60       1
                bssCOMRAM                            40       40        E        1       1
                cinit                              2240     2240       AE      6B8       0

TOTAL           Name                               Link     Load   Length     Space
        CLASS   CODE           
                end_init                             18       18        4         0
                intcode                               8        8       10         0
                reset_vec                             0        0        4         0
                text41                             282C     282C       5E         0
                text40                             2A22     2A22       36         0
                text39                             288A     288A       5C         0
                text38                             2762     2762       6C         0
                text37                             2396     2396       A8         0
                text36                             10A2     10A2      260         0
                text35                             2992     2992       52         0
                text34                             2674     2674       7E         0
                text33                             25F6     25F6       7E         0
                text32                             2AFE     2AFE       16         0
                text31                             2188     2188       B8         0
                text30                             1CCE     1CCE       E2         0
                text29                             1BDA     1BDA       F4         0
                text28                             293C     293C       56         0
                text27                             15F2     15F2      162         0
                text26                             1754     1754      138         0
                text25                             24DE     24DE       9A         0
                text24                             26F2     26F2       70         0
                text23                             2AE8     2AE8       16         0
                text22                             188C     188C      128         0
                intcode_body                       22EE     22EE       A8         0
                text20                             243E     243E       A0         0
                text19                             1F50     1F50       C0         0
                text18                             19B4     19B4      11A         0
                text17                              D70      D70      332         0
                text16                             2578     2578       7E         0
                text15                             27CE     27CE       5E         0
                text14                             20CC     20CC       BC         0
                text13                             2010     2010       BC         0
                text12                             2ACA     2ACA       1E         0
                text11                             29E4     29E4       3E         0
                text10                             1DB0     1DB0       DA         0
                text9                              1488     1488      16A         0
                text8                              2AAC     2AAC       1E         0
                text7                              1E8A     1E8A       C6         0
                text6                              1ACE     1ACE      10C         0
                text5                              2B14     2B14        6         0
                text4                              2B1A     2B1A        4         0
                text3                              2A58     2A58       30         0
                text2                              28E6     28E6       56         0
                text1                              1302     1302      186         0
                text0                              2A88     2A88       24         0
                cinit                              2240     2240       AE         0

        CLASS   CONST          

        CLASS   SMALLCONST     
                smallconst                          D00      D00       70         0

        CLASS   MEDIUMCONST    

        CLASS   COMRAM         
                cstackCOMRAM                          1        1       3F         1
                bssCOMRAM                            40       40        E         1

        CLASS   ABS1           

        CLASS   BIGRAM         

        CLASS   RAM            

        CLASS   BANK0          
                cstackBANK0                          60       60       33         1
                bssBANK0                             93       93       13         1

        CLASS   BANK1          
                bssBANK1                            100      100       C8         1

        CLASS   BANK2          
                bssBANK2                            200      200       C8         1

        CLASS   BANK3          
                bssBANK3                            300      300       CA         1

        CLASS   BANK4          
                bssBANK4                            400      400       CA         1

        CLASS   BANK5          
                bssBANK5                            500      500       CA         1

        CLASS   BANK6          
                bssBANK6                            600      600       CA         1

        CLASS   BANK7          
                bssBANK7                            700      700       CA         1

        CLASS   BANK8          
                bssBANK8                            800      800       CA         1

        CLASS   BANK9          
                bssBANK9                            900      900       C8         1

        CLASS   BANK10         
                bssBANK10                           A00      A00       64         1

        CLASS   BANK11         
                bssBANK11                           B00      B00       C8         1

        CLASS   BANK12         
                bssBANK12                           C00      C00       C8         1

        CLASS   SFR            

        CLASS   FARRAM         

        CLASS   CONFIG         
                config                           300000   300000        E         0

        CLASS   IDLOC          
                idloc                            200000   200000        8         0

        CLASS   EEDATA         



SEGMENTS        Name                           Load    Length   Top    Selector   Space  Class

                reset_vec                      000000  000004  000004         0       0  CODE    
                cstackCOMRAM                   000001  00004D  00004E         1       1  COMRAM  
                intcode                        000008  000014  00001C         4       0  CODE    
                cstackBANK0                    000060  000046  0000A6        60       1  BANK0   
                bssBANK1                       000100  0000C8  0001C8       100       1  BANK1   
                bssBANK2                       000200  0000C8  0002C8       200       1  BANK2   
                bssBANK3                       000300  0000CA  0003CA       300       1  BANK3   
                bssBANK4                       000400  0000CA  0004CA       400       1  BANK4   
                bssBANK5                       000500  0000CA  0005CA       500       1  BANK5   
                bssBANK6                       000600  0000CA  0006CA       600       1  BANK6   
                bssBANK7                       000700  0000CA  0007CA       700       1  BANK7   
                bssBANK8                       000800  0000CA  0008CA       800       1  BANK8   
                bssBANK9                       000900  0000C8  0009C8       900       1  BANK9   
                bssBANK10                      000A00  000064  000A64       A00       1  BANK10  
                bssBANK11                      000B00  0000C8  000BC8       B00       1  BANK11  
                bssBANK12                      000C00  0000C8  000CC8       C00       1  BANK12  
                smallconst                     000D00  000070  000D70       680       0  SMALLCON
                text17                         000D70  001DAE  002B1E       6B8       0  CODE    
                idloc                          200000  000008  200008    200000       0  IDLOC   
                config                         300000  00000E  30000E    300000       0  CONFIG  


UNUSED ADDRESS RANGES

        Name                Unused          Largest block    Delta
        BANK0            0000A6-0000FF               5A
        BANK1            0001C8-0001FF               38
        BANK10           000A64-000AFF               9C
        BANK11           000BC8-000BFF               38
        BANK12           000CC8-000CFF               38
        BANK2            0002C8-0002FF               38
        BANK3            0003CA-0003FF               36
        BANK4            0004CA-0004FF               36
        BANK5            0005CA-0005FF               36
        BANK6            0006CA-0006FF               36
        BANK7            0007CA-0007FF               36
        BANK8            0008CA-0008FF               36
        BANK9            0009C8-0009FF               38
        BIGRAM           00004E-00005F               12
                         0000A6-0000FF               5A
                         0001C8-0001FF               38
                         0002C8-0002FF               38
                         0003CA-0003FF               36
                         0004CA-0004FF               36
                         0005CA-0005FF               36
                         0006CA-0006FF               36
                         0007CA-0007FF               36
                         0008CA-0008FF               36
                         0009C8-0009FF               38
                         000A64-000AFF               9C
                         000BC8-000BFF               38
                         000CC8-000CFF               38
        CODE             000004-000007                4
                         00001C-000CFF              CE4
                         002B1E-00FFFF             D4E2
        COMRAM           00004E-00005F               12
        CONST            000004-000007                4
                         00001C-000CFF              CE4
                         002B1E-00FFFF             D4E2
        EEDATA           F00000-F003FF              400
        MEDIUMCONST      002B1E-00FFFF             D4E2
        RAM              0000A6-0000FF               5A
                         0001C8-0001FF               38
                         0002C8-0002FF               38
                         0003CA-0003FF               36
                         0004CA-0004FF               36
                         0005CA-0005FF               36
                         0006CA-0006FF               36
                         0007CA-0007FF               36
                         0008CA-0008FF               36
                         0009C8-0009FF               38
                         000A64-000AFF               9C
                         000BC8-000BFF               38
                         000CC8-000CFF               38
        SFR              000D00-000FFF              100
        SMALLCONST       002B1E-00FFFF              100

                                  Symbol Table

?_Async                                 cstackCOMRAM 000005
?_IntervalTick                          cstackBANK0  000091
?_SerialWrite                           cstackBANK0  000068
?_SetInterval                           cstackBANK0  000062
?___awmod                               cstackBANK0  000062
?___lwdiv                               cstackBANK0  000062
?___lwmod                               cstackBANK0  00006A
?_jsonNew                               cstackBANK0  000085
?_jsonSetString                         cstackBANK0  000085
?_jsonSetValue                          cstackBANK0  000085
?_sprintf                               cstackBANK0  000070
?_strcpy                                cstackBANK0  000062
?_strcpy2                               cstackBANK0  000062
?_strlen                                cstackBANK0  000062
?i2_IntervalTick                        cstackCOMRAM 000030
?i2_SerialWrite                         cstackCOMRAM 000007
?i2___awmod                             cstackCOMRAM 000001
?i2___lwdiv                             cstackCOMRAM 000001
?i2___lwmod                             cstackCOMRAM 000009
?i2_jsonNew                             cstackCOMRAM 000024
?i2_jsonSetString                       cstackCOMRAM 000024
?i2_jsonSetValue                        cstackCOMRAM 000024
?i2_sprintf                             cstackCOMRAM 00000F
?i2_strcpy                              cstackCOMRAM 000001
?i2_strcpy2                             cstackCOMRAM 000001
?i2_strlen                              cstackCOMRAM 000001
Async@function                          cstackCOMRAM 000005
Async@string                            cstackCOMRAM 000007
IntervalTick@time                       bssBANK0     00009F
JWireOnInterrupt@addr                   cstackCOMRAM 000009
JWireOnInterrupt@data                   cstackCOMRAM 00000B
OnSerialInterrupt@data                  cstackCOMRAM 00000A
OnSerialInterrupt@err                   cstackCOMRAM 000009
SerialWrite@data                        cstackBANK0  000068
SetInterval@callbackToUse               cstackBANK0  000064
SetInterval@delayInMs                   cstackBANK0  000062
SetInterval@hasLoaded                   bssBANK0     0000A5
_Async                                  text26       001754
_AsyncBegin                             text2        0028E6
_AsyncTick                              text1        001302
_BRG16                                  (abs)        007DC3
_BRGH                                   (abs)        007D62
_CKP                                    (abs)        007E34
_CREN                                   (abs)        007D5C
_GIE                                    (abs)        007F97
_INTCONbits                             (abs)        000FF2
_IntervalTick                           text6        001ACE
_JWireOnInterrupt                       text22       00188C
_KEY_COLON_SPACE                        bssBANK9     000900
_LA0                                    (abs)        007C48
_LA2                                    (abs)        007C4A
_LATB                                   (abs)        000F8A
_MacawBegin                             text5        002B14
_OSCCONbits                             (abs)        000FD3
_OnIntervalInterrupt                    text23       002AE8
_OnSerialInterrupt                      text24       0026F2
_PEIE                                   (abs)        007F96
_RB7                                    (abs)        007C0F
_RCIE                                   (abs)        007CED
_RCIF                                   (abs)        007CF5
_RCREG                                  (abs)        000FAE
_RCSTA                                  (abs)        000FAB
_SEN                                    (abs)        007E28
_SENDB                                  (abs)        007D63
_SPBRG                                  (abs)        000FAF
_SPEN                                   (abs)        007D5F
_SSPADD                                 (abs)        000FC8
_SSPBUF                                 (abs)        000FC9
_SSPEN                                  (abs)        007E35
_SSPIE                                  (abs)        007CEB
_SSPIF                                  (abs)        007CF3
_SSPM0                                  (abs)        007E30
_SSPM1                                  (abs)        007E31
_SSPM2                                  (abs)        007E32
_SSPM3                                  (abs)        007E33
_SSPSTATbits                            (abs)        000FC7
_SYNC                                   (abs)        007D64
_SerialBegin                            text8        002AAC
_SerialWrite                            text10       001DB0
_SerialWriteInterrupt                   text25       0024DE
_SetInterval                            text7        001E8A
_T0CONbits                              (abs)        000FD5
_TRISA                                  (abs)        000F92
_TRISB                                  (abs)        000F93
_TRISCbits                              (abs)        000F94
_TX9                                    (abs)        007D66
_TXEN                                   (abs)        007D65
_TXIE                                   (abs)        007CEC
_TXIF                                   (abs)        007CF4
_TXREG                                  (abs)        000FAD
__CFG_BBSIZ$1024                        (abs)        000000
__CFG_BOREN$OFF                         (abs)        000000
__CFG_BORV$3                            (abs)        000000
__CFG_FCMEN$OFF                         (abs)        000000
__CFG_IESO$OFF                          (abs)        000000
__CFG_LPT1OSC$OFF                       (abs)        000000
__CFG_LVP$OFF                           (abs)        000000
__CFG_MCLRE$ON                          (abs)        000000
__CFG_OSC$IRCIO7                        (abs)        000000
__CFG_PBADEN$OFF                        (abs)        000000
__CFG_PWRT$OFF                          (abs)        000000
__CFG_STVREN$OFF                        (abs)        000000
__CFG_WDT$OFF                           (abs)        000000
__CFG_WDTPS$32768                       (abs)        000000
__HRAM                                  (abs)        000000
__Habs1                                 abs1         000000
__Hbank0                                bank0        000000
__Hbank1                                bank1        000000
__Hbank10                               bank10       000000
__Hbank11                               bank11       000000
__Hbank12                               bank12       000000
__Hbank2                                bank2        000000
__Hbank3                                bank3        000000
__Hbank4                                bank4        000000
__Hbank5                                bank5        000000
__Hbank6                                bank6        000000
__Hbank7                                bank7        000000
__Hbank8                                bank8        000000
__Hbank9                                bank9        000000
__Hbigbss                               bigbss       000000
__Hbigdata                              bigdata      000000
__Hbigram                               bigram       000000
__Hbss                                  bss          000000
__HbssBANK0                             bssBANK0     000000
__HbssBANK1                             bssBANK1     000000
__HbssBANK10                            bssBANK10    000000
__HbssBANK11                            bssBANK11    000000
__HbssBANK12                            bssBANK12    000000
__HbssBANK2                             bssBANK2     000000
__HbssBANK3                             bssBANK3     000000
__HbssBANK4                             bssBANK4     000000
__HbssBANK5                             bssBANK5     000000
__HbssBANK6                             bssBANK6     000000
__HbssBANK7                             bssBANK7     000000
__HbssBANK8                             bssBANK8     000000
__HbssBANK9                             bssBANK9     000000
__HbssCOMRAM                            bssCOMRAM    000000
__Hcinit                                cinit        000000
__Hclrtext                              clrtext      000000
__Hcomram                               comram       000000
__Hconfig                               config       30000E
__Hconst                                const        000000
__HcstackBANK0                          cstackBANK0  000000
__HcstackCOMRAM                         cstackCOMRAM 000000
__Hdata                                 data         000000
__Heeprom_data                          eeprom_data  000000
__Hend_init                             end_init     00001C
__Hfarbss                               farbss       000000
__Hfardata                              fardata      000000
__Hibigdata                             ibigdata     000000
__Hidata                                idata        000000
__Hidloc                                idloc        200008
__Hifardata                             ifardata     000000
__Hinit                                 init         000018
__Hintcode                              intcode      000018
__Hintcode_body                         intcode_body 000000
__Hintcodelo                            intcodelo    000018
__Hintentry                             intentry     000000
__Hintret                               intret       000000
__Hintsave_regs                         intsave_regs 000000
__Hirdata                               irdata       000000
__Hmediumconst                          mediumconst  000000
__Hnvbit                                nvbit        000000
__Hnvrram                               nvrram       000000
__Hparam                                rparam       000000
__Hpowerup                              powerup      000018
__Hram                                  ram          000000
__Hramtop                               ramtop       000D00
__Hrbit                                 rbit         000000
__Hrbss                                 rbss         000000
__Hrdata                                rdata        000000
__Hreset_vec                            reset_vec    000004
__Hrparam                               rparam       000000
__Hsfr                                  sfr          000000
__Hsmallconst                           smallconst   000D70
__Hstruct                               struct       000000
__Htemp                                 temp         000000
__Htext                                 text         000000
__Htext0                                text0        000000
__Htext1                                text1        000000
__Htext10                               text10       000000
__Htext11                               text11       000000
__Htext12                               text12       000000
__Htext13                               text13       000000
__Htext14                               text14       000000
__Htext15                               text15       000000
__Htext16                               text16       000000
__Htext17                               text17       000000
__Htext18                               text18       000000
__Htext19                               text19       000000
__Htext2                                text2        000000
__Htext20                               text20       000000
__Htext22                               text22       000000
__Htext23                               text23       000000
__Htext24                               text24       000000
__Htext25                               text25       000000
__Htext26                               text26       000000
__Htext27                               text27       000000
__Htext28                               text28       000000
__Htext29                               text29       000000
__Htext3                                text3        000000
__Htext30                               text30       000000
__Htext31                               text31       000000
__Htext32                               text32       000000
__Htext33                               text33       000000
__Htext34                               text34       000000
__Htext35                               text35       000000
__Htext36                               text36       000000
__Htext37                               text37       000000
__Htext38                               text38       000000
__Htext39                               text39       000000
__Htext4                                text4        000000
__Htext40                               text40       000000
__Htext41                               text41       000000
__Htext42                               text42       000000
__Htext5                                text5        000000
__Htext6                                text6        000000
__Htext7                                text7        000000
__Htext8                                text8        000000
__Htext9                                text9        000000
__LRAM                                  (abs)        000001
__Labs1                                 abs1         000000
__Lbank0                                bank0        000000
__Lbank1                                bank1        000000
__Lbank10                               bank10       000000
__Lbank11                               bank11       000000
__Lbank12                               bank12       000000
__Lbank2                                bank2        000000
__Lbank3                                bank3        000000
__Lbank4                                bank4        000000
__Lbank5                                bank5        000000
__Lbank6                                bank6        000000
__Lbank7                                bank7        000000
__Lbank8                                bank8        000000
__Lbank9                                bank9        000000
__Lbigbss                               bigbss       000000
__Lbigdata                              bigdata      000000
__Lbigram                               bigram       000000
__Lbss                                  bss          000000
__LbssBANK0                             bssBANK0     000000
__LbssBANK1                             bssBANK1     000000
__LbssBANK10                            bssBANK10    000000
__LbssBANK11                            bssBANK11    000000
__LbssBANK12                            bssBANK12    000000
__LbssBANK2                             bssBANK2     000000
__LbssBANK3                             bssBANK3     000000
__LbssBANK4                             bssBANK4     000000
__LbssBANK5                             bssBANK5     000000
__LbssBANK6                             bssBANK6     000000
__LbssBANK7                             bssBANK7     000000
__LbssBANK8                             bssBANK8     000000
__LbssBANK9                             bssBANK9     000000
__LbssCOMRAM                            bssCOMRAM    000000
__Lcinit                                cinit        000000
__Lclrtext                              clrtext      000000
__Lcomram                               comram       000000
__Lconfig                               config       300000
__Lconst                                const        000000
__LcstackBANK0                          cstackBANK0  000000
__LcstackCOMRAM                         cstackCOMRAM 000000
__Ldata                                 data         000000
__Leeprom_data                          eeprom_data  000000
__Lend_init                             end_init     000018
__Lfarbss                               farbss       000000
__Lfardata                              fardata      000000
__Libigdata                             ibigdata     000000
__Lidata                                idata        000000
__Lidloc                                idloc        200000
__Lifardata                             ifardata     000000
__Linit                                 init         000018
__Lintcode                              intcode      000008
__Lintcode_body                         intcode_body 000000
__Lintcodelo                            intcodelo    000018
__Lintentry                             intentry     000000
__Lintret                               intret       000000
__Lintsave_regs                         intsave_regs 000000
__Lirdata                               irdata       000000
__Lmediumconst                          mediumconst  000000
__Lnvbit                                nvbit        000000
__Lnvrram                               nvrram       000000
__Lparam                                rparam       000000
__Lpowerup                              powerup      000018
__Lram                                  ram          000000
__Lramtop                               ramtop       000D00
__Lrbit                                 rbit         000000
__Lrbss                                 rbss         000000
__Lrdata                                rdata        000000
__Lreset_vec                            reset_vec    000000
__Lrparam                               rparam       000000
__Lsfr                                  sfr          000000
__Lsmallconst                           smallconst   000D00
__Lstruct                               struct       000000
__Ltemp                                 temp         000000
__Ltext                                 text         000000
__Ltext0                                text0        000000
__Ltext1                                text1        000000
__Ltext10                               text10       000000
__Ltext11                               text11       000000
__Ltext12                               text12       000000
__Ltext13                               text13       000000
__Ltext14                               text14       000000
__Ltext15                               text15       000000
__Ltext16                               text16       000000
__Ltext17                               text17       000000
__Ltext18                               text18       000000
__Ltext19                               text19       000000
__Ltext2                                text2        000000
__Ltext20                               text20       000000
__Ltext22                               text22       000000
__Ltext23                               text23       000000
__Ltext24                               text24       000000
__Ltext25                               text25       000000
__Ltext26                               text26       000000
__Ltext27                               text27       000000
__Ltext28                               text28       000000
__Ltext29                               text29       000000
__Ltext3                                text3        000000
__Ltext30                               text30       000000
__Ltext31                               text31       000000
__Ltext32                               text32       000000
__Ltext33                               text33       000000
__Ltext34                               text34       000000
__Ltext35                               text35       000000
__Ltext36                               text36       000000
__Ltext37                               text37       000000
__Ltext38                               text38       000000
__Ltext39                               text39       000000
__Ltext4                                text4        000000
__Ltext40                               text40       000000
__Ltext41                               text41       000000
__Ltext42                               text42       000000
__Ltext5                                text5        000000
__Ltext6                                text6        000000
__Ltext7                                text7        000000
__Ltext8                                text8        000000
__Ltext9                                text9        000000
__S0                                    (abs)        30000E
__S1                                    (abs)        000CC8
___awmod                                text18       0019B4
___awmod@counter                        cstackBANK0  000067
___awmod@dividend                       cstackBANK0  000062
___awmod@divisor                        cstackBANK0  000064
___awmod@sign                           cstackBANK0  000068
___lwdiv                                text19       001F50
___lwdiv@counter                        cstackBANK0  000069
___lwdiv@dividend                       cstackBANK0  000062
___lwdiv@divisor                        cstackBANK0  000064
___lwdiv@quotient                       cstackBANK0  000067
___lwmod                                text20       00243E
___lwmod@counter                        cstackBANK0  00006F
___lwmod@dividend                       cstackBANK0  00006A
___lwmod@divisor                        cstackBANK0  00006C
__accesstop                             (abs)        000060
__activetblptr                          (abs)        000003
__end_of_Async                          text26       00188C
__end_of_AsyncBegin                     text2        00293C
__end_of_AsyncTick                      text1        001488
__end_of_IntervalTick                   text6        001BDA
__end_of_JWireOnInterrupt               text22       0019B4
__end_of_MacawBegin                     text5        002B1A
__end_of_OnIntervalInterrupt            text23       002AFE
__end_of_OnSerialInterrupt              text24       002762
__end_of_SerialBegin                    text8        002ACA
__end_of_SerialWrite                    text10       001E8A
__end_of_SerialWriteInterrupt           text25       002578
__end_of_SetInterval                    text7        001F50
__end_of___awmod                        text18       001ACE
__end_of___lwdiv                        text19       002010
__end_of___lwmod                        text20       0024DE
__end_of__initialization                cinit        0022E8
__end_of__stringdata                    smallconst   000D6F
__end_of_dpowers                        smallconst   000D0A
__end_of_jsonNew                        text12       002AE8
__end_of_jsonSetString                  text13       0020CC
__end_of_jsonSetValue                   text14       002188
__end_of_main                           text0        002AAC
__end_of_myTimer                        text9        0015F2
__end_of_onInterrupt                    intcode_body 002396
__end_of_onLoop                         text4        002B1E
__end_of_onSetup                        text3        002A88
__end_of_sprintf                        text17       0010A2
__end_of_strcpy                         text11       002A22
__end_of_strcpy2                        text15       00282C
__end_of_strlen                         text16       0025F6
__end_ofi2_AsyncBegin                   text28       002992
__end_ofi2_AsyncTick                    text27       001754
__end_ofi2_IntervalTick                 text29       001CCE
__end_ofi2_SerialWrite                  text31       002240
__end_ofi2___awmod                      text37       00243E
__end_ofi2___lwdiv                      text38       0027CE
__end_ofi2___lwmod                      text39       0028E6
__end_ofi2_jsonNew                      text32       002B14
__end_ofi2_jsonSetString                text33       002674
__end_ofi2_jsonSetValue                 text34       0026F2
__end_ofi2_myTimer                      text30       001DB0
__end_ofi2_sprintf                      text36       001302
__end_ofi2_strcpy                       text40       002A58
__end_ofi2_strcpy2                      text35       0029E4
__end_ofi2_strlen                       text41       00288A
__initialization                        cinit        002240
__mediumconst                           mediumconst  000000
__pbssBANK0                             bssBANK0     000093
__pbssBANK1                             bssBANK1     000100
__pbssBANK10                            bssBANK10    000A00
__pbssBANK11                            bssBANK11    000B00
__pbssBANK12                            bssBANK12    000C00
__pbssBANK2                             bssBANK2     000200
__pbssBANK3                             bssBANK3     000300
__pbssBANK4                             bssBANK4     000400
__pbssBANK5                             bssBANK5     000500
__pbssBANK6                             bssBANK6     000600
__pbssBANK7                             bssBANK7     000700
__pbssBANK8                             bssBANK8     000800
__pbssBANK9                             bssBANK9     000900
__pbssCOMRAM                            bssCOMRAM    000040
__pcinit                                cinit        002240
__pcstackBANK0                          cstackBANK0  000060
__pcstackCOMRAM                         cstackCOMRAM 000001
__pintcode                              intcode      000008
__pintcode_body                         intcode_body 0022EE
__psmallconst                           smallconst   000D00
__ptext0                                text0        002A88
__ptext1                                text1        001302
__ptext10                               text10       001DB0
__ptext11                               text11       0029E4
__ptext12                               text12       002ACA
__ptext13                               text13       002010
__ptext14                               text14       0020CC
__ptext15                               text15       0027CE
__ptext16                               text16       002578
__ptext17                               text17       000D70
__ptext18                               text18       0019B4
__ptext19                               text19       001F50
__ptext2                                text2        0028E6
__ptext20                               text20       00243E
__ptext22                               text22       00188C
__ptext23                               text23       002AE8
__ptext24                               text24       0026F2
__ptext25                               text25       0024DE
__ptext26                               text26       001754
__ptext27                               text27       0015F2
__ptext28                               text28       00293C
__ptext29                               text29       001BDA
__ptext3                                text3        002A58
__ptext30                               text30       001CCE
__ptext31                               text31       002188
__ptext32                               text32       002AFE
__ptext33                               text33       0025F6
__ptext34                               text34       002674
__ptext35                               text35       002992
__ptext36                               text36       0010A2
__ptext37                               text37       002396
__ptext38                               text38       002762
__ptext39                               text39       00288A
__ptext4                                text4        002B1A
__ptext40                               text40       002A22
__ptext41                               text41       00282C
__ptext42                               text42       000000
__ptext5                                text5        002B14
__ptext6                                text6        001ACE
__ptext7                                text7        001E8A
__ptext8                                text8        002AAC
__ptext9                                text9        001488
__ramtop                                ramtop       000D00
__size_of_Async                         (abs)        000000
__size_of_AsyncBegin                    (abs)        000000
__size_of_AsyncTick                     (abs)        000000
__size_of_IntervalTick                  (abs)        000000
__size_of_JWireOnInterrupt              (abs)        000000
__size_of_MacawBegin                    (abs)        000000
__size_of_OnIntervalInterrupt           (abs)        000000
__size_of_OnSerialInterrupt             (abs)        000000
__size_of_SerialBegin                   (abs)        000000
__size_of_SerialWrite                   (abs)        000000
__size_of_SerialWriteInterrupt          (abs)        000000
__size_of_SetInterval                   (abs)        000000
__size_of___awmod                       (abs)        000000
__size_of___lwdiv                       (abs)        000000
__size_of___lwmod                       (abs)        000000
__size_of_jsonNew                       (abs)        000000
__size_of_jsonSetString                 (abs)        000000
__size_of_jsonSetValue                  (abs)        000000
__size_of_main                          (abs)        000000
__size_of_myTimer                       (abs)        000000
__size_of_onInterrupt                   (abs)        000000
__size_of_onLoop                        (abs)        000000
__size_of_onSetup                       (abs)        000000
__size_of_sprintf                       (abs)        000000
__size_of_strcpy                        (abs)        000000
__size_of_strcpy2                       (abs)        000000
__size_of_strlen                        (abs)        000000
__size_ofi2_AsyncBegin                  (abs)        000000
__size_ofi2_AsyncTick                   (abs)        000000
__size_ofi2_IntervalTick                (abs)        000000
__size_ofi2_SerialWrite                 (abs)        000000
__size_ofi2___awmod                     (abs)        000000
__size_ofi2___lwdiv                     (abs)        000000
__size_ofi2___lwmod                     (abs)        000000
__size_ofi2_jsonNew                     (abs)        000000
__size_ofi2_jsonSetString               (abs)        000000
__size_ofi2_jsonSetValue                (abs)        000000
__size_ofi2_myTimer                     (abs)        000000
__size_ofi2_sprintf                     (abs)        000000
__size_ofi2_strcpy                      (abs)        000000
__size_ofi2_strcpy2                     (abs)        000000
__size_ofi2_strlen                      (abs)        000000
__smallconst                            smallconst   000D00
__stringdata                            smallconst   000D0A
_buffer                                 bssBANK10    000A00
_bufferPosition                         bssCOMRAM    000040
_bufferReadPos                          bssCOMRAM    000042
_bufferSerial                           bssBANK1     000100
_callback                               bssCOMRAM    000046
_callbackA                              bssBANK3     000300
_callbackB                              bssBANK4     000400
_callbackC                              bssBANK5     000500
_callbackD                              bssBANK6     000600
_callbackE                              bssBANK7     000700
_callbackF                              bssBANK8     000800
_dpowers                                smallconst   000D00
_isDoneTransmitting                     bssBANK0     0000A1
_jsonNew                                text12       002ACA
_jsonSetString                          text13       002010
_jsonSetValue                           text14       0020CC
_main                                   text0        002A88
_myTimer                                text9        001488
_onInterrupt                            intcode      000008
_onLoop                                 text4        002B1A
_onSetup                                text3        002A58
_receiveCallback                        bssCOMRAM    000048
_result                                 bssBANK11    000B00
_sprintf                                text17       000D70
_strcpy                                 text11       0029E4
_strcpy2                                text15       0027CE
_strlen                                 text16       002578
_writeBuffer                            bssBANK1     000164
_writeBufferPosition                    bssCOMRAM    00004C
_writeBufferPositionOpen                bssBANK0     0000A3
end_of_initialization                   cinit        0022E8
i2SerialWrite@data                      cstackCOMRAM 000007
i2_AsyncBegin                           text28       00293C
i2_AsyncTick                            text27       0015F2
i2_IntervalTick                         text29       001BDA
i2_SerialWrite                          text31       002188
i2___awmod                              text37       002396
i2___awmod@counter                      cstackCOMRAM 000006
i2___awmod@dividend                     cstackCOMRAM 000001
i2___awmod@divisor                      cstackCOMRAM 000003
i2___awmod@sign                         cstackCOMRAM 000007
i2___lwdiv                              text38       002762
i2___lwdiv@counter                      cstackCOMRAM 000006
i2___lwdiv@dividend                     cstackCOMRAM 000001
i2___lwdiv@divisor                      cstackCOMRAM 000003
i2___lwdiv@quotient                     cstackCOMRAM 000007
i2___lwmod                              text39       00288A
i2___lwmod@counter                      cstackCOMRAM 00000E
i2___lwmod@dividend                     cstackCOMRAM 000009
i2___lwmod@divisor                      cstackCOMRAM 00000B
i2_jsonNew                              text32       002AFE
i2_jsonSetString                        text33       0025F6
i2_jsonSetValue                         text34       002674
i2_myTimer                              text30       001CCE
i2_sprintf                              text36       0010A2
i2_strcpy                               text40       002A22
i2_strcpy2                              text35       002992
i2_strlen                               text41       00282C
i2jsonNew@string                        cstackCOMRAM 000024
i2jsonSetString@input                   cstackCOMRAM 000024
i2jsonSetString@key                     cstackCOMRAM 000026
i2jsonSetString@original_json_input_len cstackCOMRAM 00002C
i2jsonSetString@str                     cstackCOMRAM 000028
i2jsonSetValue@input                    cstackCOMRAM 000024
i2jsonSetValue@key                      cstackCOMRAM 000026
i2jsonSetValue@original_json_input_len  cstackCOMRAM 00002C
i2jsonSetValue@value                    cstackCOMRAM 000028
i2sprintf@_val                          cstackCOMRAM 00001F
i2sprintf@ap                            cstackCOMRAM 00001D
i2sprintf@c                             cstackCOMRAM 000023
i2sprintf@f                             cstackCOMRAM 000011
i2sprintf@flag                          cstackCOMRAM 00001B
i2sprintf@prec                          cstackCOMRAM 00001C
i2sprintf@sp                            cstackCOMRAM 00000F
i2strcpy2@dest                          cstackCOMRAM 000001
i2strcpy2@loc                           cstackCOMRAM 000003
i2strcpy@cp                             cstackCOMRAM 000005
i2strcpy@from                           cstackCOMRAM 000003
i2strcpy@to                             cstackCOMRAM 000001
i2strlen@cp                             cstackCOMRAM 000005
i2strlen@s                              cstackCOMRAM 000001
int_func                                intcode_body 0022EE
interval@callbackA                      bssBANK0     000093
interval@callbackB                      bssBANK0     000097
interval@callbackC                      bssBANK0     00009B
intlevel0                               text         000000
intlevel1                               text         000000
intlevel2                               text         000000
intlevel3                               text         000000
jsonGetValue@KEY_COLON_SPACE            bssBANK12    000C00
jsonNew@string                          cstackBANK0  000085
jsonSetString@input                     cstackBANK0  000085
jsonSetString@key                       cstackBANK0  000087
jsonSetString@original_json_input_len   cstackBANK0  00008D
jsonSetString@str                       cstackBANK0  000089
jsonSetValue@input                      cstackBANK0  000085
jsonSetValue@key                        cstackBANK0  000087
jsonSetValue@original_json_input_len    cstackBANK0  00008D
jsonSetValue@value                      cstackBANK0  000089
myTimer@seo                             bssBANK2     000200
sprintf@_val                            cstackBANK0  000080
sprintf@ap                              cstackBANK0  00007E
sprintf@c                               cstackBANK0  000084
sprintf@f                               cstackBANK0  000072
sprintf@flag                            cstackBANK0  00007C
sprintf@prec                            cstackBANK0  00007D
sprintf@sp                              cstackBANK0  000070
start                                   init         000018
start_initialization                    cinit        002240
strcpy2@dest                            cstackBANK0  000062
strcpy2@loc                             cstackBANK0  000064
strcpy@cp                               cstackBANK0  000066
strcpy@from                             cstackBANK0  000064
strcpy@to                               cstackBANK0  000062
strlen@cp                               cstackBANK0  000066
strlen@s                                cstackBANK0  000062


FUNCTION INFORMATION:

 *************** function _main *****************
 Defined at:
		line 36 in file "jspic.c"
 Parameters:    Size  Location     Type
		None
 Auto vars:     Size  Location     Type
		None
 Return value:  Size  Location     Type
                  2   39[COMRAM] int 
 Registers used:
		wreg, fsr0l, fsr0h, fsr1l, fsr1h, fsr2l, fsr2h, status,2, status,0, pclat, tosl, structret, tblptrl, tblptrh, tblptru, prodl, prodh, bsr, cstack
 Tracked objects:
		On entry : 
		On exit  : 
		Unchanged: 
 Data sizes:     COMRAM   BANK0   BANK1   BANK2   BANK3   BANK4   BANK5   BANK6   BANK7   BANK8   BANK9  BANK10  BANK11  BANK12
      Params:         0       0       0       0       0       0       0       0       0       0       0       0       0       0
      Locals:         0       0       0       0       0       0       0       0       0       0       0       0       0       0
      Temps:          0       0       0       0       0       0       0       0       0       0       0       0       0       0
      Totals:         0       0       0       0       0       0       0       0       0       0       0       0       0       0
Total ram usage:        0 bytes
 Hardware stack levels required when called:   13
 This function calls:
		_AsyncBegin
		_onSetup
		_AsyncTick
		_onLoop
 This function is called by:
		Startup code after reset
 This function uses a non-reentrant model


 *************** function _AsyncTick *****************
 Defined at:
		line 42 in file "async.c"
 Parameters:    Size  Location     Type
		None
 Auto vars:     Size  Location     Type
		None
 Return value:  Size  Location     Type
		None               void
 Registers used:
		wreg, fsr0l, fsr0h, fsr1l, fsr1h, fsr2l, fsr2h, status,2, status,0, pclat, tosl, structret, tblptrl, tblptrh, tblptru, prodl, prodh, bsr, cstack
 Tracked objects:
		On entry : 
		On exit  : 
		Unchanged: 
 Data sizes:     COMRAM   BANK0   BANK1   BANK2   BANK3   BANK4   BANK5   BANK6   BANK7   BANK8   BANK9  BANK10  BANK11  BANK12
      Params:         0       0       0       0       0       0       0       0       0       0       0       0       0       0
      Locals:         0       0       0       0       0       0       0       0       0       0       0       0       0       0
      Temps:          0       0       0       0       0       0       0       0       0       0       0       0       0       0
      Totals:         0       0       0       0       0       0       0       0       0       0       0       0       0       0
Total ram usage:        0 bytes
 Hardware stack levels used:    1
 Hardware stack levels required when called:   12
 This function calls:
		_IntervalTick
		Absolute function
		_AsyncBegin
 This function is called by:
		_main
 This function uses a non-reentrant model


 *************** function _AsyncBegin *****************
 Defined at:
		line 72 in file "async.c"
 Parameters:    Size  Location     Type
		None
 Auto vars:     Size  Location     Type
		None
 Return value:  Size  Location     Type
		None               void
 Registers used:
		wreg, status,2
 Tracked objects:
		On entry : 
		On exit  : 
		Unchanged: 
 Data sizes:     COMRAM   BANK0   BANK1   BANK2   BANK3   BANK4   BANK5   BANK6   BANK7   BANK8   BANK9  BANK10  BANK11  BANK12
      Params:         0       0       0       0       0       0       0       0       0       0       0       0       0       0
      Locals:         0       0       0       0       0       0       0       0       0       0       0       0       0       0
      Temps:          0       0       0       0       0       0       0       0       0       0       0       0       0       0
      Totals:         0       0       0       0       0       0       0       0       0       0       0       0       0       0
Total ram usage:        0 bytes
 Hardware stack levels used:    1
 Hardware stack levels required when called:    7
 This function calls:
		Nothing
 This function is called by:
		_main
		_AsyncTick
 This function uses a non-reentrant model


 *************** function _onSetup *****************
 Defined at:
		line 43 in file "main.c"
 Parameters:    Size  Location     Type
		None
 Auto vars:     Size  Location     Type
		None
 Return value:  Size  Location     Type
		None               void
 Registers used:
		wreg, status,2, status,0, cstack
 Tracked objects:
		On entry : 
		On exit  : 
		Unchanged: 
 Data sizes:     COMRAM   BANK0   BANK1   BANK2   BANK3   BANK4   BANK5   BANK6   BANK7   BANK8   BANK9  BANK10  BANK11  BANK12
      Params:         0       0       0       0       0       0       0       0       0       0       0       0       0       0
      Locals:         0       0       0       0       0       0       0       0       0       0       0       0       0       0
      Temps:          0       0       0       0       0       0       0       0       0       0       0       0       0       0
      Totals:         0       0       0       0       0       0       0       0       0       0       0       0       0       0
Total ram usage:        0 bytes
 Hardware stack levels used:    1
 Hardware stack levels required when called:    8
 This function calls:
		_MacawBegin
		_SerialBegin
		_SetInterval
 This function is called by:
		_main
 This function uses a non-reentrant model


 *************** function _onLoop *****************
 Defined at:
		line 51 in file "main.c"
 Parameters:    Size  Location     Type
		None
 Auto vars:     Size  Location     Type
		None
 Return value:  Size  Location     Type
		None               void
 Registers used:
		None
 Tracked objects:
		On entry : 
		On exit  : 
		Unchanged: 
 Data sizes:     COMRAM   BANK0   BANK1   BANK2   BANK3   BANK4   BANK5   BANK6   BANK7   BANK8   BANK9  BANK10  BANK11  BANK12
      Params:         0       0       0       0       0       0       0       0       0       0       0       0       0       0
      Locals:         0       0       0       0       0       0       0       0       0       0       0       0       0       0
      Temps:          0       0       0       0       0       0       0       0       0       0       0       0       0       0
      Totals:         0       0       0       0       0       0       0       0       0       0       0       0       0       0
Total ram usage:        0 bytes
 Hardware stack levels used:    1
 Hardware stack levels required when called:    7
 This function calls:
		Nothing
 This function is called by:
		_main
 This function uses a non-reentrant model


 *************** function _MacawBegin *****************
 Defined at:
		line 4 in file "macaw.c"
 Parameters:    Size  Location     Type
		None
 Auto vars:     Size  Location     Type
		None
 Return value:  Size  Location     Type
		None               void
 Registers used:
		wreg, status,2
 Tracked objects:
		On entry : 
		On exit  : 
		Unchanged: 
 Data sizes:     COMRAM   BANK0   BANK1   BANK2   BANK3   BANK4   BANK5   BANK6   BANK7   BANK8   BANK9  BANK10  BANK11  BANK12
      Params:         0       0       0       0       0       0       0       0       0       0       0       0       0       0
      Locals:         0       0       0       0       0       0       0       0       0       0       0       0       0       0
      Temps:          0       0       0       0       0       0       0       0       0       0       0       0       0       0
      Totals:         0       0       0       0       0       0       0       0       0       0       0       0       0       0
Total ram usage:        0 bytes
 Hardware stack levels used:    1
 Hardware stack levels required when called:    7
 This function calls:
		Nothing
 This function is called by:
		_onSetup
 This function uses a non-reentrant model


 *************** function _IntervalTick *****************
 Defined at:
		line 14 in file "interval.c"
 Parameters:    Size  Location     Type
  msg             2   49[BANK0 ] PTR unsigned char 
		 -> callbackF(202), callbackE(202), callbackD(202), callbackC(202), 
		 -> callbackB(202), callbackA(202), 
 Auto vars:     Size  Location     Type
		None
 Return value:  Size  Location     Type
		None               void
 Registers used:
		wreg, fsr0l, fsr0h, fsr1l, fsr1h, fsr2l, fsr2h, status,2, status,0, pclat, tosl, structret, tblptrl, tblptrh, tblptru, prodl, prodh, bsr, cstack
 Tracked objects:
		On entry : 
		On exit  : 
		Unchanged: 
 Data sizes:     COMRAM   BANK0   BANK1   BANK2   BANK3   BANK4   BANK5   BANK6   BANK7   BANK8   BANK9  BANK10  BANK11  BANK12
      Params:         0       2       0       0       0       0       0       0       0       0       0       0       0       0
      Locals:         0       0       0       0       0       0       0       0       0       0       0       0       0       0
      Temps:          0       0       0       0       0       0       0       0       0       0       0       0       0       0
      Totals:         0       2       0       0       0       0       0       0       0       0       0       0       0       0
Total ram usage:        2 bytes
 Hardware stack levels used:    1
 Hardware stack levels required when called:   11
 This function calls:
		___awmod
		_myTimer
		Absolute function
 This function is called by:
		_AsyncTick
		i2_AsyncTick
 This function uses a non-reentrant model


 *************** function _SetInterval *****************
 Defined at:
		line 34 in file "interval.c"
 Parameters:    Size  Location     Type
  delayInMs       2    2[BANK0 ] int 
  callbackToUs    2    4[BANK0 ] PTR FTN()void 
		 -> myTimer(0), 
 Auto vars:     Size  Location     Type
		None
 Return value:  Size  Location     Type
		None               void
 Registers used:
		wreg, status,2, status,0
 Tracked objects:
		On entry : 
		On exit  : 
		Unchanged: 
 Data sizes:     COMRAM   BANK0   BANK1   BANK2   BANK3   BANK4   BANK5   BANK6   BANK7   BANK8   BANK9  BANK10  BANK11  BANK12
      Params:         0       4       0       0       0       0       0       0       0       0       0       0       0       0
      Locals:         0       0       0       0       0       0       0       0       0       0       0       0       0       0
      Temps:          0       1       0       0       0       0       0       0       0       0       0       0       0       0
      Totals:         0       5       0       0       0       0       0       0       0       0       0       0       0       0
Total ram usage:        5 bytes
 Hardware stack levels used:    1
 Hardware stack levels required when called:    7
 This function calls:
		Nothing
 This function is called by:
		_onSetup
 This function uses a non-reentrant model


 *************** function _SerialBegin *****************
 Defined at:
		line 34 in file "serial.c"
 Parameters:    Size  Location     Type
		None
 Auto vars:     Size  Location     Type
		None
 Return value:  Size  Location     Type
		None               void
 Registers used:
		wreg, status,2
 Tracked objects:
		On entry : 
		On exit  : 
		Unchanged: 
 Data sizes:     COMRAM   BANK0   BANK1   BANK2   BANK3   BANK4   BANK5   BANK6   BANK7   BANK8   BANK9  BANK10  BANK11  BANK12
      Params:         0       0       0       0       0       0       0       0       0       0       0       0       0       0
      Locals:         0       0       0       0       0       0       0       0       0       0       0       0       0       0
      Temps:          0       0       0       0       0       0       0       0       0       0       0       0       0       0
      Totals:         0       0       0       0       0       0       0       0       0       0       0       0       0       0
Total ram usage:        0 bytes
 Hardware stack levels used:    1
 Hardware stack levels required when called:    7
 This function calls:
		Nothing
 This function is called by:
		_onSetup
 This function uses a non-reentrant model


 *************** function _myTimer *****************
 Defined at:
		line 27 in file "main.c"
 Parameters:    Size  Location     Type
		None
 Auto vars:     Size  Location     Type
		None
 Return value:  Size  Location     Type
		None               void
 Registers used:
		wreg, fsr0l, fsr0h, fsr1l, fsr1h, fsr2l, fsr2h, status,2, status,0, pclat, tosl, structret, tblptrl, tblptrh, tblptru, prodl, prodh, bsr, cstack
 Tracked objects:
		On entry : 
		On exit  : 
		Unchanged: 
 Data sizes:     COMRAM   BANK0   BANK1   BANK2   BANK3   BANK4   BANK5   BANK6   BANK7   BANK8   BANK9  BANK10  BANK11  BANK12
      Params:         0       0       0       0       0       0       0       0       0       0       0       0       0       0
      Locals:         0       0       0       0       0       0       0       0       0       0       0       0       0       0
      Temps:          0       0       0       0       0       0       0       0       0       0       0       0       0       0
      Totals:         0       0       0       0       0       0       0       0       0       0       0       0       0       0
Total ram usage:        0 bytes
 Hardware stack levels used:    1
 Hardware stack levels required when called:   10
 This function calls:
		_jsonNew
		_jsonSetString
		_jsonSetValue
		_SerialWrite
 This function is called by:
		_onSetup
		_IntervalTick
		i2_IntervalTick
 This function uses a non-reentrant model


 *************** function _SerialWrite *****************
 Defined at:
		line 70 in file "serial.c"
 Parameters:    Size  Location     Type
  data            2    8[BANK0 ] PTR unsigned char 
		 -> myTimer@seo(200), 
 Auto vars:     Size  Location     Type
		None
 Return value:  Size  Location     Type
		None               void
 Registers used:
		wreg, fsr0l, fsr0h, fsr1l, fsr1h, fsr2l, fsr2h, status,2, status,0, tblptrl, tblptrh, tblptru, cstack
 Tracked objects:
		On entry : 
		On exit  : 
		Unchanged: 
 Data sizes:     COMRAM   BANK0   BANK1   BANK2   BANK3   BANK4   BANK5   BANK6   BANK7   BANK8   BANK9  BANK10  BANK11  BANK12
      Params:         0       2       0       0       0       0       0       0       0       0       0       0       0       0
      Locals:         0       0       0       0       0       0       0       0       0       0       0       0       0       0
      Temps:          0       2       0       0       0       0       0       0       0       0       0       0       0       0
      Totals:         0       4       0       0       0       0       0       0       0       0       0       0       0       0
Total ram usage:        4 bytes
 Hardware stack levels used:    1
 Hardware stack levels required when called:    8
 This function calls:
		_strcpy
		_strlen
 This function is called by:
		_myTimer
 This function uses a non-reentrant model


 *************** function _strcpy *****************
 Defined at:
		line 10 in file "/Applications/microchip/xc8/v1.12/sources/strcpy.c"
 Parameters:    Size  Location     Type
  to              2    2[BANK0 ] PTR unsigned char 
		 -> writeBuffer(100), 
  from            2    4[BANK0 ] PTR const unsigned char 
		 -> myTimer@seo(200), 
 Auto vars:     Size  Location     Type
  cp              2    6[BANK0 ] PTR unsigned char 
		 -> writeBuffer(100), 
 Return value:  Size  Location     Type
                  2    2[BANK0 ] PTR unsigned char 
 Registers used:
		wreg, fsr1l, fsr1h, fsr2l, fsr2h, status,2, status,0
 Tracked objects:
		On entry : 
		On exit  : 
		Unchanged: 
 Data sizes:     COMRAM   BANK0   BANK1   BANK2   BANK3   BANK4   BANK5   BANK6   BANK7   BANK8   BANK9  BANK10  BANK11  BANK12
      Params:         0       4       0       0       0       0       0       0       0       0       0       0       0       0
      Locals:         0       2       0       0       0       0       0       0       0       0       0       0       0       0
      Temps:          0       0       0       0       0       0       0       0       0       0       0       0       0       0
      Totals:         0       6       0       0       0       0       0       0       0       0       0       0       0       0
Total ram usage:        6 bytes
 Hardware stack levels used:    1
 Hardware stack levels required when called:    7
 This function calls:
		Nothing
 This function is called by:
		_SerialWrite
 This function uses a non-reentrant model


 *************** function _jsonNew *****************
 Defined at:
		line 24 in file "json.c"
 Parameters:    Size  Location     Type
  string          2   37[BANK0 ] PTR unsigned char 
		 -> myTimer@seo(200), 
 Auto vars:     Size  Location     Type
		None
 Return value:  Size  Location     Type
		None               void
 Registers used:
		wreg, fsr0l, fsr0h, fsr1l, fsr1h, fsr2l, fsr2h, status,2, status,0, pclat, tosl, structret, tblptrl, tblptrh, tblptru, prodl, prodh, bsr, cstack
 Tracked objects:
		On entry : 
		On exit  : 
		Unchanged: 
 Data sizes:     COMRAM   BANK0   BANK1   BANK2   BANK3   BANK4   BANK5   BANK6   BANK7   BANK8   BANK9  BANK10  BANK11  BANK12
      Params:         0       2       0       0       0       0       0       0       0       0       0       0       0       0
      Locals:         0       0       0       0       0       0       0       0       0       0       0       0       0       0
      Temps:          0       0       0       0       0       0       0       0       0       0       0       0       0       0
      Totals:         0       2       0       0       0       0       0       0       0       0       0       0       0       0
Total ram usage:        2 bytes
 Hardware stack levels used:    1
 Hardware stack levels required when called:    9
 This function calls:
		_sprintf
 This function is called by:
		_myTimer
 This function uses a non-reentrant model


 *************** function _jsonSetString *****************
 Defined at:
		line 65 in file "json.c"
 Parameters:    Size  Location     Type
  input           2   37[BANK0 ] PTR unsigned char 
		 -> myTimer@seo(200), 
  key             2   39[BANK0 ] PTR unsigned char 
		 -> STR_1(5), 
  str             2   41[BANK0 ] PTR unsigned char 
		 -> STR_2(17), 
 Auto vars:     Size  Location     Type
  original_jso    4   45[BANK0 ] unsigned long 
 Return value:  Size  Location     Type
		None               void
 Registers used:
		wreg, fsr0l, fsr0h, fsr1l, fsr1h, fsr2l, fsr2h, status,2, status,0, pclat, tosl, structret, tblptrl, tblptrh, tblptru, prodl, prodh, bsr, cstack
 Tracked objects:
		On entry : 
		On exit  : 
		Unchanged: 
 Data sizes:     COMRAM   BANK0   BANK1   BANK2   BANK3   BANK4   BANK5   BANK6   BANK7   BANK8   BANK9  BANK10  BANK11  BANK12
      Params:         0       6       0       0       0       0       0       0       0       0       0       0       0       0
      Locals:         0       4       0       0       0       0       0       0       0       0       0       0       0       0
      Temps:          0       2       0       0       0       0       0       0       0       0       0       0       0       0
      Totals:         0      12       0       0       0       0       0       0       0       0       0       0       0       0
Total ram usage:       12 bytes
 Hardware stack levels used:    1
 Hardware stack levels required when called:    9
 This function calls:
		_strlen
		_strcpy2
		_sprintf
 This function is called by:
		_myTimer
 This function uses a non-reentrant model


 *************** function _jsonSetValue *****************
 Defined at:
		line 72 in file "json.c"
 Parameters:    Size  Location     Type
  input           2   37[BANK0 ] PTR unsigned char 
		 -> myTimer@seo(200), 
  key             2   39[BANK0 ] PTR unsigned char 
		 -> STR_7(5), STR_6(5), STR_5(5), STR_4(5), 
		 -> STR_3(5), 
  value           2   41[BANK0 ] int 
 Auto vars:     Size  Location     Type
  original_jso    4   45[BANK0 ] unsigned long 
 Return value:  Size  Location     Type
		None               void
 Registers used:
		wreg, fsr0l, fsr0h, fsr1l, fsr1h, fsr2l, fsr2h, status,2, status,0, pclat, tosl, structret, tblptrl, tblptrh, tblptru, prodl, prodh, bsr, cstack
 Tracked objects:
		On entry : 
		On exit  : 
		Unchanged: 
 Data sizes:     COMRAM   BANK0   BANK1   BANK2   BANK3   BANK4   BANK5   BANK6   BANK7   BANK8   BANK9  BANK10  BANK11  BANK12
      Params:         0       6       0       0       0       0       0       0       0       0       0       0       0       0
      Locals:         0       4       0       0       0       0       0       0       0       0       0       0       0       0
      Temps:          0       2       0       0       0       0       0       0       0       0       0       0       0       0
      Totals:         0      12       0       0       0       0       0       0       0       0       0       0       0       0
Total ram usage:       12 bytes
 Hardware stack levels used:    1
 Hardware stack levels required when called:    9
 This function calls:
		_strlen
		_strcpy2
		_sprintf
 This function is called by:
		_myTimer
 This function uses a non-reentrant model


 *************** function _strcpy2 *****************
 Defined at:
		line 3 in file "string2.c"
 Parameters:    Size  Location     Type
  dest            2    2[BANK0 ] PTR unsigned char 
		 -> KEY_COLON_SPACE(200), callbackF(202), callbackE(202), callbackD(202), 
		 -> callbackC(202), callbackB(202), callbackA(202), 
  loc             2    4[BANK0 ] PTR const unsigned char 
		 -> result(200), myTimer@seo(200), buffer(100), bufferSerial(100), 
		 -> NULL(0), 
 Auto vars:     Size  Location     Type
		None
 Return value:  Size  Location     Type
		None               void
 Registers used:
		wreg, fsr1l, fsr1h, fsr2l, fsr2h, status,2, status,0
 Tracked objects:
		On entry : 
		On exit  : 
		Unchanged: 
 Data sizes:     COMRAM   BANK0   BANK1   BANK2   BANK3   BANK4   BANK5   BANK6   BANK7   BANK8   BANK9  BANK10  BANK11  BANK12
      Params:         0       4       0       0       0       0       0       0       0       0       0       0       0       0
      Locals:         0       0       0       0       0       0       0       0       0       0       0       0       0       0
      Temps:          0       0       0       0       0       0       0       0       0       0       0       0       0       0
      Totals:         0       4       0       0       0       0       0       0       0       0       0       0       0       0
Total ram usage:        4 bytes
 Hardware stack levels used:    1
 Hardware stack levels required when called:    7
 This function calls:
		Nothing
 This function is called by:
		_jsonSetString
		_jsonSetValue
		_jsonGetString
 This function uses a non-reentrant model


 *************** function _strlen *****************
 Defined at:
		line 5 in file "/Applications/microchip/xc8/v1.12/sources/strlen.c"
 Parameters:    Size  Location     Type
  s               2    2[BANK0 ] PTR const unsigned char 
		 -> STR_18(3), STR_17(2), KEY_COLON_SPACE(200), result(200), 
		 -> STR_12(3), STR_11(2), jsonGetValue@KEY_COLON_SPACE(200), myTimer@seo(200), 
		 -> NULL(0), 
 Auto vars:     Size  Location     Type
  cp              2    6[BANK0 ] PTR const unsigned char 
		 -> STR_18(3), STR_17(2), KEY_COLON_SPACE(200), result(200), 
		 -> STR_12(3), STR_11(2), jsonGetValue@KEY_COLON_SPACE(200), myTimer@seo(200), 
		 -> NULL(0), 
 Return value:  Size  Location     Type
                  2    2[BANK0 ] unsigned int 
 Registers used:
		wreg, fsr0l, fsr0h, status,2, status,0, tblptrl, tblptrh, tblptru
 Tracked objects:
		On entry : 
		On exit  : 
		Unchanged: 
[...]
 Tracked objects:
		On entry : 
		On exit  : 
		Unchanged: 
 Data sizes:     COMRAM   BANK0   BANK1   BANK2   BANK3   BANK4   BANK5   BANK6   BANK7   BANK8   BANK9  BANK10  BANK11  BANK12
      Params:         2       0       0       0       0       0       0       0       0       0       0       0       0       0
      Locals:         0       0       0       0       0       0       0       0       0       0       0       0       0       0
      Temps:          2       0       0       0       0       0       0       0       0       0       0       0       0       0
      Totals:         4       0       0       0       0       0       0       0       0       0       0       0       0       0
Total ram usage:        4 bytes
 Hardware stack levels used:    1
 Hardware stack levels required when called:    1
 This function calls:
		i2_strcpy
		i2_strlen
 This function is called by:
		i2_myTimer
 This function uses a non-reentrant model


 *************** function i2_jsonNew *****************
 Defined at:
		line 24 in file "json.c"
 Parameters:    Size  Location     Type
  jsonNew         2   35[COMRAM] PTR unsigned char 
		 -> myTimer@seo(200), 
 Auto vars:     Size  Location     Type
		None
 Return value:  Size  Location     Type
		None               void
 Registers used:
		wreg, fsr0l, fsr0h, fsr2l, fsr2h, status,2, status,0, tblptrl, tblptrh, tblptru, prodl, prodh, cstack
 Tracked objects:
		On entry : 
		On exit  : 
		Unchanged: 
 Data sizes:     COMRAM   BANK0   BANK1   BANK2   BANK3   BANK4   BANK5   BANK6   BANK7   BANK8   BANK9  BANK10  BANK11  BANK12
      Params:         2       0       0       0       0       0       0       0       0       0       0       0       0       0
      Locals:         0       0       0       0       0       0       0       0       0       0       0       0       0       0
      Temps:          0       0       0       0       0       0       0       0       0       0       0       0       0       0
      Totals:         2       0       0       0       0       0       0       0       0       0       0       0       0       0
Total ram usage:        2 bytes
 Hardware stack levels used:    1
 Hardware stack levels required when called:    2
 This function calls:
		i2_sprintf
 This function is called by:
		i2_myTimer
 This function uses a non-reentrant model


 *************** function i2_jsonSetString *****************
 Defined at:
		line 65 in file "json.c"
 Parameters:    Size  Location     Type
  jsonSetStrin    2   35[COMRAM] PTR unsigned char 
		 -> myTimer@seo(200), 
  jsonSetStrin    2   37[COMRAM] PTR unsigned char 
		 -> STR_1(5), 
  jsonSetStrin    2   39[COMRAM] PTR unsigned char 
		 -> STR_2(17), 
 Auto vars:     Size  Location     Type
  jsonSetStrin    4   43[COMRAM] unsigned long 
 Return value:  Size  Location     Type
		None               void
 Registers used:
		wreg, fsr0l, fsr0h, fsr1l, fsr1h, fsr2l, fsr2h, status,2, status,0, tblptrl, tblptrh, tblptru, prodl, prodh, cstack
 Tracked objects:
		On entry : 
		On exit  : 
		Unchanged: 
 Data sizes:     COMRAM   BANK0   BANK1   BANK2   BANK3   BANK4   BANK5   BANK6   BANK7   BANK8   BANK9  BANK10  BANK11  BANK12
      Params:         6       0       0       0       0       0       0       0       0       0       0       0       0       0
      Locals:         4       0       0       0       0       0       0       0       0       0       0       0       0       0
      Temps:          2       0       0       0       0       0       0       0       0       0       0       0       0       0
      Totals:        12       0       0       0       0       0       0       0       0       0       0       0       0       0
Total ram usage:       12 bytes
 Hardware stack levels used:    1
 Hardware stack levels required when called:    2
 This function calls:
		i2_strlen
		i2_strcpy2
		i2_sprintf
 This function is called by:
		i2_myTimer
 This function uses a non-reentrant model


 *************** function i2_jsonSetValue *****************
 Defined at:
		line 72 in file "json.c"
 Parameters:    Size  Location     Type
  jsonSetValue    2   35[COMRAM] PTR unsigned char 
		 -> myTimer@seo(200), 
  jsonSetValue    2   37[COMRAM] PTR unsigned char 
		 -> STR_7(5), STR_6(5), STR_5(5), STR_4(5), 
		 -> STR_3(5), 
  jsonSetValue    2   39[COMRAM] int 
 Auto vars:     Size  Location     Type
  jsonSetValue    4   43[COMRAM] unsigned long 
 Return value:  Size  Location     Type
		None               void
 Registers used:
		wreg, fsr0l, fsr0h, fsr1l, fsr1h, fsr2l, fsr2h, status,2, status,0, tblptrl, tblptrh, tblptru, prodl, prodh, cstack
 Tracked objects:
		On entry : 
		On exit  : 
		Unchanged: 
 Data sizes:     COMRAM   BANK0   BANK1   BANK2   BANK3   BANK4   BANK5   BANK6   BANK7   BANK8   BANK9  BANK10  BANK11  BANK12
      Params:         6       0       0       0       0       0       0       0       0       0       0       0       0       0
      Locals:         4       0       0       0       0       0       0       0       0       0       0       0       0       0
      Temps:          2       0       0       0       0       0       0       0       0       0       0       0       0       0
      Totals:        12       0       0       0       0       0       0       0       0       0       0       0       0       0
Total ram usage:       12 bytes
 Hardware stack levels used:    1
 Hardware stack levels required when called:    2
 This function calls:
		i2_strlen
		i2_strcpy2
		i2_sprintf
 This function is called by:
		i2_myTimer
 This function uses a non-reentrant model


 *************** function i2_strcpy2 *****************
 Defined at:
		line 3 in file "string2.c"
 Parameters:    Size  Location     Type
  strcpy2         2    0[COMRAM] PTR unsigned char 
		 -> KEY_COLON_SPACE(200), callbackF(202), callbackE(202), callbackD(202), 
		 -> callbackC(202), callbackB(202), callbackA(202), 
  strcpy2         2    2[COMRAM] PTR const unsigned char 
		 -> result(200), myTimer@seo(200), buffer(100), bufferSerial(100), 
		 -> NULL(0), 
 Auto vars:     Size  Location     Type
		None
 Return value:  Size  Location     Type
		None               void
 Registers used:
		wreg, fsr1l, fsr1h, fsr2l, fsr2h, status,2, status,0
 Tracked objects:
		On entry : 
		On exit  : 
		Unchanged: 
 Data sizes:     COMRAM   BANK0   BANK1   BANK2   BANK3   BANK4   BANK5   BANK6   BANK7   BANK8   BANK9  BANK10  BANK11  BANK12
      Params:         4       0       0       0       0       0       0       0       0       0       0       0       0       0
      Locals:         0       0       0       0       0       0       0       0       0       0       0       0       0       0
      Temps:          0       0       0       0       0       0       0       0       0       0       0       0       0       0
      Totals:         4       0       0       0       0       0       0       0       0       0       0       0       0       0
Total ram usage:        4 bytes
 Hardware stack levels used:    1
 This function calls:
		Nothing
 This function is called by:
		_Async
		i2_jsonSetString
		i2_jsonSetValue
 This function uses a non-reentrant model


 *************** function i2_sprintf *****************
 Defined at:
		line 493 in file "/Applications/microchip/xc8/v1.12/sources/doprnt.c"
 Parameters:    Size  Location     Type
  sprintf         2   14[COMRAM] PTR unsigned char 
		 -> KEY_COLON_SPACE(200), jsonGetValue@KEY_COLON_SPACE(200), myTimer@seo(200), 
  sprintf         2   16[COMRAM] PTR const unsigned char 
		 -> STR_15(7), STR_14(14), STR_13(16), STR_9(7), 
		 -> STR_8(4), 
 Auto vars:     Size  Location     Type
  sprintf         4   30[COMRAM] struct .
  sprintf         2   28[COMRAM] PTR void [1]
		 -> ?_sprintf(2), 
  sprintf         1   34[COMRAM] char 
  sprintf         1   27[COMRAM] char 
  sprintf         1   26[COMRAM] unsigned char 
 Return value:  Size  Location     Type
                  2   14[COMRAM] int 
 Registers used:
		wreg, fsr0l, fsr0h, fsr2l, fsr2h, status,2, status,0, tblptrl, tblptrh, tblptru, prodl, prodh, cstack
 Tracked objects:
		On entry : 
		On exit  : 
		Unchanged: 
 Data sizes:     COMRAM   BANK0   BANK1   BANK2   BANK3   BANK4   BANK5   BANK6   BANK7   BANK8   BANK9  BANK10  BANK11  BANK12
      Params:        10       0       0       0       0       0       0       0       0       0       0       0       0       0
      Locals:         9       0       0       0       0       0       0       0       0       0       0       0       0       0
      Temps:          2       0       0       0       0       0       0       0       0       0       0       0       0       0
      Totals:        21       0       0       0       0       0       0       0       0       0       0       0       0       0
Total ram usage:       21 bytes
 Hardware stack levels used:    1
 Hardware stack levels required when called:    1
 This function calls:
		i2___lwdiv
		i2___lwmod
 This function is called by:
		i2_jsonNew
		i2_jsonSetString
		i2_jsonSetValue
 This function uses a non-reentrant model


 *************** function i2___awmod *****************
 Defined at:
		line 10 in file "/Applications/microchip/xc8/v1.12/sources/awmod.c"
 Parameters:    Size  Location     Type
  __awmod         2    0[COMRAM] int 
  __awmod         2    2[COMRAM] int 
 Auto vars:     Size  Location     Type
  __awmod         1    6[COMRAM] unsigned char 
  __awmod         1    5[COMRAM] unsigned char 
 Return value:  Size  Location     Type
                  2    0[COMRAM] int 
 Registers used:
		wreg, status,2, status,0
 Tracked objects:
		On entry : 
		On exit  : 
		Unchanged: 
 Data sizes:     COMRAM   BANK0   BANK1   BANK2   BANK3   BANK4   BANK5   BANK6   BANK7   BANK8   BANK9  BANK10  BANK11  BANK12
      Params:         4       0       0       0       0       0       0       0       0       0       0       0       0       0
      Locals:         2       0       0       0       0       0       0       0       0       0       0       0       0       0
      Temps:          1       0       0       0       0       0       0       0       0       0       0       0       0       0
      Totals:         7       0       0       0       0       0       0       0       0       0       0       0       0       0
Total ram usage:        7 bytes
 Hardware stack levels used:    1
 This function calls:
		Nothing
 This function is called by:
		i2_IntervalTick
 This function uses a non-reentrant model


 *************** function i2___lwdiv *****************
 Defined at:
		line 10 in file "/Applications/microchip/xc8/v1.12/sources/lwdiv.c"
 Parameters:    Size  Location     Type
  __lwdiv         2    0[COMRAM] unsigned int 
  __lwdiv         2    2[COMRAM] unsigned int 
 Auto vars:     Size  Location     Type
  __lwdiv         2    6[COMRAM] unsigned int 
  __lwdiv         1    5[COMRAM] unsigned char 
 Return value:  Size  Location     Type
                  2    0[COMRAM] unsigned int 
 Registers used:
		wreg, status,2, status,0
 Tracked objects:
		On entry : 
		On exit  : 
		Unchanged: 
 Data sizes:     COMRAM   BANK0   BANK1   BANK2   BANK3   BANK4   BANK5   BANK6   BANK7   BANK8   BANK9  BANK10  BANK11  BANK12
      Params:         4       0       0       0       0       0       0       0       0       0       0       0       0       0
      Locals:         3       0       0       0       0       0       0       0       0       0       0       0       0       0
      Temps:          1       0       0       0       0       0       0       0       0       0       0       0       0       0
      Totals:         8       0       0       0       0       0       0       0       0       0       0       0       0       0
Total ram usage:        8 bytes
 Hardware stack levels used:    1
 This function calls:
		Nothing
 This function is called by:
		i2_sprintf
 This function uses a non-reentrant model


 *************** function i2___lwmod *****************
 Defined at:
		line 10 in file "/Applications/microchip/xc8/v1.12/sources/lwmod.c"
 Parameters:    Size  Location     Type
  __lwmod         2    8[COMRAM] unsigned int 
  __lwmod         2   10[COMRAM] unsigned int 
 Auto vars:     Size  Location     Type
  __lwmod         1   13[COMRAM] unsigned char 
 Return value:  Size  Location     Type
                  2    8[COMRAM] unsigned int 
 Registers used:
		wreg, status,2, status,0
 Tracked objects:
		On entry : 
		On exit  : 
		Unchanged: 
 Data sizes:     COMRAM   BANK0   BANK1   BANK2   BANK3   BANK4   BANK5   BANK6   BANK7   BANK8   BANK9  BANK10  BANK11  BANK12
      Params:         4       0       0       0       0       0       0       0       0       0       0       0       0       0
      Locals:         1       0       0       0       0       0       0       0       0       0       0       0       0       0
      Temps:          1       0       0       0       0       0       0       0       0       0       0       0       0       0
      Totals:         6       0       0       0       0       0       0       0       0       0       0       0       0       0
Total ram usage:        6 bytes
 Hardware stack levels used:    1
 This function calls:
		Nothing
 This function is called by:
		i2_sprintf
 This function uses a non-reentrant model


 *************** function i2_strcpy *****************
 Defined at:
		line 10 in file "/Applications/microchip/xc8/v1.12/sources/strcpy.c"
 Parameters:    Size  Location     Type
  strcpy          2    0[COMRAM] PTR unsigned char 
		 -> writeBuffer(100), 
  strcpy          2    2[COMRAM] PTR const unsigned char 
		 -> myTimer@seo(200), 
 Auto vars:     Size  Location     Type
  strcpy          2    4[COMRAM] PTR unsigned char 
		 -> writeBuffer(100), 
 Return value:  Size  Location     Type
                  2    0[COMRAM] PTR unsigned char 
 Registers used:
		wreg, fsr1l, fsr1h, fsr2l, fsr2h, status,2, status,0
 Tracked objects:
		On entry : 
		On exit  : 
		Unchanged: 
 Data sizes:     COMRAM   BANK0   BANK1   BANK2   BANK3   BANK4   BANK5   BANK6   BANK7   BANK8   BANK9  BANK10  BANK11  BANK12
      Params:         4       0       0       0       0       0       0       0       0       0       0       0       0       0
      Locals:         2       0       0       0       0       0       0       0       0       0       0       0       0       0
      Temps:          0       0       0       0       0       0       0       0       0       0       0       0       0       0
      Totals:         6       0       0       0       0       0       0       0       0       0       0       0       0       0
Total ram usage:        6 bytes
 Hardware stack levels used:    1
 This function calls:
		Nothing
 This function is called by:
		i2_SerialWrite
 This function uses a non-reentrant model


 *************** function i2_strlen *****************
 Defined at:
		line 5 in file "/Applications/microchip/xc8/v1.12/sources/strlen.c"
 Parameters:    Size  Location     Type
  strlen          2    0[COMRAM] PTR const unsigned char 
		 -> STR_18(3), STR_17(2), KEY_COLON_SPACE(200), result(200), 
		 -> STR_12(3), STR_11(2), jsonGetValue@KEY_COLON_SPACE(200), myTimer@seo(200), 
		 -> NULL(0), 
 Auto vars:     Size  Location     Type
  strlen          2    4[COMRAM] PTR const unsigned char 
		 -> STR_18(3), STR_17(2), KEY_COLON_SPACE(200), result(200), 
		 -> STR_12(3), STR_11(2), jsonGetValue@KEY_COLON_SPACE(200), myTimer@seo(200), 
		 -> NULL(0), 
 Return value:  Size  Location     Type
                  2    0[COMRAM] unsigned int 
 Registers used:
		wreg, fsr0l, fsr0h, status,2, status,0, tblptrl, tblptrh, tblptru
 Tracked objects:
		On entry : 
		On exit  : 
		Unchanged: 
 Data sizes:     COMRAM   BANK0   BANK1   BANK2   BANK3   BANK4   BANK5   BANK6   BANK7   BANK8   BANK9  BANK10  BANK11  BANK12
      Params:         2       0       0       0       0       0       0       0       0       0       0       0       0       0
      Locals:         2       0       0       0       0       0       0       0       0       0       0       0       0       0
      Temps:          2       0       0       0       0       0       0       0       0       0       0       0       0       0
      Totals:         6       0       0       0       0       0       0       0       0       0       0       0       0       0
Total ram usage:        6 bytes
 Hardware stack levels used:    1
 This function calls:
		Nothing
 This function is called by:
		i2_SerialWrite
		i2_jsonSetString
		i2_jsonSetValue
 This function uses a non-reentrant model



MODULE INFORMATION

Module		Function		Class		Link	Load	Size
/Applications/microchip/xc8/v1.12/sources/strlen.c
		_strlen        		CODE           	2578	0000	126

/Applications/microchip/xc8/v1.12/sources/strlen.c estimated size: 126

string2.c
		_strcpy2       		CODE           	27CE	0000	94

string2.c estimated size: 94

async.c
		_AsyncTick     		CODE           	1302	0000	390
		_AsyncBegin    		CODE           	28E6	0000	86
		_Async         		CODE           	1754	0000	312

async.c estimated size: 788

json.c
		_jsonSetValue  		CODE           	20CC	0000	188
		_jsonSetString 		CODE           	2010	0000	188
		_jsonNew       		CODE           	2ACA	0000	30

json.c estimated size: 406

shared
		__stringdata   		SMALLCONST     	0D0A	0000	101
		i2_AsyncTick   		CODE           	15F2	0000	354
		i2_AsyncBegin  		CODE           	293C	0000	86
		_dpowers       		SMALLCONST     	0D00	0000	10
		i2___lwdiv     		CODE           	2762	0000	108
		i2_strcpy      		CODE           	2A22	0000	54
		i2_strcpy2     		CODE           	2992	0000	82
		i2_myTimer     		CODE           	1CCE	0000	226
		i2_jsonSetValue		CODE           	2674	0000	126
		i2___lwmod     		CODE           	288A	0000	92
		__initializatio		CODE           	2240	0000	168
		i2_SerialWrite 		CODE           	2188	0000	184
		i2___awmod     		CODE           	2396	0000	168
		i2_sprintf     		CODE           	10A2	0000	608
		i2_IntervalTick		CODE           	1BDA	0000	244
		i2_jsonSetStrin		CODE           	25F6	0000	126
		i2_jsonNew     		CODE           	2AFE	0000	22
		i2_strlen      		CODE           	282C	0000	94

shared estimated size: 2853

macaw.c
		_MacawBegin    		CODE           	2B14	0000	6

macaw.c estimated size: 6

jspic.c
		_main          		CODE           	2A88	0000	36

jspic.c estimated size: 36

main.c
		_onLoop        		CODE           	2B1A	0000	4
		_onSetup       		CODE           	2A58	0000	48
		_myTimer       		CODE           	1488	0000	362

main.c estimated size: 414

serial.c
		_SerialBegin   		CODE           	2AAC	0000	30
		_SerialWriteInt		CODE           	24DE	0000	154
		_OnSerialInterr		CODE           	26F2	0000	112
		_SerialWrite   		CODE           	1DB0	0000	218

serial.c estimated size: 514

/Applications/microchip/xc8/v1.12/sources/awmod.c
		___awmod       		CODE           	19B4	0000	282

/Applications/microchip/xc8/v1.12/sources/awmod.c estimated size: 282

interrupts.h
		_onInterrupt   		CODE           	0008	0000	9102

interrupts.h estimated size: 9102

/Applications/microchip/xc8/v1.12/sources/lwmod.c
		___lwmod       		CODE           	243E	0000	160

/Applications/microchip/xc8/v1.12/sources/lwmod.c estimated size: 160

/Applications/microchip/xc8/v1.12/sources/lwdiv.c
		___lwdiv       		CODE           	1F50	0000	192

/Applications/microchip/xc8/v1.12/sources/lwdiv.c estimated size: 192

/Applications/microchip/xc8/v1.12/sources/doprnt.c
		_sprintf       		CODE           	0D70	0000	818

/Applications/microchip/xc8/v1.12/sources/doprnt.c estimated size: 818

/Applications/microchip/xc8/v1.12/sources/strcpy.c
		_strcpy        		CODE           	29E4	0000	62

/Applications/microchip/xc8/v1.12/sources/strcpy.c estimated size: 62

interval.c
		_SetInterval   		CODE           	1E8A	0000	198
		_OnIntervalInte		CODE           	2AE8	0000	22
		_IntervalTick  		CODE           	1ACE	0000	268

interval.c estimated size: 488

jwire.c
		_JWireOnInterru		CODE           	188C	0000	296

jwire.c estimated size: 296

