Microchip MPLAB XC8 Compiler V1.12 ()

Linker command line:

-W4 --edf=C:\Program Files (x86)\Microchip\xc8\v1.12\dat\en_msgs.txt -cs \
  -h+dist/default/production\JSPIC.production.sym -z -Q18F2680 -ol.obj \
  -Mdist/default/production/JSPIC.production.map -E1 -ver=XC8 \
  -ACODE=00h-0FFFFh -ACONST=00h-0FFFFh -ASMALLCONST=0D00h-0DFFhx243 \
  -AMEDIUMCONST=0D00h-0FFFFh -ACOMRAM=01h-05Fh -AABS1=00h-0CFFh \
  -ABIGRAM=01h-0CFFh -ARAM=060h-0FFh,0100h-01FFhx12 -ABANK0=060h-0FFh \
  -ABANK1=0100h-01FFh -ABANK2=0200h-02FFh -ABANK3=0300h-03FFh \
  -ABANK4=0400h-04FFh -ABANK5=0500h-05FFh -ABANK6=0600h-06FFh \
  -ABANK7=0700h-07FFh -ABANK8=0800h-08FFh -ABANK9=0900h-09FFh \
  -ABANK10=0A00h-0AFFh -ABANK11=0B00h-0BFFh -ABANK12=0C00h-0CFFh \
  -ASFR=0D00h-0DFFhx2,0F00h-0F5Fh,0F60h-0FFFh \
  -preset_vec=00h,intcode=08h,intcodelo,powerup,init,end_init \
  -pramtop=0D00h -psmallconst=SMALLCONST -pmediumconst=MEDIUMCONST \
  -pconst=CONST -AFARRAM=00h-00h -ACONFIG=0300000h-030000Dh -pconfig=CONFIG \
  -AIDLOC=0200000h-0200007h -pidloc=IDLOC -AEEDATA=0F00000h-0F003FFh \
  -peeprom_data=EEDATA \
  -prdata=COMRAM,nvrram=COMRAM,nvbit=COMRAM,rbss=COMRAM,rbit=COMRAM \
  -pfarbss=FARRAM,fardata=FARRAM \
  -pintsave_regs=BIGRAM,bigbss=BIGRAM,bigdata=BIGRAM -pbss=RAM \
  -pidata=CODE,irdata=CODE,ibigdata=CODE,ifardata=CODE \
  C:\Users\SOTOWN~1\AppData\Local\Temp\sghs.obj \
  dist/default/production\JSPIC.production.obj 

Object code version is 3.10

Machine type is 18F2680

Call graph: (short form)




                Name                               Link     Load   Length Selector   Space Scale
C:\Users\SOTOWN~1\AppData\Local\Temp\sghs.obj
                end_init                             18       18        4        4       0
                reset_vec                             0        0        4        0       0
                idloc                            200000   200000        8   200000       0
                config                           300000   300000        E   300000       0
dist/default/production\JSPIC.production.obj
                intcode                               8        8       10        4       0
                smallconst                          D00      D00       4C      680       0
                text24                             173C     173C       12      6A6       0
                text23                             1286     1286       86      6A6       0
                text22                             15F2     15F2       44      6A6       0
                text21                             1552     1552       56      6A6       0
                text20                             115E     115E       9A      6A6       0
                text19                             1636     1636       36      6A6       0
                text18                              FE0      FE0       CC      6A6       0
                text17                             16BA     16BA       20      6A6       0
                text16                             148A     148A       6A      6A6       0
                text15                             15A8     15A8       4A      6A6       0
                text14                             10AC     10AC       B2      6A6       0
                text13                             14F4     14F4       5E      6A6       0
                text12                             1714     1714       16      6A6       0
                text11                              EC6      EC6      11A      6A6       0
                text10                              D4C      D4C      17A      6A6       0
                text9                              11F8     11F8       8E      6A6       0
                intcode_body                       140E     140E       7C      6A6       0
                text7                              166C     166C       2A      6A6       0
                text6                              1752     1752        2      6A6       0
                text5                              130C     130C       84      6A6       0
                text4                              16DA     16DA       1E      6A6       0
                text3                              16F8     16F8       1C      6A6       0
                text2                              174E     174E        4      6A6       0
                text1                              172A     172A       12      6A6       0
                text0                              1696     1696       24      6A6       0
                cstackCOMRAM                         44       44       18        1       1
                cstackBANK0                          CC       CC        4       60       1
                bssBANK9                            900      900       C8      900       1
                bssBANK8                            800      800       C8      800       1
                bssBANK7                            700      700       C8      700       1
                bssBANK6                            600      600       C8      600       1
                bssBANK5                            500      500       96      500       1
                bssBANK4                            400      400       C8      400       1
                bssBANK3                            300      300       C8      300       1
                bssBANK2                            200      200       C8      200       1
                bssBANK1                            16C      16C       64      100       1
                bssCOMRAM                             1        1       43        1       1
                cinit                              1390     1390       7E      6A6       0
                nvBANK1                             100      100       6C      100       1
                nvBANK0                              60       60       6C       60       1
                nvCOMRAM                             5C       5C        2        1       1

TOTAL           Name                               Link     Load   Length     Space
        CLASS   CODE           
                end_init                             18       18        4         0
                intcode                               8        8       10         0
                reset_vec                             0        0        4         0
                text24                             173C     173C       12         0
                text23                             1286     1286       86         0
                text22                             15F2     15F2       44         0
                text21                             1552     1552       56         0
                text20                             115E     115E       9A         0
                text19                             1636     1636       36         0
                text18                              FE0      FE0       CC         0
                text17                             16BA     16BA       20         0
                text16                             148A     148A       6A         0
                text15                             15A8     15A8       4A         0
                text14                             10AC     10AC       B2         0
                text13                             14F4     14F4       5E         0
                text12                             1714     1714       16         0
                text11                              EC6      EC6      11A         0
                text10                              D4C      D4C      17A         0
                text9                              11F8     11F8       8E         0
                intcode_body                       140E     140E       7C         0
                text7                              166C     166C       2A         0
                text6                              1752     1752        2         0
                text5                              130C     130C       84         0
                text4                              16DA     16DA       1E         0
                text3                              16F8     16F8       1C         0
                text2                              174E     174E        4         0
                text1                              172A     172A       12         0
                text0                              1696     1696       24         0
                cinit                              1390     1390       7E         0

        CLASS   CONST          

        CLASS   SMALLCONST     
                smallconst                          D00      D00       4C         0

        CLASS   MEDIUMCONST    

        CLASS   COMRAM         
                cstackCOMRAM                         44       44       18         1
                bssCOMRAM                             1        1       43         1
                nvCOMRAM                             5C       5C        2         1

        CLASS   ABS1           

        CLASS   BIGRAM         

        CLASS   RAM            

        CLASS   BANK0          
                cstackBANK0                          CC       CC        4         1
                nvBANK0                              60       60       6C         1

        CLASS   BANK1          
                bssBANK1                            16C      16C       64         1
                nvBANK1                             100      100       6C         1

        CLASS   BANK2          
                bssBANK2                            200      200       C8         1

        CLASS   BANK3          
                bssBANK3                            300      300       C8         1

        CLASS   BANK4          
                bssBANK4                            400      400       C8         1

        CLASS   BANK5          
                bssBANK5                            500      500       96         1

        CLASS   BANK6          
                bssBANK6                            600      600       C8         1

        CLASS   BANK7          
                bssBANK7                            700      700       C8         1

        CLASS   BANK8          
                bssBANK8                            800      800       C8         1

        CLASS   BANK9          
                bssBANK9                            900      900       C8         1

        CLASS   BANK10         

        CLASS   BANK11         

        CLASS   BANK12         

        CLASS   SFR            

        CLASS   FARRAM         

        CLASS   CONFIG         
                config                           300000   300000        E         0

        CLASS   IDLOC          
                idloc                            200000   200000        8         0

        CLASS   EEDATA         



SEGMENTS        Name                           Load    Length   Top    Selector   Space  Class

                reset_vec                      000000  000004  000004         0       0  CODE    
                bssCOMRAM                      000001  00005D  00005E         1       1  COMRAM  
                intcode                        000008  000014  00001C         4       0  CODE    
                nvBANK0                        000060  000070  0000D0        60       1  BANK0   
                nvBANK1                        000100  0000D0  0001D0       100       1  BANK1   
                bssBANK2                       000200  0000C8  0002C8       200       1  BANK2   
                bssBANK3                       000300  0000C8  0003C8       300       1  BANK3   
                bssBANK4                       000400  0000C8  0004C8       400       1  BANK4   
                bssBANK5                       000500  000096  000596       500       1  BANK5   
                bssBANK6                       000600  0000C8  0006C8       600       1  BANK6   
                bssBANK7                       000700  0000C8  0007C8       700       1  BANK7   
                bssBANK8                       000800  0000C8  0008C8       800       1  BANK8   
                bssBANK9                       000900  0000C8  0009C8       900       1  BANK9   
                smallconst                     000D00  00004C  000D4C       680       0  SMALLCON
                text10                         000D4C  000A08  001754       6A6       0  CODE    
                idloc                          200000  000008  200008    200000       0  IDLOC   
                config                         300000  00000E  30000E    300000       0  CONFIG  


UNUSED ADDRESS RANGES

        Name                Unused          Largest block    Delta
        BANK0            0000D0-0000FF               30
        BANK1            0001D0-0001FF               30
        BANK10           000A00-000AFF              100
        BANK11           000B00-000BFF              100
        BANK12           000C00-000CFF              100
        BANK2            0002C8-0002FF               38
        BANK3            0003C8-0003FF               38
        BANK4            0004C8-0004FF               38
        BANK5            000596-0005FF               6A
        BANK6            0006C8-0006FF               38
        BANK7            0007C8-0007FF               38
        BANK8            0008C8-0008FF               38
        BANK9            0009C8-0009FF               38
        BIGRAM           00005E-00005F                2
                         0000D0-0000FF               30
                         0001D0-0001FF               30
                         0002C8-0002FF               38
                         0003C8-0003FF               38
                         0004C8-0004FF               38
                         000596-0005FF               6A
                         0006C8-0006FF               38
                         0007C8-0007FF               38
                         0008C8-0008FF               38
                         0009C8-000CFF              338
        CODE             000004-000007                4
                         00001C-000CFF              CE4
                         001754-00FFFF             E8AC
        COMRAM           00005E-00005F                2
        CONST            000004-000007                4
                         00001C-000CFF              CE4
                         001754-00FFFF             E8AC
        EEDATA           F00000-F003FF              400
        MEDIUMCONST      001754-00FFFF             E8AC
        RAM              0000D0-0000FF               30
                         0001D0-0001FF               30
                         0002C8-0002FF               38
                         0003C8-0003FF               38
                         0004C8-0004FF               38
                         000596-0005FF               6A
                         0006C8-0006FF               38
                         0007C8-0007FF               38
                         0008C8-0008FF               38
                         0009C8-000CFF              100
        SFR              000D00-000FFF              100
        SMALLCONST       001754-00FFFF              100

                                  Symbol Table

?_Async                          cstackCOMRAM 000048
?_SetInterval                    cstackBANK0  0000CC
?_WireSend                       cstackCOMRAM 00004E
?___awmod                        cstackCOMRAM 000044
?_memcpy                         cstackCOMRAM 000044
?_strcpy2                        cstackCOMRAM 000044
Async@function                   cstackCOMRAM 000048
Async@string                     cstackCOMRAM 00004A
IntervalTick@time                bssCOMRAM    00000D
JWireOnInterrupt@data            cstackCOMRAM 00004C
JsonGetValue@KEY_COLON_SPACE     bssBANK8     000800
OnSerialInterrupt@data           cstackCOMRAM 00004C
SetInterval@callbackToUse        cstackBANK0  0000CE
SetInterval@delayInMs            cstackBANK0  0000CC
SetInterval@hasLoaded            bssCOMRAM    00002F
WireSend@address                 cstackCOMRAM 00004E
WireSend@callback                cstackCOMRAM 000054
WireSend@data                    cstackCOMRAM 000050
WireSend@len                     cstackCOMRAM 000052
_Async                           text14       0010AC
_AsyncBegin                      text1        00172A
_AsyncTick                       text9        0011F8
_BRG16                           (abs)        007DC3
_BRGH                            (abs)        007D62
_CKP                             (abs)        007E34
_CREN                            (abs)        007D5C
_GIE                             (abs)        007F97
_INTCONbits                      (abs)        000FF2
_IntervalTick                    text18       000FE0
_JWireOnInterrupt                text10       000D4C
_KEY_COLON_SPACE                 bssBANK6     000600
_LA1                             (abs)        007C49
_MacawBegin                      text2        00174E
_OSCCONbits                      (abs)        000FD3
_OnIntervalInterrupt             text12       001714
_OnSerialInterrupt               text13       0014F4
_PEIE                            (abs)        007F96
_PEN                             (abs)        007E2A
_RCIE                            (abs)        007CED
_RCIF                            (abs)        007CF5
_RCREG                           (abs)        000FAE
_RCSTA                           (abs)        000FAB
_RX9                             (abs)        007D5E
_SEN                             (abs)        007E28
_SENDB                           (abs)        007D63
_SPBRG                           (abs)        000FAF
_SPEN                            (abs)        007D5F
_SSPADD                          (abs)        000FC8
_SSPBUF                          (abs)        000FC9
_SSPCON1                         (abs)        000FC6
_SSPEN                           (abs)        007E35
_SSPIE                           (abs)        007CEB
_SSPIF                           (abs)        007CF3
_SSPM0                           (abs)        007E30
_SSPM1                           (abs)        007E31
_SSPM2                           (abs)        007E32
_SSPM3                           (abs)        007E33
_SSPSTAT                         (abs)        000FC7
_SSPSTATbits                     (abs)        000FC7
_SYNC                            (abs)        007D64
_SerialWriteInterrupt            text16       00148A
_SetInterval                     text5        00130C
_SuperSimpleSerialBegin          text3        0016F8
_T0CONbits                       (abs)        000FD5
_TRISA                           (abs)        000F92
_TRISB                           (abs)        000F93
_TRISC3                          (abs)        007CA3
_TRISC4                          (abs)        007CA4
_TRISCbits                       (abs)        000F94
_TX9                             (abs)        007D66
_TXEN                            (abs)        007D65
_TXIE                            (abs)        007CEC
_TXIF                            (abs)        007CF4
_TXREG                           (abs)        000FAD
_TryToHelp                       text21       001552
_TwitterOnReceive                (abs)        000000
_WireBegin                       text7        00166C
_WireOnInterrupt                 text11       000EC6
_WireSend                        text20       00115E
__CFG_BBSIZ$1024                 (abs)        000000
__CFG_BOREN$OFF                  (abs)        000000
__CFG_BORV$3                     (abs)        000000
__CFG_FCMEN$OFF                  (abs)        000000
__CFG_IESO$OFF                   (abs)        000000
__CFG_LPT1OSC$OFF                (abs)        000000
__CFG_LVP$OFF                    (abs)        000000
__CFG_MCLRE$ON                   (abs)        000000
__CFG_OSC$IRCIO7                 (abs)        000000
__CFG_PBADEN$OFF                 (abs)        000000
__CFG_PWRT$OFF                   (abs)        000000
__CFG_STVREN$OFF                 (abs)        000000
__CFG_WDT$OFF                    (abs)        000000
__CFG_WDTPS$32768                (abs)        000000
__HRAM                           (abs)        000000
__Habs1                          abs1         000000
__Hbank0                         bank0        000000
__Hbank1                         bank1        000000
__Hbank10                        bank10       000000
__Hbank11                        bank11       000000
__Hbank12                        bank12       000000
__Hbank2                         bank2        000000
__Hbank3                         bank3        000000
__Hbank4                         bank4        000000
__Hbank5                         bank5        000000
__Hbank6                         bank6        000000
__Hbank7                         bank7        000000
__Hbank8                         bank8        000000
__Hbank9                         bank9        000000
__Hbigbss                        bigbss       000000
__Hbigdata                       bigdata      000000
__Hbigram                        bigram       000000
__Hbss                           bss          000000
__HbssBANK1                      bssBANK1     000000
__HbssBANK2                      bssBANK2     000000
__HbssBANK3                      bssBANK3     000000
__HbssBANK4                      bssBANK4     000000
__HbssBANK5                      bssBANK5     000000
__HbssBANK6                      bssBANK6     000000
__HbssBANK7                      bssBANK7     000000
__HbssBANK8                      bssBANK8     000000
__HbssBANK9                      bssBANK9     000000
__HbssCOMRAM                     bssCOMRAM    000000
__Hcinit                         cinit        000000
__Hclrtext                       clrtext      000000
__Hcomram                        comram       000000
__Hconfig                        config       30000E
__Hconst                         const        000000
__HcstackBANK0                   cstackBANK0  000000
__HcstackCOMRAM                  cstackCOMRAM 000000
__Hdata                          data         000000
__Heeprom_data                   eeprom_data  000000
__Hend_init                      end_init     00001C
__Hfarbss                        farbss       000000
__Hfardata                       fardata      000000
__Hibigdata                      ibigdata     000000
__Hidata                         idata        000000
__Hidloc                         idloc        200008
__Hifardata                      ifardata     000000
__Hinit                          init         000018
__Hintcode                       intcode      000018
__Hintcode_body                  intcode_body 000000
__Hintcodelo                     intcodelo    000018
__Hintentry                      intentry     000000
__Hintret                        intret       000000
__Hintsave_regs                  intsave_regs 000000
__Hirdata                        irdata       000000
__Hmediumconst                   mediumconst  000000
__HnvBANK0                       nvBANK0      000000
__HnvBANK1                       nvBANK1      000000
__HnvCOMRAM                      nvCOMRAM     000000
__Hnvbit                         nvbit        000000
__Hnvrram                        nvrram       000000
__Hparam                         rparam       000000
__Hpowerup                       powerup      000018
__Hram                           ram          000000
__Hramtop                        ramtop       000D00
__Hrbit                          rbit         000000
__Hrbss                          rbss         000000
__Hrdata                         rdata        000000
__Hreset_vec                     reset_vec    000004
__Hrparam                        rparam       000000
__Hsfr                           sfr          000000
__Hsmallconst                    smallconst   000D4C
__Hstruct                        struct       000000
__Htemp                          temp         000000
__Htext                          text         000000
__Htext0                         text0        000000
__Htext1                         text1        000000
__Htext10                        text10       000000
__Htext11                        text11       000000
__Htext12                        text12       000000
__Htext13                        text13       000000
__Htext14                        text14       000000
__Htext15                        text15       000000
__Htext16                        text16       000000
__Htext17                        text17       000000
__Htext18                        text18       000000
__Htext19                        text19       000000
__Htext2                         text2        000000
__Htext20                        text20       000000
__Htext21                        text21       000000
__Htext22                        text22       000000
__Htext23                        text23       000000
__Htext24                        text24       000000
__Htext25                        text25       000000
__Htext3                         text3        000000
__Htext4                         text4        000000
__Htext5                         text5        000000
__Htext6                         text6        000000
__Htext7                         text7        000000
__Htext9                         text9        000000
__LRAM                           (abs)        000001
__Labs1                          abs1         000000
__Lbank0                         bank0        000000
__Lbank1                         bank1        000000
__Lbank10                        bank10       000000
__Lbank11                        bank11       000000
__Lbank12                        bank12       000000
__Lbank2                         bank2        000000
__Lbank3                         bank3        000000
__Lbank4                         bank4        000000
__Lbank5                         bank5        000000
__Lbank6                         bank6        000000
__Lbank7                         bank7        000000
__Lbank8                         bank8        000000
__Lbank9                         bank9        000000
__Lbigbss                        bigbss       000000
__Lbigdata                       bigdata      000000
__Lbigram                        bigram       000000
__Lbss                           bss          000000
__LbssBANK1                      bssBANK1     000000
__LbssBANK2                      bssBANK2     000000
__LbssBANK3                      bssBANK3     000000
__LbssBANK4                      bssBANK4     000000
__LbssBANK5                      bssBANK5     000000
__LbssBANK6                      bssBANK6     000000
__LbssBANK7                      bssBANK7     000000
__LbssBANK8                      bssBANK8     000000
__LbssBANK9                      bssBANK9     000000
__LbssCOMRAM                     bssCOMRAM    000000
__Lcinit                         cinit        000000
__Lclrtext                       clrtext      000000
__Lcomram                        comram       000000
__Lconfig                        config       300000
__Lconst                         const        000000
__LcstackBANK0                   cstackBANK0  000000
__LcstackCOMRAM                  cstackCOMRAM 000000
__Ldata                          data         000000
__Leeprom_data                   eeprom_data  000000
__Lend_init                      end_init     000018
__Lfarbss                        farbss       000000
__Lfardata                       fardata      000000
__Libigdata                      ibigdata     000000
__Lidata                         idata        000000
__Lidloc                         idloc        200000
__Lifardata                      ifardata     000000
__Linit                          init         000018
__Lintcode                       intcode      000008
__Lintcode_body                  intcode_body 000000
__Lintcodelo                     intcodelo    000018
__Lintentry                      intentry     000000
__Lintret                        intret       000000
__Lintsave_regs                  intsave_regs 000000
__Lirdata                        irdata       000000
__Lmediumconst                   mediumconst  000000
__LnvBANK0                       nvBANK0      000000
__LnvBANK1                       nvBANK1      000000
__LnvCOMRAM                      nvCOMRAM     000000
__Lnvbit                         nvbit        000000
__Lnvrram                        nvrram       000000
__Lparam                         rparam       000000
__Lpowerup                       powerup      000018
__Lram                           ram          000000
__Lramtop                        ramtop       000D00
__Lrbit                          rbit         000000
__Lrbss                          rbss         000000
__Lrdata                         rdata        000000
__Lreset_vec                     reset_vec    000000
__Lrparam                        rparam       000000
__Lsfr                           sfr          000000
__Lsmallconst                    smallconst   000D00
__Lstruct                        struct       000000
__Ltemp                          temp         000000
__Ltext                          text         000000
__Ltext0                         text0        000000
__Ltext1                         text1        000000
__Ltext10                        text10       000000
__Ltext11                        text11       000000
__Ltext12                        text12       000000
__Ltext13                        text13       000000
__Ltext14                        text14       000000
__Ltext15                        text15       000000
__Ltext16                        text16       000000
__Ltext17                        text17       000000
__Ltext18                        text18       000000
__Ltext19                        text19       000000
__Ltext2                         text2        000000
__Ltext20                        text20       000000
__Ltext21                        text21       000000
__Ltext22                        text22       000000
__Ltext23                        text23       000000
__Ltext24                        text24       000000
__Ltext25                        text25       000000
__Ltext3                         text3        000000
__Ltext4                         text4        000000
__Ltext5                         text5        000000
__Ltext6                         text6        000000
__Ltext7                         text7        000000
__Ltext9                         text9        000000
__S0                             (abs)        30000E
__S1                             (abs)        0009C8
___awmod                         text23       001286
___awmod@counter                 cstackCOMRAM 000048
___awmod@dividend                cstackCOMRAM 000044
___awmod@divisor                 cstackCOMRAM 000046
___awmod@sign                    cstackCOMRAM 000049
__accesstop                      (abs)        000060
__activetblptr                   (abs)        000003
__end_of_Async                   text14       00115E
__end_of_AsyncBegin              text1        00173C
__end_of_AsyncTick               text9        001286
__end_of_IntervalTick            text18       0010AC
__end_of_JWireOnInterrupt        text10       000EC6
__end_of_MacawBegin              text2        001752
__end_of_OnIntervalInterrupt     text12       00172A
__end_of_OnSerialInterrupt       text13       001552
__end_of_SerialWriteInterrupt    text16       0014F4
__end_of_SetInterval             text5        001390
__end_of_SuperSimpleSerialBegin  text3        001714
__end_of_TryToHelp               text21       0015A8
__end_of_WireBegin               text7        001696
__end_of_WireOnInterrupt         text11       000FE0
__end_of_WireSend                text20       0011F8
__end_of___awmod                 text23       00130C
__end_of__initialization         cinit        001408
__end_of__stringdata             smallconst   000D4A
__end_of_main                    text1        00172A
__end_of_master                  text19       00166C
__end_of_memcpy                  text22       001636
__end_of_onFinishedI2C           text17       0016DA
__end_of_onInterrupt             intcode_body 00148A
__end_of_onLoop                  text6        001754
__end_of_onSetup                 text4        0016F8
__end_of_strcpy2                 text15       0015F2
__end_ofi2_AsyncBegin            text24       00174E
__initialization                 cinit        001390
__mediumconst                    mediumconst  000000
__pbssBANK1                      bssBANK1     00016C
__pbssBANK2                      bssBANK2     000200
__pbssBANK3                      bssBANK3     000300
__pbssBANK4                      bssBANK4     000400
__pbssBANK5                      bssBANK5     000500
__pbssBANK6                      bssBANK6     000600
__pbssBANK7                      bssBANK7     000700
__pbssBANK8                      bssBANK8     000800
__pbssBANK9                      bssBANK9     000900
__pbssCOMRAM                     bssCOMRAM    000001
__pcinit                         cinit        001390
__pcstackBANK0                   cstackBANK0  0000CC
__pcstackCOMRAM                  cstackCOMRAM 000044
__pintcode                       intcode      000008
__pintcode_body                  intcode_body 00140E
__pnvBANK0                       nvBANK0      000060
__pnvBANK1                       nvBANK1      000100
__pnvCOMRAM                      nvCOMRAM     00005C
__psmallconst                    smallconst   000D00
__ptext0                         text0        001696
__ptext1                         text1        00172A
__ptext10                        text10       000D4C
__ptext11                        text11       000EC6
__ptext12                        text12       001714
__ptext13                        text13       0014F4
__ptext14                        text14       0010AC
__ptext15                        text15       0015A8
__ptext16                        text16       00148A
__ptext17                        text17       0016BA
__ptext18                        text18       000FE0
__ptext19                        text19       001636
__ptext2                         text2        00174E
__ptext20                        text20       00115E
__ptext21                        text21       001552
__ptext22                        text22       0015F2
__ptext23                        text23       001286
__ptext24                        text24       00173C
__ptext25                        text25       000000
__ptext3                         text3        0016F8
__ptext4                         text4        0016DA
__ptext5                         text5        00130C
__ptext6                         text6        001752
__ptext7                         text7        00166C
__ptext9                         text9        0011F8
__ramtop                         ramtop       000D00
__size_of_Async                  (abs)        000000
__size_of_AsyncBegin             (abs)        000000
__size_of_AsyncTick              (abs)        000000
__size_of_IntervalTick           (abs)        000000
__size_of_JWireOnInterrupt       (abs)        000000
__size_of_MacawBegin             (abs)        000000
__size_of_OnIntervalInterrupt    (abs)        000000
__size_of_OnSerialInterrupt      (abs)        000000
__size_of_SerialWriteInterrupt   (abs)        000000
__size_of_SetInterval            (abs)        000000
__size_of_SuperSimpleSerialBegin (abs)        000000
__size_of_TryToHelp              (abs)        000000
__size_of_WireBegin              (abs)        000000
__size_of_WireOnInterrupt        (abs)        000000
__size_of_WireSend               (abs)        000000
__size_of___awmod                (abs)        000000
__size_of_main                   (abs)        000000
__size_of_master                 (abs)        000000
__size_of_memcpy                 (abs)        000000
__size_of_onFinishedI2C          (abs)        000000
__size_of_onInterrupt            (abs)        000000
__size_of_onLoop                 (abs)        000000
__size_of_onSetup                (abs)        000000
__size_of_strcpy2                (abs)        000000
__size_ofi2_AsyncBegin           (abs)        000000
__smallconst                     smallconst   000D00
__stringdata                     smallconst   000D00
_buffer                          bssBANK1     00016C
_bufferPosition                  bssCOMRAM    00000F
_bufferReadPos                   bssCOMRAM    000011
_bufferSerial                    bssBANK2     000200
_bufferWritePos                  bssCOMRAM    000013
_callback                        bssCOMRAM    000015
_callbackA                       bssCOMRAM    000017
_callbackAString                 bssBANK3     000300
_callbackB                       bssCOMRAM    000019
_callbackBString                 bssBANK3     000364
_callbackC                       bssCOMRAM    00001B
_callbackCString                 bssBANK4     000400
_callbackD                       bssCOMRAM    00001D
_callbackDString                 bssBANK4     000464
_isDoneTransmitting              bssCOMRAM    00001F
_jWireEnabled                    bssCOMRAM    000021
_locked                          bssCOMRAM    000023
_main                            text0        001696
_master                          text19       001636
_memcpy                          text22       0015F2
_onFinishedI2C                   text17       0016BA
_onInterrupt                     intcode      000008
_onLoop                          text6        001752
_onSetup                         text4        0016DA
_personBeingHelped               bssCOMRAM    000025
_receiveCallback                 bssCOMRAM    000027
_requestCallback                 bssCOMRAM    000029
_result                          bssBANK7     000700
_state                           bssCOMRAM    00002B
_strcpy2                         text15       0015A8
_tempBuffer                      bssBANK9     000900
_wireMasterEnabled               nvCOMRAM     00005C
_wireSendA                       nvBANK0      000060
_wireSendB                       nvBANK1      000100
_writeBuffer                     bssBANK2     000264
_writeBufferPosition             bssCOMRAM    00002D
end_of_initialization            cinit        001408
i2_AsyncBegin                    text24       00173C
int_func                         intcode_body 00140E
interval@callbackA               bssCOMRAM    000001
interval@callbackB               bssCOMRAM    000005
interval@callbackC               bssCOMRAM    000009
intlevel0                        text         000000
intlevel1                        text         000000
intlevel2                        text         000000
intlevel3                        text         000000
master@output                    bssBANK5     000500
memcpy@d                         cstackCOMRAM 00004A
memcpy@d1                        cstackCOMRAM 000044
memcpy@n                         cstackCOMRAM 000048
memcpy@s                         cstackCOMRAM 00004C
memcpy@s1                        cstackCOMRAM 000046
onFinishedI2C@i                  cstackCOMRAM 000044
start                            init         000018
start_initialization             cinit        001390
strcpy2@dest                     cstackCOMRAM 000044
strcpy2@loc                      cstackCOMRAM 000046


FUNCTION INFORMATION:

 *************** function _main *****************
 Defined at:
		line 26 in file "jspic.c"
 Parameters:    Size  Location     Type
		None
 Auto vars:     Size  Location     Type
		None
 Return value:  Size  Location     Type
                  2  170[COMRAM] int 
 Registers used:
		wreg, status,2, status,0, cstack
 Tracked objects:
		On entry : 
		On exit  : 
		Unchanged: 
 Data sizes:     COMRAM   BANK0   BANK1   BANK2   BANK3   BANK4   BANK5   BANK6   BANK7   BANK8   BANK9  BANK10  BANK11  BANK12
      Params:         0       0       0       0       0       0       0       0       0       0       0       0       0       0
      Locals:         0       0       0       0       0       0       0       0       0       0       0       0       0       0
      Temps:          0       0       0       0       0       0       0       0       0       0       0       0       0       0
      Totals:         0       0       0       0       0       0       0       0       0       0       0       0       0       0
Total ram usage:        0 bytes
 Hardware stack levels required when called:    8
 This function calls:
		_MacawBegin
		_SuperSimpleSerialBegin
		_AsyncBegin
		_onSetup
		_onLoop
 This function is called by:
		Startup code after reset
 This function uses a non-reentrant model


 *************** function _AsyncBegin *****************
 Defined at:
		line 63 in file "async.c"
 Parameters:    Size  Location     Type
		None
 Auto vars:     Size  Location     Type
		None
 Return value:  Size  Location     Type
		None               void
 Registers used:
		None
 Tracked objects:
		On entry : 
		On exit  : 
		Unchanged: 
 Data sizes:     COMRAM   BANK0   BANK1   BANK2   BANK3   BANK4   BANK5   BANK6   BANK7   BANK8   BANK9  BANK10  BANK11  BANK12
      Params:         0       0       0       0       0       0       0       0       0       0       0       0       0       0
      Locals:         0       0       0       0       0       0       0       0       0       0       0       0       0       0
      Temps:          0       0       0       0       0       0       0       0       0       0       0       0       0       0
      Totals:         0       0       0       0       0       0       0       0       0       0       0       0       0       0
Total ram usage:        0 bytes
 Hardware stack levels used:    1
 Hardware stack levels required when called:    6
 This function calls:
		Nothing
 This function is called by:
		_main
 This function uses a non-reentrant model


 *************** function _MacawBegin *****************
 Defined at:
		line 3 in file "macaw.c"
 Parameters:    Size  Location     Type
		None
 Auto vars:     Size  Location     Type
		None
 Return value:  Size  Location     Type
		None               void
 Registers used:
		None
 Tracked objects:
		On entry : 
		On exit  : 
		Unchanged: 
 Data sizes:     COMRAM   BANK0   BANK1   BANK2   BANK3   BANK4   BANK5   BANK6   BANK7   BANK8   BANK9  BANK10  BANK11  BANK12
      Params:         0       0       0       0       0       0       0       0       0       0       0       0       0       0
      Locals:         0       0       0       0       0       0       0       0       0       0       0       0       0       0
      Temps:          0       0       0       0       0       0       0       0       0       0       0       0       0       0
      Totals:         0       0       0       0       0       0       0       0       0       0       0       0       0       0
Total ram usage:        0 bytes
 Hardware stack levels used:    1
 Hardware stack levels required when called:    6
 This function calls:
		Nothing
 This function is called by:
		_main
 This function uses a non-reentrant model


 *************** function _SuperSimpleSerialBegin *****************
 Defined at:
		line 3 in file "superSimpleSerial.c"
 Parameters:    Size  Location     Type
		None
 Auto vars:     Size  Location     Type
		None
 Return value:  Size  Location     Type
		None               void
 Registers used:
		wreg, status,2
 Tracked objects:
		On entry : 
		On exit  : 
		Unchanged: 
 Data sizes:     COMRAM   BANK0   BANK1   BANK2   BANK3   BANK4   BANK5   BANK6   BANK7   BANK8   BANK9  BANK10  BANK11  BANK12
      Params:         0       0       0       0       0       0       0       0       0       0       0       0       0       0
      Locals:         0       0       0       0       0       0       0       0       0       0       0       0       0       0
      Temps:          0       0       0       0       0       0       0       0       0       0       0       0       0       0
      Totals:         0       0       0       0       0       0       0       0       0       0       0       0       0       0
Total ram usage:        0 bytes
 Hardware stack levels used:    1
 Hardware stack levels required when called:    6
 This function calls:
		Nothing
 This function is called by:
		_main
 This function uses a non-reentrant model


 *************** function _onSetup *****************
 Defined at:
		line 21 in file "main.c"
 Parameters:    Size  Location     Type
		None
 Auto vars:     Size  Location     Type
		None
 Return value:  Size  Location     Type
		None               void
 Registers used:
		wreg, status,2, status,0, cstack
 Tracked objects:
		On entry : 
		On exit  : 
		Unchanged: 
 Data sizes:     COMRAM   BANK0   BANK1   BANK2   BANK3   BANK4   BANK5   BANK6   BANK7   BANK8   BANK9  BANK10  BANK11  BANK12
      Params:         0       0       0       0       0       0       0       0       0       0       0       0       0       0
      Locals:         0       0       0       0       0       0       0       0       0       0       0       0       0       0
      Temps:          0       0       0       0       0       0       0       0       0       0       0       0       0       0
      Totals:         0       0       0       0       0       0       0       0       0       0       0       0       0       0
Total ram usage:        0 bytes
 Hardware stack levels used:    1
 Hardware stack levels required when called:    7
 This function calls:
		_WireBegin
		_SetInterval
 This function is called by:
		_main
 This function uses a non-reentrant model


 *************** function _SetInterval *****************
 Defined at:
		line 34 in file "interval.c"
 Parameters:    Size  Location     Type
  delayInMs       2    0[BANK0 ] int 
  callbackToUs    2    2[BANK0 ] PTR FTN()void 
		 -> master(0), 
 Auto vars:     Size  Location     Type
		None
 Return value:  Size  Location     Type
		None               void
 Registers used:
		wreg, status,2, status,0
 Tracked objects:
		On entry : 
		On exit  : 
		Unchanged: 
 Data sizes:     COMRAM   BANK0   BANK1   BANK2   BANK3   BANK4   BANK5   BANK6   BANK7   BANK8   BANK9  BANK10  BANK11  BANK12
      Params:         0       4       0       0       0       0       0       0       0       0       0       0       0       0
      Locals:         0       0       0       0       0       0       0       0       0       0       0       0       0       0
      Temps:          0       0       0       0       0       0       0       0       0       0       0       0       0       0
      Totals:         0       4       0       0       0       0       0       0       0       0       0       0       0       0
Total ram usage:        4 bytes
 Hardware stack levels used:    1
 Hardware stack levels required when called:    6
 This function calls:
		Nothing
 This function is called by:
		_onSetup
 This function uses a non-reentrant model


 *************** function _onLoop *****************
 Defined at:
		line 32 in file "main.c"
 Parameters:    Size  Location     Type
		None
 Auto vars:     Size  Location     Type
		None
 Return value:  Size  Location     Type
		None               void
 Registers used:
		None
 Tracked objects:
		On entry : 
		On exit  : 
		Unchanged: 
 Data sizes:     COMRAM   BANK0   BANK1   BANK2   BANK3   BANK4   BANK5   BANK6   BANK7   BANK8   BANK9  BANK10  BANK11  BANK12
      Params:         0       0       0       0       0       0       0       0       0       0       0       0       0       0
      Locals:         0       0       0       0       0       0       0       0       0       0       0       0       0       0
      Temps:          0       0       0       0       0       0       0       0       0       0       0       0       0       0
      Totals:         0       0       0       0       0       0       0       0       0       0       0       0       0       0
Total ram usage:        0 bytes
 Hardware stack levels used:    1
 Hardware stack levels required when called:    6
 This function calls:
		Nothing
 This function is called by:
		_main
 This function uses a non-reentrant model


 *************** function _WireBegin *****************
 Defined at:
		line 29 in file "wireMaster.c"
 Parameters:    Size  Location     Type
		None
 Auto vars:     Size  Location     Type
		None
 Return value:  Size  Location     Type
		None               void
 Registers used:
		wreg, status,2, status,0
 Tracked objects:
		On entry : 
		On exit  : 
		Unchanged: 
 Data sizes:     COMRAM   BANK0   BANK1   BANK2   BANK3   BANK4   BANK5   BANK6   BANK7   BANK8   BANK9  BANK10  BANK11  BANK12
      Params:         0       0       0       0       0       0       0       0       0       0       0       0       0       0
      Locals:         0       0       0       0       0       0       0       0       0       0       0       0       0       0
      Temps:          0       0       0       0       0       0       0       0       0       0       0       0       0       0
      Totals:         0       0       0       0       0       0       0       0       0       0       0       0       0       0
Total ram usage:        0 bytes
 Hardware stack levels used:    1
 Hardware stack levels required when called:    6
 This function calls:
		Nothing
 This function is called by:
		_onSetup
 This function uses a non-reentrant model


 *************** function _onInterrupt *****************
 Defined at:
		line 3 in file "interrupts.c"
 Parameters:    Size  Location     Type
		None
 Auto vars:     Size  Location     Type
		None
 Return value:  Size  Location     Type
		None               void
 Registers used:
		wreg, fsr1l, fsr1h, fsr2l, fsr2h, status,2, status,0, pclat, tosl, cstack
 Tracked objects:
		On entry : 
		On exit  : 
		Unchanged: 
 Data sizes:     COMRAM   BANK0   BANK1   BANK2   BANK3   BANK4   BANK5   BANK6   BANK7   BANK8   BANK9  BANK10  BANK11  BANK12
      Params:         0       0       0       0       0       0       0       0       0       0       0       0       0       0
      Locals:         0       0       0       0       0       0       0       0       0       0       0       0       0       0
      Temps:          6       0       0       0       0       0       0       0       0       0       0       0       0       0
      Totals:         6       0       0       0       0       0       0       0       0       0       0       0       0       0
Total ram usage:        6 bytes
 Hardware stack levels used:    1
 Hardware stack levels required when called:    5
 This function calls:
		_JWireOnInterrupt
		_WireOnInterrupt
		_OnIntervalInterrupt
		_OnSerialInterrupt
		_SerialWriteInterrupt
		_AsyncTick
 This function is called by:
		Interrupt level 2
 This function uses a non-reentrant model


 *************** function _AsyncTick *****************
 Defined at:
		line 37 in file "async.c"
 Parameters:    Size  Location     Type
		None
 Auto vars:     Size  Location     Type
		None
 Return value:  Size  Location     Type
		None               void
 Registers used:
		wreg, fsr1l, fsr1h, fsr2l, fsr2h, status,2, status,0, pclat, tosl, cstack
 Tracked objects:
		On entry : 
		On exit  : 
		Unchanged: 
 Data sizes:     COMRAM   BANK0   BANK1   BANK2   BANK3   BANK4   BANK5   BANK6   BANK7   BANK8   BANK9  BANK10  BANK11  BANK12
      Params:         0       0       0       0       0       0       0       0       0       0       0       0       0       0
      Locals:         0       0       0       0       0       0       0       0       0       0       0       0       0       0
      Temps:          0       0       0       0       0       0       0       0       0       0       0       0       0       0
      Totals:         0       0       0       0       0       0       0       0       0       0       0       0       0       0
Total ram usage:        0 bytes
 Hardware stack levels used:    1
 Hardware stack levels required when called:    4
 This function calls:
		_onFinishedI2C
		_IntervalTick
		Absolute function
		i2_AsyncBegin
 This function is called by:
		_onInterrupt
 This function uses a non-reentrant model


 *************** function _JWireOnInterrupt *****************
 Defined at:
		line 25 in file "jwire.c"
 Parameters:    Size  Location     Type
		None
 Auto vars:     Size  Location     Type
  data            2    8[COMRAM] int 
  addr            2    0        int 
 Return value:  Size  Location     Type
		None               void
 Registers used:
		wreg, fsr1l, fsr1h, fsr2l, fsr2h, status,2, status,0, pclat, tosl, cstack
 Tracked objects:
		On entry : 
		On exit  : 
		Unchanged: 
 Data sizes:     COMRAM   BANK0   BANK1   BANK2   BANK3   BANK4   BANK5   BANK6   BANK7   BANK8   BANK9  BANK10  BANK11  BANK12
      Params:         0       0       0       0       0       0       0       0       0       0       0       0       0       0
      Locals:         2       0       0       0       0       0       0       0       0       0       0       0       0       0
      Temps:          0       0       0       0       0       0       0       0       0       0       0       0       0       0
      Totals:         2       0       0       0       0       0       0       0       0       0       0       0       0       0
Total ram usage:        2 bytes
 Hardware stack levels used:    1
 Hardware stack levels required when called:    2
 This function calls:
		_Async
		Absolute function
 This function is called by:
		_onInterrupt
 This function uses a non-reentrant model


 *************** function _WireOnInterrupt *****************
 Defined at:
		line 89 in file "wireMaster.c"
 Parameters:    Size  Location     Type
		None
 Auto vars:     Size  Location     Type
		None
 Return value:  Size  Location     Type
		None               void
 Registers used:
		wreg, fsr1l, fsr1h, fsr2l, fsr2h, status,2, status,0, cstack
 Tracked objects:
		On entry : 
		On exit  : 
		Unchanged: 
 Data sizes:     COMRAM   BANK0   BANK1   BANK2   BANK3   BANK4   BANK5   BANK6   BANK7   BANK8   BANK9  BANK10  BANK11  BANK12
      Params:         0       0       0       0       0       0       0       0       0       0       0       0       0       0
      Locals:         0       0       0       0       0       0       0       0       0       0       0       0       0       0
      Temps:          4       0       0       0       0       0       0       0       0       0       0       0       0       0
      Totals:         4       0       0       0       0       0       0       0       0       0       0       0       0       0
Total ram usage:        4 bytes
 Hardware stack levels used:    1
 Hardware stack levels required when called:    2
 This function calls:
		_Async
		_TryToHelp
 This function is called by:
		_onInterrupt
 This function uses a non-reentrant model


 *************** function _OnIntervalInterrupt *****************
 Defined at:
		line 29 in file "interval.c"
 Parameters:    Size  Location     Type
		None
 Auto vars:     Size  Location     Type
		None
 Return value:  Size  Location     Type
		None               void
 Registers used:
		wreg, fsr1l, fsr1h, fsr2l, fsr2h, status,2, status,0, cstack
 Tracked objects:
		On entry : 
		On exit  : 
		Unchanged: 
 Data sizes:     COMRAM   BANK0   BANK1   BANK2   BANK3   BANK4   BANK5   BANK6   BANK7   BANK8   BANK9  BANK10  BANK11  BANK12
      Params:         0       0       0       0       0       0       0       0       0       0       0       0       0       0
      Locals:         0       0       0       0       0       0       0       0       0       0       0       0       0       0
      Temps:          0       0       0       0       0       0       0       0       0       0       0       0       0       0
      Totals:         0       0       0       0       0       0       0       0       0       0       0       0       0       0
Total ram usage:        0 bytes
 Hardware stack levels used:    1
 Hardware stack levels required when called:    2
 This function calls:
		_Async
 This function is called by:
		_onInterrupt
 This function uses a non-reentrant model


 *************** function _OnSerialInterrupt *****************
 Defined at:
		line 12 in file "serial.c"
 Parameters:    Size  Location     Type
		None
 Auto vars:     Size  Location     Type
  data            1    8[COMRAM] unsigned char 
  err             1    0        unsigned char 
 Return value:  Size  Location     Type
		None               void
 Registers used:
		wreg, fsr1l, fsr1h, fsr2l, fsr2h, status,2, status,0, cstack
 Tracked objects:
		On entry : 
		On exit  : 
		Unchanged: 
 Data sizes:     COMRAM   BANK0   BANK1   BANK2   BANK3   BANK4   BANK5   BANK6   BANK7   BANK8   BANK9  BANK10  BANK11  BANK12
      Params:         0       0       0       0       0       0       0       0       0       0       0       0       0       0
      Locals:         1       0       0       0       0       0       0       0       0       0       0       0       0       0
      Temps:          0       0       0       0       0       0       0       0       0       0       0       0       0       0
      Totals:         1       0       0       0       0       0       0       0       0       0       0       0       0       0
Total ram usage:        1 bytes
 Hardware stack levels used:    1
 Hardware stack levels required when called:    2
 This function calls:
		_Async
 This function is called by:
		_onInterrupt
 This function uses a non-reentrant model


 *************** function _Async *****************
 Defined at:
		line 20 in file "async.c"
 Parameters:    Size  Location     Type
  function        2    4[COMRAM] PTR FTN()void 
		 -> onFinishedI2C(0), IntervalTick(0), Absolute function(0), 
  string          2    6[COMRAM] PTR unsigned char 
		 -> bufferSerial(100), buffer(100), NULL(0), 
 Auto vars:     Size  Location     Type
		None
 Return value:  Size  Location     Type
		None               void
 Registers used:
		wreg, fsr1l, fsr1h, fsr2l, fsr2h, status,2, status,0, cstack
 Tracked objects:
		On entry : 
		On exit  : 
		Unchanged: 
 Data sizes:     COMRAM   BANK0   BANK1   BANK2   BANK3   BANK4   BANK5   BANK6   BANK7   BANK8   BANK9  BANK10  BANK11  BANK12
      Params:         4       0       0       0       0       0       0       0       0       0       0       0       0       0
      Locals:         0       0       0       0       0       0       0       0       0       0       0       0       0       0
      Temps:          0       0       0       0       0       0       0       0       0       0       0       0       0       0
      Totals:         4       0       0       0       0       0       0       0       0       0       0       0       0       0
Total ram usage:        4 bytes
 Hardware stack levels used:    1
 Hardware stack levels required when called:    1
 This function calls:
		_strcpy2
 This function is called by:
		_OnIntervalInterrupt
		_JWireOnInterrupt
		_OnSerialInterrupt
		_WireOnInterrupt
 This function uses a non-reentrant model


 *************** function _strcpy2 *****************
 Defined at:
		line 3 in file "string2.c"
 Parameters:    Size  Location     Type
  dest            2    0[COMRAM] PTR unsigned char 
		 -> tempBuffer(200), buffer(100), KEY_COLON_SPACE(200), callbackDString(100), 
		 -> callbackCString(100), callbackBString(100), callbackAString(100), 
  loc             2    2[COMRAM] PTR const unsigned char 
		 -> tempBuffer(200), bufferSerial(100), buffer(100), result(200), 
		 -> NULL(0), 
 Auto vars:     Size  Location     Type
		None
 Return value:  Size  Location     Type
		None               void
 Registers used:
		wreg, fsr1l, fsr1h, fsr2l, fsr2h, status,2, status,0
 Tracked objects:
		On entry : 
		On exit  : 
		Unchanged: 
 Data sizes:     COMRAM   BANK0   BANK1   BANK2   BANK3   BANK4   BANK5   BANK6   BANK7   BANK8   BANK9  BANK10  BANK11  BANK12
      Params:         4       0       0       0       0       0       0       0       0       0       0       0       0       0
      Locals:         0       0       0       0       0       0       0       0       0       0       0       0       0       0
      Temps:          0       0       0       0       0       0       0       0       0       0       0       0       0       0
      Totals:         4       0       0       0       0       0       0       0       0       0       0       0       0       0
Total ram usage:        4 bytes
 Hardware stack levels used:    1
 This function calls:
		Nothing
 This function is called by:
		_Async
		_JsonGetString
 This function uses a non-reentrant model


 *************** function _SerialWriteInterrupt *****************
 Defined at:
		line 86 in file "serial.c"
 Parameters:    Size  Location     Type
		None
 Auto vars:     Size  Location     Type
		None
 Return value:  Size  Location     Type
		None               void
 Registers used:
		wreg, fsr2l, fsr2h, status,2, status,0
 Tracked objects:
		On entry : 
		On exit  : 
		Unchanged: 
 Data sizes:     COMRAM   BANK0   BANK1   BANK2   BANK3   BANK4   BANK5   BANK6   BANK7   BANK8   BANK9  BANK10  BANK11  BANK12
      Params:         0       0       0       0       0       0       0       0       0       0       0       0       0       0
      Locals:         0       0       0       0       0       0       0       0       0       0       0       0       0       0
      Temps:          0       0       0       0       0       0       0       0       0       0       0       0       0       0
      Totals:         0       0       0       0       0       0       0       0       0       0       0       0       0       0
Total ram usage:        0 bytes
 Hardware stack levels used:    1
 This function calls:
		Nothing
 This function is called by:
		_onInterrupt
 This function uses a non-reentrant model


 *************** function _onFinishedI2C *****************
 Defined at:
		line 4 in file "main.c"
 Parameters:    Size  Location     Type
		None
 Auto vars:     Size  Location     Type
  i               2    0[COMRAM] int 
 Return value:  Size  Location     Type
		None               void
 Registers used:
		wreg, status,2, status,0
 Tracked objects:
		On entry : 
		On exit  : 
		Unchanged: 
 Data sizes:     COMRAM   BANK0   BANK1   BANK2   BANK3   BANK4   BANK5   BANK6   BANK7   BANK8   BANK9  BANK10  BANK11  BANK12
      Params:         0       0       0       0       0       0       0       0       0       0       0       0       0       0
      Locals:         2       0       0       0       0       0       0       0       0       0       0       0       0       0
      Temps:          0       0       0       0       0       0       0       0       0       0       0       0       0       0
      Totals:         2       0       0       0       0       0       0       0       0       0       0       0       0       0
Total ram usage:        2 bytes
 Hardware stack levels used:    1
 This function calls:
		Nothing
 This function is called by:
		_master
		_AsyncTick
 This function uses a non-reentrant model


 *************** function _IntervalTick *****************
 Defined at:
		line 14 in file "interval.c"
 Parameters:    Size  Location     Type
		None
 Auto vars:     Size  Location     Type
		None
 Return value:  Size  Location     Type
		None               void
 Registers used:
		wreg, fsr1l, fsr1h, fsr2l, fsr2h, status,2, status,0, pclat, tosl, cstack
 Tracked objects:
		On entry : 
		On exit  : 
		Unchanged: 
 Data sizes:     COMRAM   BANK0   BANK1   BANK2   BANK3   BANK4   BANK5   BANK6   BANK7   BANK8   BANK9  BANK10  BANK11  BANK12
      Params:         0       0       0       0       0       0       0       0       0       0       0       0       0       0
      Locals:         0       0       0       0       0       0       0       0       0       0       0       0       0       0
      Temps:          0       0       0       0       0       0       0       0       0       0       0       0       0       0
      Totals:         0       0       0       0       0       0       0       0       0       0       0       0       0       0
Total ram usage:        0 bytes
 Hardware stack levels used:    1
 Hardware stack levels required when called:    3
 This function calls:
		___awmod
		_master
		Absolute function
 This function is called by:
		_OnIntervalInterrupt
		_AsyncTick
 This function uses a non-reentrant model


 *************** function _master *****************
 Defined at:
		line 10 in file "main.c"
 Parameters:    Size  Location     Type
		None
 Auto vars:     Size  Location     Type
		None
 Return value:  Size  Location     Type
		None               void
 Registers used:
		wreg, fsr1l, fsr1h, fsr2l, fsr2h, status,2, status,0, cstack
 Tracked objects:
		On entry : 
		On exit  : 
		Unchanged: 
 Data sizes:     COMRAM   BANK0   BANK1   BANK2   BANK3   BANK4   BANK5   BANK6   BANK7   BANK8   BANK9  BANK10  BANK11  BANK12
      Params:         0       0       0       0       0       0       0       0       0       0       0       0       0       0
      Locals:         0       0       0       0       0       0       0       0       0       0       0       0       0       0
      Temps:          0       0       0       0       0       0       0       0       0       0       0       0       0       0
      Totals:         0       0       0       0       0       0       0       0       0       0       0       0       0       0
Total ram usage:        0 bytes
 Hardware stack levels used:    1
 Hardware stack levels required when called:    2
 This function calls:
		_WireSend
 This function is called by:
		_onSetup
		_IntervalTick
 This function uses a non-reentrant model


 *************** function _WireSend *****************
 Defined at:
		line 66 in file "wireMaster.c"
 Parameters:    Size  Location     Type
  address         2   10[COMRAM] int 
  data            2   12[COMRAM] PTR unsigned char 
		 -> master@output(150), 
  len             2   14[COMRAM] int 
  callback        2   16[COMRAM] PTR FTN()void 
		 -> onFinishedI2C(0), 
 Auto vars:     Size  Location     Type
		None
 Return value:  Size  Location     Type
		None               void
 Registers used:
		wreg, fsr1l, fsr1h, fsr2l, fsr2h, status,2, status,0, cstack
 Tracked objects:
		On entry : 
		On exit  : 
		Unchanged: 
 Data sizes:     COMRAM   BANK0   BANK1   BANK2   BANK3   BANK4   BANK5   BANK6   BANK7   BANK8   BANK9  BANK10  BANK11  BANK12
      Params:         8       0       0       0       0       0       0       0       0       0       0       0       0       0
      Locals:         0       0       0       0       0       0       0       0       0       0       0       0       0       0
      Temps:          0       0       0       0       0       0       0       0       0       0       0       0       0       0
      Totals:         8       0       0       0       0       0       0       0       0       0       0       0       0       0
Total ram usage:        8 bytes
 Hardware stack levels used:    1
 Hardware stack levels required when called:    1
 This function calls:
		_memcpy
		_TryToHelp
 This function is called by:
		_master
 This function uses a non-reentrant model


 *************** function _TryToHelp *****************
 Defined at:
		line 46 in file "wireMaster.c"
 Parameters:    Size  Location     Type
		None
 Auto vars:     Size  Location     Type
		None
 Return value:  Size  Location     Type
		None               void
 Registers used:
		wreg, status,2, status,0
 Tracked objects:
		On entry : 
		On exit  : 
		Unchanged: 
 Data sizes:     COMRAM   BANK0   BANK1   BANK2   BANK3   BANK4   BANK5   BANK6   BANK7   BANK8   BANK9  BANK10  BANK11  BANK12
      Params:         0       0       0       0       0       0       0       0       0       0       0       0       0       0
      Locals:         0       0       0       0       0       0       0       0       0       0       0       0       0       0
      Temps:          0       0       0       0       0       0       0       0       0       0       0       0       0       0
      Totals:         0       0       0       0       0       0       0       0       0       0       0       0       0       0
Total ram usage:        0 bytes
 Hardware stack levels used:    1
 This function calls:
		Nothing
 This function is called by:
		_WireSend
		_WireOnInterrupt
 This function uses a non-reentrant model


 *************** function _memcpy *****************
 Defined at:
		line 13 in file "C:\Program Files (x86)\Microchip\xc8\v1.12\sources\memcpy.c"
 Parameters:    Size  Location     Type
  d1              2    0[COMRAM] PTR void 
		 -> wireSendB(108), wireSendA(108), 
  s1              2    2[COMRAM] PTR const void 
		 -> master@output(150), 
  n               2    4[COMRAM] unsigned int 
 Auto vars:     Size  Location     Type
  s               2    8[COMRAM] PTR const unsigned char 
		 -> master@output(150), 
  d               2    6[COMRAM] PTR unsigned char 
		 -> wireSendB(108), wireSendA(108), 
 Return value:  Size  Location     Type
                  2    wreg      PTR void 
 Registers used:
		wreg, fsr1l, fsr1h, fsr2l, fsr2h, status,2, status,0
 Tracked objects:
		On entry : 
		On exit  : 
		Unchanged: 
 Data sizes:     COMRAM   BANK0   BANK1   BANK2   BANK3   BANK4   BANK5   BANK6   BANK7   BANK8   BANK9  BANK10  BANK11  BANK12
      Params:         6       0       0       0       0       0       0       0       0       0       0       0       0       0
      Locals:         4       0       0       0       0       0       0       0       0       0       0       0       0       0
      Temps:          0       0       0       0       0       0       0       0       0       0       0       0       0       0
      Totals:        10       0       0       0       0       0       0       0       0       0       0       0       0       0
Total ram usage:       10 bytes
 Hardware stack levels used:    1
 This function calls:
		Nothing
 This function is called by:
		_WireSend
 This function uses a non-reentrant model


 *************** function ___awmod *****************
 Defined at:
		line 10 in file "C:\Program Files (x86)\Microchip\xc8\v1.12\sources\awmod.c"
 Parameters:    Size  Location     Type
  dividend        2    0[COMRAM] int 
  divisor         2    2[COMRAM] int 
 Auto vars:     Size  Location     Type
  sign            1    5[COMRAM] unsigned char 
  counter         1    4[COMRAM] unsigned char 
 Return value:  Size  Location     Type
                  2    0[COMRAM] int 
 Registers used:
		wreg, status,2, status,0
 Tracked objects:
		On entry : 
		On exit  : 
		Unchanged: 
 Data sizes:     COMRAM   BANK0   BANK1   BANK2   BANK3   BANK4   BANK5   BANK6   BANK7   BANK8   BANK9  BANK10  BANK11  BANK12
      Params:         4       0       0       0       0       0       0       0       0       0       0       0       0       0
      Locals:         2       0       0       0       0       0       0       0       0       0       0       0       0       0
      Temps:          0       0       0       0       0       0       0       0       0       0       0       0       0       0
      Totals:         6       0       0       0       0       0       0       0       0       0       0       0       0       0
Total ram usage:        6 bytes
 Hardware stack levels used:    1
 This function calls:
		Nothing
 This function is called by:
		_IntervalTick
 This function uses a non-reentrant model


 *************** function i2_AsyncBegin *****************
 Defined at:
		line 63 in file "async.c"
 Parameters:    Size  Location     Type
		None
 Auto vars:     Size  Location     Type
		None
 Return value:  Size  Location     Type
		None               void
 Registers used:
		None
 Tracked objects:
		On entry : 
		On exit  : 
		Unchanged: 
 Data sizes:     COMRAM   BANK0   BANK1   BANK2   BANK3   BANK4   BANK5   BANK6   BANK7   BANK8   BANK9  BANK10  BANK11  BANK12
      Params:         0       0       0       0       0       0       0       0       0       0       0       0       0       0
      Locals:         0       0       0       0       0       0       0       0       0       0       0       0       0       0
      Temps:          0       0       0       0       0       0       0       0       0       0       0       0       0       0
      Totals:         0       0       0       0       0       0       0       0       0       0       0       0       0       0
Total ram usage:        0 bytes
 Hardware stack levels used:    1
 This function calls:
		Nothing
 This function is called by:
		_AsyncTick
 This function uses a non-reentrant model



MODULE INFORMATION

Module		Function		Class		Link	Load	Size
string2.c
		_strcpy2       		CODE           	15A8	0000	74

string2.c estimated size: 74

async.c
		_AsyncTick     		CODE           	11F8	0000	142
		_AsyncBegin    		CODE           	172A	0000	18
		_Async         		CODE           	10AC	0000	178

async.c estimated size: 338

shared
		__stringdata   		SMALLCONST     	0D00	0000	74
		i2_AsyncBegin  		CODE           	173C	0000	18
		__initializatio		CODE           	1390	0000	120

shared estimated size: 212

C:\Program Files (x86)\Microchip\xc8\v1.12\sources\memcpy.c
		_memcpy        		CODE           	15F2	0000	68

C:\Program Files (x86)\Microchip\xc8\v1.12\sources\memcpy.c estimated size: 68

macaw.c
		_MacawBegin    		CODE           	174E	0000	4

macaw.c estimated size: 4

jspic.c
		_main          		CODE           	1696	0000	148

jspic.c estimated size: 148

main.c
		_onLoop        		CODE           	1752	0000	2
		_onSetup       		CODE           	16DA	0000	30
		_master        		CODE           	1636	0000	54
		_onFinishedI2C 		CODE           	16BA	0000	32

main.c estimated size: 118

interrupts.c
		_onInterrupt   		CODE           	0008	0000	5250

interrupts.c estimated size: 5250

serial.c
		_SerialWriteInt		CODE           	148A	0000	106
		_OnSerialInterr		CODE           	14F4	0000	94

serial.c estimated size: 200

C:\Program Files (x86)\Microchip\xc8\v1.12\sources\awmod.c
		___awmod       		CODE           	1286	0000	134

C:\Program Files (x86)\Microchip\xc8\v1.12\sources\awmod.c estimated size: 134

wireMaster.c
		_WireOnInterrup		CODE           	0EC6	0000	282
		_TryToHelp     		CODE           	1552	0000	86
		_WireSend      		CODE           	115E	0000	154
		_WireBegin     		CODE           	166C	0000	42

wireMaster.c estimated size: 564

superSimpleSerial.c
		_SuperSimpleSer		CODE           	16F8	0000	28

superSimpleSerial.c estimated size: 28

interval.c
		_SetInterval   		CODE           	130C	0000	132
		_OnIntervalInte		CODE           	1714	0000	22
		_IntervalTick  		CODE           	0FE0	0000	204

interval.c estimated size: 358

jwire.c
		_JWireOnInterru		CODE           	0D4C	0000	378

jwire.c estimated size: 378

